geometric-optimize called with the following command line:
k2_mu100_aforce_mmsurr.py run

                                        [91m())))))))))))))))/[0m                     
                                    [91m())))))))))))))))))))))))),[0m                
                                [91m*)))))))))))))))))))))))))))))))))[0m             
                        [94m#,[0m    [91m()))))))))/[0m                [91m.)))))))))),[0m          
                      [94m#%%%%,[0m  [91m())))))[0m                        [91m.))))))))*[0m        
                      [94m*%%%%%%,[0m  [91m))[0m              [93m..[0m              [91m,))))))).[0m      
                        [94m*%%%%%%,[0m         [93m***************/.[0m        [91m.)))))))[0m     
                [94m#%%/[0m      [94m(%%%%%%,[0m    [93m/*********************.[0m       [91m)))))))[0m    
              [94m.%%%%%%#[0m      [94m*%%%%%%,[0m  [93m*******/,[0m     [93m**********,[0m      [91m.))))))[0m   
                [94m.%%%%%%/[0m      [94m*%%%%%%,[0m  [93m**[0m              [93m********[0m      [91m.))))))[0m  
          [94m##[0m      [94m.%%%%%%/[0m      [94m(%%%%%%,[0m                  [93m,******[0m      [91m/)))))[0m  
        [94m%%%%%%[0m      [94m.%%%%%%#[0m      [94m*%%%%%%,[0m    [92m,/////.[0m       [93m******[0m      [91m))))))[0m 
      [94m#%[0m      [94m%%[0m      [94m.%%%%%%/[0m      [94m*%%%%%%,[0m  [92m////////,[0m      [93m*****/[0m     [91m,)))))[0m 
    [94m#%%[0m  [94m%%%[0m  [94m%%%#[0m      [94m.%%%%%%/[0m      [94m(%%%%%%,[0m  [92m///////.[0m     [93m/*****[0m      [91m))))).[0m
  [94m#%%%%.[0m      [94m%%%%%#[0m      [94m/%%%%%%*[0m      [94m#%%%%%%[0m   [92m/////)[0m     [93m******[0m      [91m))))),[0m
    [94m#%%%%##%[0m  [94m%%%#[0m      [94m.%%%%%%/[0m      [94m(%%%%%%,[0m  [92m///////.[0m     [93m/*****[0m      [91m))))).[0m
      [94m##[0m     [94m%%%[0m      [94m.%%%%%%/[0m      [94m*%%%%%%,[0m  [92m////////.[0m      [93m*****/[0m     [91m,)))))[0m 
        [94m#%%%%#[0m      [94m/%%%%%%/[0m      [94m(%%%%%%[0m      [92m/)/)//[0m       [93m******[0m      [91m))))))[0m 
          [94m##[0m      [94m.%%%%%%/[0m      [94m(%%%%%%,[0m                  [93m*******[0m      [91m))))))[0m  
                [94m.%%%%%%/[0m      [94m*%%%%%%,[0m  [93m**.[0m             [93m/*******[0m      [91m.))))))[0m  
              [94m*%%%%%%/[0m      [94m(%%%%%%[0m   [93m********/*..,*/*********[0m       [91m*))))))[0m   
                [94m#%%/[0m      [94m(%%%%%%,[0m    [93m*********************/[0m        [91m)))))))[0m    
                        [94m*%%%%%%,[0m         [93m,**************/[0m         [91m,))))))/[0m     
                      [94m(%%%%%%[0m   [91m()[0m                              [91m))))))))[0m       
                      [94m#%%%%,[0m  [91m())))))[0m                        [91m,)))))))),[0m        
                        [94m#,[0m    [91m())))))))))[0m                [91m,)))))))))).[0m          
                                 [91m()))))))))))))))))))))))))))))))/[0m             
                                    [91m())))))))))))))))))))))))).[0m                
                                         [91m())))))))))))))),[0m                     

-=# [1;94m geomeTRIC started. Version: 1.1.1 [0m #=-
Current date and time: 2026-07-27 21:30:18
#========================================================#
#| [92m    Arguments passed to driver run_optimizer():     [0m |#
#========================================================#
bothre                    0.0 
constraints               constraints.txt 
convergence_cmax          0.01 
convergence_dmax          0.015 
convergence_drms          0.01 
convergence_energy        1e-05 
convergence_gmax          0.006 
convergence_grms          0.003 
coordsys                  hdlc 
customengine              <ash.interfaces.interface_geometric_new.ASHengineclass object at 0x14e14097aa10> 
input                     dummyinputname 
irc                       False 
logIni                    /home/18660916/envs/ash/lib/python3.11/site-packages/ash/log.ini 
maxiter                   300 
prefix                    geometric_OPTtraj 
rigid                     False 
subfrctor                 1 
transition                False 
verbose                   0 
----------------------------------------------------------
Custom engine selected.
$freeze
xyz 25
xyz 26
xyz 27
xyz 28
xyz 29
xyz 30
xyz 31
xyz 32
xyz 33
xyz 34
xyz 35
xyz 36
xyz 37
xyz 38
Bonds will be generated from interatomic distances less than 1.20 times sum of covalent radii
114 internal coordinates being used (instead of 114 Cartesians)
Internal coordinate system (atoms numbered from 1):
Cartesian-X 25
Cartesian-Y 25
Cartesian-Z 25
Cartesian-X 26
Cartesian-Y 26
Cartesian-Z 26
Cartesian-X 27
Cartesian-Y 27
Cartesian-Z 27
Cartesian-X 28
Cartesian-Y 28
Cartesian-Z 28
Cartesian-X 29
Cartesian-Y 29
Cartesian-Z 29
Cartesian-X 30
Cartesian-Y 30
Cartesian-Z 30
Cartesian-X 31
Cartesian-Y 31
Cartesian-Z 31
Cartesian-X 32
Cartesian-Y 32
Cartesian-Z 32
Cartesian-X 33
Cartesian-Y 33
Cartesian-Z 33
Cartesian-X 34
Cartesian-Y 34
Cartesian-Z 34
Cartesian-X 35
Cartesian-Y 35
Cartesian-Z 35
Cartesian-X 36
Cartesian-Y 36
Cartesian-Z 36
Cartesian-X 37
Cartesian-Y 37
Cartesian-Z 37
Cartesian-X 38
Cartesian-Y 38
Cartesian-Z 38
Distance 1-2
Distance 1-3
Distance 1-4
Distance 4-5
Distance 4-8
Distance 5-6
Distance 5-7
Distance 8-9
Distance 9-10
Distance 9-11
Distance 9-18
Distance 11-12
Distance 11-13
Distance 13-14
Distance 13-22
Distance 14-15
Distance 14-16
Distance 16-17
Distance 16-18
Distance 18-19
Distance 18-20
Distance 20-21
Distance 22-23
Distance 22-24
Distance 25-26
Distance 25-27
Distance 25-28
Distance 25-29
Distance 25-30
Distance 25-31
Distance 25-32
Distance 25-33
Distance 25-34
Distance 26-27
Distance 26-28
Distance 27-31
Distance 28-33
Distance 29-30
Distance 29-31
Distance 30-34
Distance 32-33
Distance 32-34
Distance 35-36
Distance 35-37
Distance 35-38
Angle 2-1-4
Angle 3-1-4
Angle 1-4-8
Angle 5-4-8
Angle 4-5-7
Angle 6-5-7
Angle 4-8-9
Angle 8-9-10
Angle 8-9-11
Angle 8-9-18
Angle 10-9-11
Angle 10-9-18
Angle 11-9-18
Angle 9-11-13
Angle 12-11-13
Angle 11-13-22
Angle 14-13-22
Angle 13-14-16
Angle 15-14-16
Angle 14-16-18
Angle 17-16-18
Angle 9-18-16
Angle 9-18-19
Angle 9-18-20
Angle 16-18-19
Angle 16-18-20
Angle 19-18-20
Angle 18-20-21
Angle 13-22-24
Angle 23-22-24
Angle 27-25-34
Angle 28-25-30
Angle 30-25-33
Angle 31-25-33
Angle 33-25-34
Angle 25-26-28
Angle 27-26-28
Angle 25-27-31
Angle 26-27-31
Angle 25-28-33
Angle 26-28-33
Angle 25-29-31
Angle 30-29-31
Angle 25-30-34
Angle 29-30-34
Angle 25-31-29
Angle 27-31-29
Angle 25-32-34
Angle 33-32-34
Angle 25-33-32
Angle 28-33-32
Angle 25-34-32
Angle 30-34-32
Angle 36-35-38
Angle 37-35-38
Out-of-Plane 1-2-3-4
Out-of-Plane 4-1-5-8
Out-of-Plane 5-4-6-7
Out-of-Plane 11-9-12-13
Out-of-Plane 13-11-14-22
Out-of-Plane 14-13-15-16
Out-of-Plane 16-14-17-18
Out-of-Plane 22-13-23-24
Out-of-Plane 25-26-27-28
Out-of-Plane 25-26-27-29
Out-of-Plane 25-26-27-30
Out-of-Plane 25-26-27-31
Out-of-Plane 25-26-27-32
Out-of-Plane 25-26-27-33
Out-of-Plane 25-26-27-34
Out-of-Plane 25-26-28-29
Out-of-Plane 25-26-28-30
Out-of-Plane 25-26-28-31
Out-of-Plane 25-26-28-32
Out-of-Plane 25-26-28-33
Out-of-Plane 25-26-28-34
Out-of-Plane 25-26-29-30
Out-of-Plane 25-26-29-31
Out-of-Plane 25-26-29-32
Out-of-Plane 25-26-29-33
Out-of-Plane 25-26-29-34
Out-of-Plane 25-26-31-30
Out-of-Plane 25-26-32-30
Out-of-Plane 25-26-33-30
Out-of-Plane 25-30-34-26
Out-of-Plane 25-26-31-32
Out-of-Plane 25-26-31-33
Out-of-Plane 25-26-31-34
Out-of-Plane 25-26-32-33
Out-of-Plane 25-26-32-34
Out-of-Plane 25-26-33-34
Out-of-Plane 25-27-28-29
Out-of-Plane 25-27-28-30
Out-of-Plane 25-27-31-28
Out-of-Plane 25-27-28-32
Out-of-Plane 25-27-28-33
Out-of-Plane 25-27-28-34
Out-of-Plane 25-27-29-30
Out-of-Plane 25-27-31-29
Out-of-Plane 25-27-29-32
Out-of-Plane 25-27-29-33
Out-of-Plane 25-27-29-34
Out-of-Plane 25-27-31-30
Out-of-Plane 25-27-30-32
Out-of-Plane 25-27-30-33
Out-of-Plane 25-27-30-34
Out-of-Plane 25-27-31-32
Out-of-Plane 25-27-31-33
Out-of-Plane 25-27-31-34
Out-of-Plane 25-27-33-32
Out-of-Plane 25-32-34-27
Out-of-Plane 25-27-33-34
Out-of-Plane 25-29-30-28
Out-of-Plane 25-28-31-29
Out-of-Plane 25-28-32-29
Out-of-Plane 25-28-33-29
Out-of-Plane 25-28-34-29
Out-of-Plane 25-28-31-30
Out-of-Plane 25-28-32-30
Out-of-Plane 25-28-33-30
Out-of-Plane 25-28-34-30
Out-of-Plane 25-28-31-32
Out-of-Plane 25-28-33-31
Out-of-Plane 25-28-31-34
Out-of-Plane 25-28-33-32
Out-of-Plane 25-28-32-34
Out-of-Plane 25-28-33-34
Out-of-Plane 25-29-30-31
Out-of-Plane 25-29-30-32
Out-of-Plane 25-29-30-33
Out-of-Plane 25-29-30-34
Out-of-Plane 25-29-31-32
Out-of-Plane 25-29-31-33
Out-of-Plane 25-29-31-34
Out-of-Plane 25-29-32-33
Out-of-Plane 25-29-32-34
Out-of-Plane 25-29-34-33
Out-of-Plane 25-30-31-32
Out-of-Plane 25-30-31-33
Out-of-Plane 25-30-34-31
Out-of-Plane 25-30-32-33
Out-of-Plane 25-30-34-32
Out-of-Plane 25-30-34-33
Out-of-Plane 25-32-33-31
Out-of-Plane 25-31-34-32
Out-of-Plane 25-31-34-33
Out-of-Plane 25-32-33-34
Out-of-Plane 26-25-27-28
Out-of-Plane 27-25-26-31
Out-of-Plane 28-25-26-33
Out-of-Plane 29-25-30-31
Out-of-Plane 30-25-29-34
Out-of-Plane 31-25-27-29
Out-of-Plane 32-25-33-34
Out-of-Plane 33-25-28-32
Out-of-Plane 34-25-30-32
Out-of-Plane 35-36-37-38
Dihedral 2-1-4-5
Dihedral 2-1-4-8
Dihedral 3-1-4-5
Dihedral 3-1-4-8
Dihedral 1-4-5-6
Dihedral 1-4-5-7
Dihedral 8-4-5-6
Dihedral 8-4-5-7
Dihedral 1-4-8-9
Dihedral 5-4-8-9
Dihedral 4-8-9-10
Dihedral 4-8-9-11
Dihedral 4-8-9-18
Dihedral 8-9-11-12
Dihedral 8-9-11-13
Dihedral 10-9-11-12
Dihedral 10-9-11-13
Dihedral 18-9-11-12
Dihedral 18-9-11-13
Dihedral 8-9-18-16
Dihedral 8-9-18-19
Dihedral 8-9-18-20
Dihedral 10-9-18-16
Dihedral 10-9-18-19
Dihedral 10-9-18-20
Dihedral 11-9-18-16
Dihedral 11-9-18-19
Dihedral 11-9-18-20
Dihedral 9-11-13-14
Dihedral 9-11-13-22
Dihedral 12-11-13-14
Dihedral 12-11-13-22
Dihedral 11-13-14-15
Dihedral 11-13-14-16
Dihedral 22-13-14-15
Dihedral 22-13-14-16
Dihedral 11-13-22-23
Dihedral 11-13-22-24
Dihedral 14-13-22-23
Dihedral 14-13-22-24
Dihedral 13-14-16-17
Dihedral 13-14-16-18
Dihedral 15-14-16-17
Dihedral 15-14-16-18
Dihedral 14-16-18-9
Dihedral 14-16-18-19
Dihedral 14-16-18-20
Dihedral 17-16-18-9
Dihedral 17-16-18-19
Dihedral 17-16-18-20
Dihedral 9-18-20-21
Dihedral 16-18-20-21
Dihedral 19-18-20-21
Dihedral 29-30-34-32
Dihedral 27-25-34-32
Dihedral 28-25-34-32
Dihedral 29-25-34-32
Dihedral 31-25-34-32
Dihedral 33-25-34-32
Dihedral 27-26-34-32
Dihedral 28-26-34-32
Dihedral 27-25-30-29
Dihedral 28-25-30-29
Dihedral 31-25-30-29
Dihedral 32-25-30-29
Dihedral 33-25-30-29
Dihedral 27-26-30-29
Dihedral 28-26-30-29
Dihedral 27-25-26-28
Dihedral 28-25-26-27
Dihedral 29-25-26-27
Dihedral 29-25-26-28
Dihedral 31-25-26-27
Dihedral 31-25-26-28
Dihedral 32-25-26-27
Dihedral 32-25-26-28
Dihedral 33-25-26-27
Dihedral 33-25-26-28
Dihedral 26-25-32-33
Dihedral 26-25-32-34
Dihedral 28-25-32-33
Dihedral 28-25-32-34
Dihedral 29-25-32-33
Dihedral 29-25-32-34
Dihedral 30-25-32-33
Dihedral 30-25-32-34
Dihedral 33-25-32-34
Dihedral 34-25-32-33
Dihedral 26-27-32-33
Dihedral 26-27-32-34
Dihedral 31-27-32-33
Dihedral 31-27-32-34
Dihedral 26-25-27-31
Dihedral 28-25-27-26
Dihedral 28-25-27-31
Dihedral 29-25-27-26
Dihedral 29-25-27-31
Dihedral 30-25-27-26
Dihedral 30-25-27-31
Dihedral 31-25-27-26
Dihedral 33-25-27-26
Dihedral 33-25-27-31
Dihedral 34-25-27-26
Dihedral 34-25-27-31
Dihedral 26-25-29-30
Dihedral 26-25-29-31
Dihedral 27-25-29-30
Dihedral 27-25-29-31
Dihedral 30-25-29-31
Dihedral 31-25-29-30
Dihedral 32-25-29-30
Dihedral 32-25-29-31
Dihedral 34-25-29-30
Dihedral 34-25-29-31
Dihedral 26-28-29-30
Dihedral 26-28-29-31
Dihedral 33-28-29-30
Dihedral 33-28-29-31
Dihedral 26-25-28-33
Dihedral 27-25-28-26
Dihedral 27-25-28-33
Dihedral 30-25-28-26
Dihedral 30-25-28-33
Dihedral 31-25-28-26
Dihedral 31-25-28-33
Dihedral 32-25-28-26
Dihedral 32-25-28-33
Dihedral 33-25-28-26
Dihedral 34-25-28-26
Dihedral 34-25-28-33
Dihedral 26-28-33-32
Dihedral 26-25-33-32
Dihedral 27-25-33-32
Dihedral 30-25-33-32
Dihedral 31-25-33-32
Dihedral 34-25-33-32
Dihedral 30-29-33-32
Dihedral 31-29-33-32
Dihedral 27-26-30-34
Dihedral 28-26-30-34
Dihedral 27-25-30-34
Dihedral 28-25-30-34
Dihedral 29-25-30-34
Dihedral 31-25-30-34
Dihedral 32-25-30-34
Dihedral 33-25-30-34
Dihedral 34-25-30-29
Dihedral 27-31-32-33
Dihedral 27-31-32-34
Dihedral 29-31-32-33
Dihedral 29-31-32-34
Dihedral 26-25-31-27
Dihedral 26-25-31-29
Dihedral 27-25-31-29
Dihedral 28-25-31-27
Dihedral 28-25-31-29
Dihedral 29-25-31-27
Dihedral 30-25-31-27
Dihedral 30-25-31-29
Dihedral 33-25-31-27
Dihedral 33-25-31-29
Dihedral 34-25-31-27
Dihedral 34-25-31-29
Dihedral 26-27-31-29
Dihedral 30-29-33-28
Dihedral 31-29-33-28
Dihedral 26-25-33-28
Dihedral 27-25-33-28
Dihedral 28-25-33-32
Dihedral 30-25-33-28
Dihedral 31-25-33-28
Dihedral 32-25-33-28
Dihedral 34-25-33-28
Dihedral 27-26-34-30
Dihedral 28-26-34-30
Dihedral 27-25-34-30
Dihedral 28-25-34-30
Dihedral 29-25-34-30
Dihedral 30-25-34-32
Dihedral 31-25-34-30
Dihedral 32-25-34-30
Dihedral 33-25-34-30
Dihedral 25-26-27-31
Dihedral 28-26-27-25
Dihedral 28-26-27-31
Dihedral 25-26-28-33
Dihedral 27-26-28-25
Dihedral 27-26-28-33
Dihedral 25-27-31-29
Dihedral 26-27-31-25
Dihedral 25-28-33-32
Dihedral 26-28-33-25
Dihedral 25-29-30-34
Dihedral 31-29-30-25
Dihedral 31-29-30-34
Dihedral 25-29-31-27
Dihedral 30-29-31-25
Dihedral 30-29-31-27
Dihedral 25-30-34-32
Dihedral 29-30-34-25
Dihedral 25-32-33-28
Dihedral 34-32-33-25
Dihedral 34-32-33-28
Dihedral 25-32-34-30
Dihedral 33-32-34-25
Dihedral 33-32-34-30
Cartesian-X 1
Cartesian-X 2
Cartesian-X 3
Cartesian-X 4
Cartesian-X 5
Cartesian-X 6
Cartesian-X 7
Cartesian-X 8
Cartesian-X 9
Cartesian-X 10
Cartesian-X 11
Cartesian-X 12
Cartesian-X 13
Cartesian-X 14
Cartesian-X 15
Cartesian-X 16
Cartesian-X 17
Cartesian-X 18
Cartesian-X 19
Cartesian-X 20
Cartesian-X 21
Cartesian-X 22
Cartesian-X 23
Cartesian-X 24
Cartesian-Y 1
Cartesian-Y 2
Cartesian-Y 3
Cartesian-Y 4
Cartesian-Y 5
Cartesian-Y 6
Cartesian-Y 7
Cartesian-Y 8
Cartesian-Y 9
Cartesian-Y 10
Cartesian-Y 11
Cartesian-Y 12
Cartesian-Y 13
Cartesian-Y 14
Cartesian-Y 15
Cartesian-Y 16
Cartesian-Y 17
Cartesian-Y 18
Cartesian-Y 19
Cartesian-Y 20
Cartesian-Y 21
Cartesian-Y 22
Cartesian-Y 23
Cartesian-Y 24
Cartesian-Z 1
Cartesian-Z 2
Cartesian-Z 3
Cartesian-Z 4
Cartesian-Z 5
Cartesian-Z 6
Cartesian-Z 7
Cartesian-Z 8
Cartesian-Z 9
Cartesian-Z 10
Cartesian-Z 11
Cartesian-Z 12
Cartesian-Z 13
Cartesian-Z 14
Cartesian-Z 15
Cartesian-Z 16
Cartesian-Z 17
Cartesian-Z 18
Cartesian-Z 19
Cartesian-Z 20
Cartesian-Z 21
Cartesian-Z 22
Cartesian-Z 23
Cartesian-Z 24
<class 'geometric.internal.CartesianX'> : 38
<class 'geometric.internal.CartesianY'> : 38
<class 'geometric.internal.CartesianZ'> : 38
<class 'geometric.internal.Distance'> : 45
<class 'geometric.internal.Angle'> : 55
<class 'geometric.internal.OutOfPlane'> : 102
<class 'geometric.internal.Dihedral'> : 206
Constraint                         Current      Target       Diff.
Cartesian-X 25                    57.49940    57.49940     0.00000
Cartesian-Y 25                    32.31300    32.31300     0.00000
Cartesian-Z 25                    60.99950    60.99950     0.00000
Cartesian-X 26                    57.64998    57.64998     0.00000
Cartesian-Y 26                    32.69822    32.69822     0.00000
Cartesian-Z 26                    59.73545    59.73545     0.00000
Cartesian-X 27                    57.33946    57.33946     0.00000
Cartesian-Y 27                    33.36072    33.36072     0.00000
Cartesian-Z 27                    60.43170    60.43170     0.00000
Cartesian-X 28                    57.84615    57.84615     0.00000
Cartesian-Y 28                    31.74318    31.74318     0.00000
Cartesian-Z 28                    59.99911    59.99911     0.00000
Cartesian-X 29                    57.09050    57.09050     0.00000
Cartesian-Y 29                    33.18540    33.18540     0.00000
Cartesian-Z 29                    61.91635    61.91635     0.00000
Cartesian-X 30                    57.28667    57.28667     0.00000
Cartesian-Y 30                    32.23037    32.23037     0.00000
Cartesian-Z 30                    62.18002    62.18002     0.00000
Cartesian-X 31                    57.20485    57.20485     0.00000
Cartesian-Y 31                    33.47794    33.47794     0.00000
Cartesian-Z 31                    60.95643    60.95643     0.00000
Cartesian-X 32                    57.75772    57.75772     0.00000
Cartesian-Y 32                    31.05538    31.05538     0.00000
Cartesian-Z 32                    61.34670    61.34670     0.00000
Cartesian-X 33                    57.87207    57.87207     0.00000
Cartesian-Y 33                    31.34791    31.34791     0.00000
Cartesian-Z 33                    60.38678    60.38678     0.00000
Cartesian-X 34                    57.44720    57.44720     0.00000
Cartesian-Y 34                    31.71788    31.71788     0.00000
Cartesian-Z 34                    62.04296    62.04296     0.00000
Cartesian-X 35                    64.30860    64.30860     0.00000
Cartesian-Y 35                    30.09970    30.09970     0.00000
Cartesian-Z 35                    52.53550    52.53550     0.00000
Cartesian-X 36                    65.49242    65.49242     0.00000
Cartesian-Y 36                    30.16148    30.16148     0.00000
Cartesian-Z 36                    52.13896    52.13896     0.00000
Cartesian-X 37                    63.59732    63.59732     0.00000
Cartesian-Y 37                    29.07232    29.07232     0.00000
Cartesian-Z 37                    52.56806    52.56806     0.00000
Cartesian-X 38                    63.85062    63.85062     0.00000
Cartesian-Y 38                    31.03555    31.03555     0.00000
Cartesian-Z 38                    52.88826    52.88826     0.00000
> ===== Optimization Info: ====
> Job type: Energy minimization
> Maximum number of optimization cycles: 300
> Initial / maximum trust radius (Angstrom): 0.100 / 0.300
> Convergence Criteria:
> Will converge when all 5 criteria are reached:
>  |Delta-E| < 1.00e-05
>  RMS-Ortho-Grad < 3.00e-03
>  Max-Ortho-Grad < 6.00e-03
>  RMS-Disp  < 1.00e-02
>  Max-Disp  < 1.50e-02
> 
> Constraints are requested. The following criterion is added:
>  Max Constraint Violation (in Angstroms/degrees) < 1.00e-02 
> === End Optimization Info ===
Step    0 : Gradient = 9.117e-03/3.006e-02 (rms/max) Energy = -837.1267450471
Hessian Eigenvalues: 2.63687e-02 2.65613e-02 2.69101e-02 ... 5.73421e-01 5.74709e-01 5.78010e-01
Step    1 : Displace = [0m2.398e-02[0m/[0m7.313e-02[0m (rms/max) Trust = 1.000e-01 (=) Grad_T = [0m3.990e-03[0m/[0m1.320e-02[0m (rms/max) E (change) = -837.1318657600 ([0m-5.121e-03[0m) Quality = [0m1.006[0m
Hessian Eigenvalues: 2.53223e-02 2.63687e-02 2.65613e-02 ... 5.68352e-01 5.74155e-01 5.78012e-01
Step    2 : Displace = [0m1.974e-02[0m/[0m5.092e-02[0m (rms/max) Trust = 1.414e-01 ([92m+[0m) Grad_T = [92m2.089e-03[0m/[92m5.693e-03[0m (rms/max) E (change) = -837.1340797315 ([0m-2.214e-03[0m) Quality = [0m1.315[0m
Hessian Eigenvalues: 1.31425e-02 2.63687e-02 2.65613e-02 ... 5.73919e-01 5.77989e-01 5.79432e-01
Step    3 : Displace = [0m2.891e-02[0m/[0m8.571e-02[0m (rms/max) Trust = 2.000e-01 ([92m+[0m) Grad_T = [92m2.689e-03[0m/[0m8.933e-03[0m (rms/max) E (change) = -837.1359779571 ([0m-1.898e-03[0m) Quality = [0m1.489[0m
Hessian Eigenvalues: 5.55767e-03 2.63687e-02 2.65613e-02 ... 5.74488e-01 5.77999e-01 5.85886e-01
Step    4 : Displace = [0m5.397e-02[0m/[0m1.704e-01[0m (rms/max) Trust = 2.828e-01 ([92m+[0m) Grad_T = [0m3.866e-03[0m/[0m1.333e-02[0m (rms/max) E (change) = -837.1383167396 ([0m-2.339e-03[0m) Quality = [0m1.347[0m
Hessian Eigenvalues: 3.34775e-03 2.63687e-02 2.65613e-02 ... 5.77815e-01 5.78473e-01 5.83286e-01
Step    5 : Displace = [0m5.653e-02[0m/[0m1.792e-01[0m (rms/max) Trust = 3.000e-01 ([92m+[0m) Grad_T = [0m3.843e-03[0m/[0m1.294e-02[0m (rms/max) E (change) = -837.1405824506 ([0m-2.266e-03[0m) Quality = [0m1.498[0m
Hessian Eigenvalues: 2.23883e-03 2.56833e-02 2.63687e-02 ... 5.71693e-01 5.78067e-01 5.92547e-01
Step    6 : Displace = [0m8.272e-02[0m/[0m2.438e-01[0m (rms/max) Trust = 3.000e-01 (=) Grad_T = [0m4.383e-03[0m/[0m1.908e-02[0m (rms/max) E (change) = -837.1438761129 ([0m-3.294e-03[0m) Quality = [0m1.389[0m
Hessian Eigenvalues: 2.00343e-03 2.01651e-02 2.63687e-02 ... 5.69138e-01 5.78054e-01 6.00437e-01
Step    7 : Displace = [0m7.548e-02[0m/[0m1.794e-01[0m (rms/max) Trust = 3.000e-01 (=) Grad_T = [0m4.207e-03[0m/[0m1.292e-02[0m (rms/max) E (change) = -837.1477158594 ([0m-3.840e-03[0m) Quality = [0m1.437[0m
Hessian Eigenvalues: 1.17293e-03 1.91449e-02 2.63687e-02 ... 5.78049e-01 5.84103e-01 5.89607e-01
Step    8 : Displace = [0m1.308e-01[0m/[0m3.257e-01[0m (rms/max) Trust = 3.000e-01 (=) Grad_T = [0m6.895e-03[0m/[0m2.067e-02[0m (rms/max) E (change) = -837.1511307001 ([0m-3.415e-03[0m) Quality = [0m1.157[0m
Hessian Eigenvalues: 1.20968e-03 1.43183e-02 2.63686e-02 ... 5.77999e-01 5.80033e-01 5.89146e-01
Step    9 : Displace = [0m1.190e-01[0m/[0m3.151e-01[0m (rms/max) Trust = 3.000e-01 (=) Grad_T = [0m7.576e-03[0m/[0m2.600e-02[0m (rms/max) E (change) = -837.1560492587 ([0m-4.919e-03[0m) Quality = [0m1.015[0m
Hessian Eigenvalues: 8.07642e-04 1.63775e-02 2.63685e-02 ... 5.78028e-01 5.78682e-01 6.53467e-01
Step   10 : Displace = [0m1.496e-01[0m/[0m4.162e-01[0m (rms/max) Trust = 3.000e-01 (=) Grad_T = [0m8.203e-03[0m/[0m2.842e-02[0m (rms/max) E (change) = -837.1621806041 ([0m-6.131e-03[0m) Quality = [0m1.459[0m
Hessian Eigenvalues: 7.98178e-04 1.41157e-02 2.36594e-02 ... 5.78025e-01 5.89180e-01 7.08994e-01
Step   11 : Displace = [0m2.434e-01[0m/[0m7.548e-01[0m (rms/max) Trust = 3.000e-01 (=) Grad_T = [0m1.830e-02[0m/[0m5.988e-02[0m (rms/max) E (change) = -837.1690143386 ([0m-6.834e-03[0m) Quality = [0m0.572[0m
Hessian Eigenvalues: 1.57590e-03 1.03136e-02 2.29442e-02 ... 5.78020e-01 5.93626e-01 7.46166e-01
Step   12 : Displace = [0m1.445e-01[0m/[0m4.174e-01[0m (rms/max) Trust = 3.000e-01 (=) Grad_T = [0m1.792e-02[0m/[0m6.250e-02[0m (rms/max) E (change) = -837.1718376465 ([0m-2.823e-03[0m) Quality = [0m0.179[0m
Hessian Eigenvalues: 2.39252e-03 1.58292e-02 2.26465e-02 ... 5.69318e-01 5.78025e-01 7.31908e-01
Step   13 : Displace = [0m6.868e-02[0m/[0m1.985e-01[0m (rms/max) Trust = 7.224e-02 ([91m-[0m) Grad_T = [0m1.191e-02[0m/[0m4.710e-02[0m (rms/max) E (change) = -837.1860347982 ([0m-1.420e-02[0m) Quality = [0m0.772[0m
Hessian Eigenvalues: 2.24605e-03 1.75715e-02 2.25737e-02 ... 5.68177e-01 5.78018e-01 7.40137e-01
Step   14 : Displace = [0m1.016e-01[0m/[0m3.302e-01[0m (rms/max) Trust = 1.022e-01 ([92m+[0m) Grad_T = [0m7.370e-03[0m/[0m2.339e-02[0m (rms/max) E (change) = -837.1965071612 ([0m-1.047e-02[0m) Quality = [0m1.151[0m
Hessian Eigenvalues: 2.79986e-03 1.76641e-02 1.93156e-02 ... 5.65931e-01 5.78018e-01 7.23245e-01
Step   15 : Displace = [0m4.834e-02[0m/[0m1.499e-01[0m (rms/max) Trust = 1.445e-01 ([92m+[0m) Grad_T = [0m1.046e-02[0m/[0m3.861e-02[0m (rms/max) E (change) = -837.2020353536 ([0m-5.528e-03[0m) Quality = [0m0.804[0m
Hessian Eigenvalues: 2.37423e-03 1.25109e-02 1.91639e-02 ... 5.65788e-01 5.78019e-01 7.79182e-01
Step   16 : Displace = [0m1.099e-01[0m/[0m2.981e-01[0m (rms/max) Trust = 2.043e-01 ([92m+[0m) Grad_T = [0m1.090e-02[0m/[0m3.281e-02[0m (rms/max) E (change) = -837.2059637280 ([0m-3.928e-03[0m) Quality = [0m0.506[0m
Hessian Eigenvalues: 3.69258e-03 9.71479e-03 1.93149e-02 ... 5.66137e-01 5.78020e-01 7.31619e-01
Step   17 : Displace = [0m6.160e-02[0m/[0m1.749e-01[0m (rms/max) Trust = 2.043e-01 (=) Grad_T = [0m5.618e-03[0m/[0m1.975e-02[0m (rms/max) E (change) = -837.2140564324 ([0m-8.093e-03[0m) Quality = [0m0.873[0m
Hessian Eigenvalues: 4.39864e-03 9.60684e-03 1.96693e-02 ... 5.66869e-01 5.78020e-01 7.43844e-01
Step   18 : Displace = [0m4.844e-02[0m/[0m1.381e-01[0m (rms/max) Trust = 2.889e-01 ([92m+[0m) Grad_T = [0m5.565e-03[0m/[0m1.794e-02[0m (rms/max) E (change) = -837.2176760475 ([0m-3.620e-03[0m) Quality = [0m0.919[0m
Hessian Eigenvalues: 3.52330e-03 8.96401e-03 1.86913e-02 ... 5.78020e-01 5.99049e-01 7.39302e-01
Step   19 : Displace = [0m4.987e-02[0m/[0m1.435e-01[0m (rms/max) Trust = 3.000e-01 ([92m+[0m) Grad_T = [0m5.398e-03[0m/[0m1.313e-02[0m (rms/max) E (change) = -837.2215376742 ([0m-3.862e-03[0m) Quality = [0m1.256[0m
Hessian Eigenvalues: 1.87706e-03 9.09299e-03 1.82381e-02 ... 5.78020e-01 5.95484e-01 7.38898e-01
Step   20 : Displace = [0m1.202e-01[0m/[0m3.926e-01[0m (rms/max) Trust = 3.000e-01 (=) Grad_T = [0m8.423e-03[0m/[0m2.582e-02[0m (rms/max) E (change) = -837.2232818545 ([0m-1.744e-03[0m) Quality = [0m0.359[0m
Hessian Eigenvalues: 1.84289e-03 9.14078e-03 1.75442e-02 ... 5.78017e-01 6.12167e-01 7.39871e-01
Step   21 : Displace = [0m6.648e-02[0m/[0m1.743e-01[0m (rms/max) Trust = 3.000e-01 (=) Grad_T = [0m1.069e-02[0m/[0m3.648e-02[0m (rms/max) E (change) = -837.2309503840 ([0m-7.669e-03[0m) Quality = [0m0.972[0m
Hessian Eigenvalues: 1.68229e-03 8.80715e-03 1.44736e-02 ... 5.78019e-01 6.06990e-01 7.39506e-01
Step   22 : Displace = [0m7.780e-02[0m/[0m1.693e-01[0m (rms/max) Trust = 3.000e-01 (=) Grad_T = [0m1.194e-02[0m/[0m3.287e-02[0m (rms/max) E (change) = -837.2361602493 ([0m-5.210e-03[0m) Quality = [0m0.677[0m
Hessian Eigenvalues: 1.34719e-03 1.02292e-02 1.36069e-02 ... 5.69025e-01 5.78024e-01 7.38552e-01
Step   23 : Displace = [0m1.095e-01[0m/[0m2.160e-01[0m (rms/max) Trust = 3.000e-01 (=) Grad_T = [0m6.622e-03[0m/[0m2.376e-02[0m (rms/max) E (change) = -837.2464555129 ([0m-1.030e-02[0m) Quality = [0m1.492[0m
Hessian Eigenvalues: 7.23720e-04 1.08360e-02 1.34470e-02 ... 5.73552e-01 5.78024e-01 7.38756e-01
Step   24 : Displace = [0m2.450e-01[0m/[0m5.270e-01[0m (rms/max) Trust = 3.000e-01 (=) Grad_T = [0m1.186e-02[0m/[0m3.422e-02[0m (rms/max) E (change) = -837.2526281218 ([0m-6.173e-03[0m) Quality = [0m0.727[0m
Hessian Eigenvalues: 9.65182e-04 1.04916e-02 1.32852e-02 ... 5.78020e-01 5.90383e-01 7.41796e-01
Step   25 : Displace = [0m4.305e-02[0m/[0m1.461e-01[0m (rms/max) Trust = 3.000e-01 (=) Grad_T = [0m7.429e-03[0m/[0m2.237e-02[0m (rms/max) E (change) = -837.2586441120 ([0m-6.016e-03[0m) Quality = [0m1.002[0m
Hessian Eigenvalues: 1.01495e-03 1.07448e-02 1.35042e-02 ... 5.78022e-01 6.26912e-01 7.71290e-01
Step   26 : Displace = [0m8.056e-02[0m/[0m1.736e-01[0m (rms/max) Trust = 3.000e-01 (=) Grad_T = [0m5.987e-03[0m/[0m1.815e-02[0m (rms/max) E (change) = -837.2641294973 ([0m-5.485e-03[0m) Quality = [0m1.235[0m
Hessian Eigenvalues: 7.03514e-04 1.07909e-02 1.35807e-02 ... 5.78027e-01 7.04464e-01 7.76437e-01
Step   27 : Displace = [0m1.595e-01[0m/[0m3.346e-01[0m (rms/max) Trust = 3.000e-01 (=) Grad_T = [0m7.275e-03[0m/[0m2.155e-02[0m (rms/max) E (change) = -837.2693984199 ([0m-5.269e-03[0m) Quality = [0m0.909[0m
Hessian Eigenvalues: 7.79626e-04 1.05645e-02 1.08024e-02 ... 5.78026e-01 6.94843e-01 7.79185e-01
Step   28 : Displace = [0m4.565e-02[0m/[0m1.137e-01[0m (rms/max) Trust = 3.000e-01 (=) Grad_T = [0m8.240e-03[0m/[0m2.889e-02[0m (rms/max) E (change) = -837.2708301060 ([0m-1.432e-03[0m) Quality = [0m0.362[0m
Hessian Eigenvalues: 7.85629e-04 8.80723e-03 1.30687e-02 ... 5.80677e-01 7.18074e-01 7.85534e-01
Step   29 : Displace = [0m3.993e-02[0m/[0m9.543e-02[0m (rms/max) Trust = 3.000e-01 (=) Grad_T = [0m5.335e-03[0m/[0m1.457e-02[0m (rms/max) E (change) = -837.2743116399 ([0m-3.482e-03[0m) Quality = [0m1.000[0m
Hessian Eigenvalues: 7.38985e-04 8.53102e-03 1.26029e-02 ... 5.80409e-01 6.96132e-01 7.84743e-01
Step   30 : Displace = [0m4.844e-02[0m/[0m1.285e-01[0m (rms/max) Trust = 3.000e-01 (=) Grad_T = [0m4.189e-03[0m/[0m1.245e-02[0m (rms/max) E (change) = -837.2762347206 ([0m-1.923e-03[0m) Quality = [0m1.069[0m
Hessian Eigenvalues: 9.96512e-04 5.89343e-03 1.36955e-02 ... 5.83953e-01 6.91340e-01 8.00824e-01
Step   31 : Displace = [0m4.514e-02[0m/[0m1.311e-01[0m (rms/max) Trust = 3.000e-01 (=) Grad_T = [0m6.801e-03[0m/[0m2.144e-02[0m (rms/max) E (change) = -837.2779836795 ([0m-1.749e-03[0m) Quality = [0m0.800[0m
Hessian Eigenvalues: 1.12323e-03 4.55599e-03 1.37188e-02 ... 6.31180e-01 7.02326e-01 7.98403e-01
Step   32 : Displace = [0m5.958e-02[0m/[0m1.886e-01[0m (rms/max) Trust = 3.000e-01 (=) Grad_T = [0m4.214e-03[0m/[0m1.174e-02[0m (rms/max) E (change) = -837.2802093191 ([0m-2.226e-03[0m) Quality = [0m1.142[0m
Hessian Eigenvalues: 1.54778e-03 3.81562e-03 1.37678e-02 ... 5.79991e-01 6.93881e-01 8.04780e-01
Step   33 : Displace = [0m3.561e-02[0m/[0m9.568e-02[0m (rms/max) Trust = 3.000e-01 (=) Grad_T = [0m4.278e-03[0m/[0m1.208e-02[0m (rms/max) E (change) = -837.2822748731 ([0m-2.066e-03[0m) Quality = [0m1.187[0m
Hessian Eigenvalues: 1.73254e-03 2.81707e-03 1.37716e-02 ... 6.90868e-01 6.95390e-01 8.60798e-01
Step   34 : Displace = [0m5.144e-02[0m/[0m1.071e-01[0m (rms/max) Trust = 3.000e-01 (=) Grad_T = [0m3.685e-03[0m/[0m1.322e-02[0m (rms/max) E (change) = -837.2843943092 ([0m-2.119e-03[0m) Quality = [0m1.384[0m
Hessian Eigenvalues: 1.71501e-03 2.47450e-03 1.30046e-02 ... 6.56005e-01 6.92499e-01 8.34589e-01
Step   35 : Displace = [0m4.877e-02[0m/[0m9.808e-02[0m (rms/max) Trust = 3.000e-01 (=) Grad_T = [0m3.926e-03[0m/[0m1.580e-02[0m (rms/max) E (change) = -837.2858781067 ([0m-1.484e-03[0m) Quality = [0m1.006[0m
Hessian Eigenvalues: 1.81894e-03 2.08300e-03 1.38435e-02 ... 6.46334e-01 7.31628e-01 8.28533e-01
Step   36 : Displace = [0m2.987e-02[0m/[0m5.465e-02[0m (rms/max) Trust = 3.000e-01 (=) Grad_T = [92m2.418e-03[0m/[92m5.655e-03[0m (rms/max) E (change) = -837.2866640095 ([0m-7.859e-04[0m) Quality = [0m1.120[0m
Hessian Eigenvalues: 1.81891e-03 2.40887e-03 1.25853e-02 ... 6.47418e-01 7.54790e-01 8.22990e-01
Step   37 : Displace = [0m1.742e-02[0m/[0m5.848e-02[0m (rms/max) Trust = 3.000e-01 (=) Grad_T = [92m1.945e-03[0m/[92m5.005e-03[0m (rms/max) E (change) = -837.2875388764 ([0m-8.749e-04[0m) Quality = [0m1.470[0m
Hessian Eigenvalues: 1.82265e-03 2.19667e-03 7.76048e-03 ... 6.60007e-01 7.52574e-01 8.37099e-01
Step   38 : Displace = [0m4.128e-02[0m/[0m1.014e-01[0m (rms/max) Trust = 3.000e-01 (=) Grad_T = [0m3.119e-03[0m/[0m9.693e-03[0m (rms/max) E (change) = -837.2885511753 ([0m-1.012e-03[0m) Quality = [0m1.229[0m
Hessian Eigenvalues: 1.81428e-03 1.95291e-03 6.18944e-03 ... 6.57617e-01 7.52035e-01 8.56016e-01
Step   39 : Displace = [0m2.559e-02[0m/[0m6.527e-02[0m (rms/max) Trust = 3.000e-01 (=) Grad_T = [92m2.903e-03[0m/[0m9.745e-03[0m (rms/max) E (change) = -837.2891894450 ([0m-6.383e-04[0m) Quality = [0m1.555[0m
Hessian Eigenvalues: 1.50054e-03 1.83873e-03 5.02877e-03 ... 6.37311e-01 7.43264e-01 8.07959e-01
Step   40 : Displace = [0m4.972e-02[0m/[0m1.200e-01[0m (rms/max) Trust = 3.000e-01 (=) Grad_T = [0m3.078e-03[0m/[0m1.183e-02[0m (rms/max) E (change) = -837.2902684202 ([0m-1.079e-03[0m) Quality = [0m1.357[0m
Hessian Eigenvalues: 1.16431e-03 1.85512e-03 5.08994e-03 ... 6.34976e-01 7.35281e-01 7.99365e-01
Step   41 : Displace = [0m4.827e-02[0m/[0m9.405e-02[0m (rms/max) Trust = 3.000e-01 (=) Grad_T = [0m3.649e-03[0m/[0m1.135e-02[0m (rms/max) E (change) = -837.2913473790 ([0m-1.079e-03[0m) Quality = [0m1.476[0m
Hessian Eigenvalues: 8.94454e-04 1.90001e-03 4.18877e-03 ... 6.38787e-01 7.28735e-01 7.93929e-01
Step   42 : Displace = [0m9.177e-02[0m/[0m2.721e-01[0m (rms/max) Trust = 3.000e-01 (=) Grad_T = [0m6.482e-03[0m/[0m2.478e-02[0m (rms/max) E (change) = -837.2931856973 ([0m-1.838e-03[0m) Quality = [0m1.179[0m
Hessian Eigenvalues: 7.19712e-04 1.90468e-03 5.07599e-03 ... 6.41890e-01 7.46716e-01 7.91806e-01
Step   43 : Displace = [0m8.779e-02[0m/[0m2.132e-01[0m (rms/max) Trust = 3.000e-01 (=) Grad_T = [0m6.100e-03[0m/[0m1.882e-02[0m (rms/max) E (change) = -837.2958685555 ([0m-2.683e-03[0m) Quality = [0m1.282[0m
Hessian Eigenvalues: 5.85968e-04 1.90342e-03 4.49519e-03 ... 6.47397e-01 6.60015e-01 7.96570e-01
Step   44 : Displace = [0m9.773e-02[0m/[0m2.933e-01[0m (rms/max) Trust = 3.000e-01 (=) Grad_T = [0m7.234e-03[0m/[0m2.473e-02[0m (rms/max) E (change) = -837.2983292246 ([0m-2.461e-03[0m) Quality = [0m1.046[0m
Hessian Eigenvalues: 9.95305e-04 1.91203e-03 3.64517e-03 ... 6.12235e-01 6.56745e-01 8.04455e-01
Step   45 : Displace = [0m6.457e-02[0m/[0m1.643e-01[0m (rms/max) Trust = 3.000e-01 (=) Grad_T = [0m1.361e-02[0m/[0m5.229e-02[0m (rms/max) E (change) = -837.2939134898 ([91m+4.416e-03[0m) Quality = [91m-1.009[0m
[93mRejecting step - quality is lower than -1.0[0m
Hessian Eigenvalues: 9.95305e-04 1.91203e-03 3.64517e-03 ... 6.12235e-01 6.56745e-01 8.04455e-01
Step   46 : Displace = [0m3.314e-02[0m/[0m8.999e-02[0m (rms/max) Trust = 3.228e-02 ([1;91mx[0m) Grad_T = [0m7.871e-03[0m/[0m2.754e-02[0m (rms/max) E (change) = -837.2989399669 ([0m-6.107e-04[0m) Quality = [0m0.158[0m
Hessian Eigenvalues: 9.92304e-04 1.99529e-03 4.28353e-03 ... 6.23207e-01 6.78171e-01 8.12979e-01
Step   47 : Displace = [0m1.499e-02[0m/[0m3.720e-02[0m (rms/max) Trust = 1.614e-02 ([91m-[0m) Grad_T = [92m2.449e-03[0m/[0m6.166e-03[0m (rms/max) E (change) = -837.3014599443 ([0m-2.520e-03[0m) Quality = [0m1.093[0m
Hessian Eigenvalues: 9.85325e-04 2.01028e-03 4.36683e-03 ... 6.09530e-01 7.03036e-01 8.21902e-01
Step   48 : Displace = [0m2.219e-02[0m/[0m5.523e-02[0m (rms/max) Trust = 2.283e-02 ([92m+[0m) Grad_T = [92m2.794e-03[0m/[0m7.743e-03[0m (rms/max) E (change) = -837.3025466431 ([0m-1.087e-03[0m) Quality = [0m1.088[0m
Hessian Eigenvalues: 9.04936e-04 1.97638e-03 4.21421e-03 ... 6.22956e-01 7.26642e-01 8.26746e-01
Step   49 : Displace = [0m3.174e-02[0m/[0m7.112e-02[0m (rms/max) Trust = 3.228e-02 ([92m+[0m) Grad_T = [0m3.205e-03[0m/[0m9.421e-03[0m (rms/max) E (change) = -837.3037934435 ([0m-1.247e-03[0m) Quality = [0m1.025[0m
Hessian Eigenvalues: 8.96201e-04 1.95068e-03 3.90458e-03 ... 6.27645e-01 7.05677e-01 8.30336e-01
Step   50 : Displace = [0m4.533e-02[0m/[0m1.141e-01[0m (rms/max) Trust = 4.566e-02 ([92m+[0m) Grad_T = [0m3.280e-03[0m/[0m1.347e-02[0m (rms/max) E (change) = -837.3053095951 ([0m-1.516e-03[0m) Quality = [0m1.184[0m
Hessian Eigenvalues: 8.03842e-04 1.81845e-03 3.63700e-03 ... 6.15175e-01 6.92063e-01 8.16108e-01
Step   51 : Displace = [0m6.376e-02[0m/[0m1.552e-01[0m (rms/max) Trust = 6.457e-02 ([92m+[0m) Grad_T = [92m2.172e-03[0m/[92m5.198e-03[0m (rms/max) E (change) = -837.3071221915 ([0m-1.813e-03[0m) Quality = [0m1.120[0m
Hessian Eigenvalues: 7.23107e-04 1.85141e-03 3.20229e-03 ... 6.14130e-01 7.55171e-01 8.24755e-01
Step   52 : Displace = [0m9.091e-02[0m/[0m2.500e-01[0m (rms/max) Trust = 9.131e-02 ([92m+[0m) Grad_T = [0m3.750e-03[0m/[0m1.494e-02[0m (rms/max) E (change) = -837.3083717679 ([0m-1.250e-03[0m) Quality = [0m0.851[0m
Hessian Eigenvalues: 8.35125e-04 1.66345e-03 3.17051e-03 ... 6.23855e-01 7.61501e-01 8.64132e-01
Step   53 : Displace = [0m7.373e-02[0m/[0m1.669e-01[0m (rms/max) Trust = 1.291e-01 ([92m+[0m) Grad_T = [0m5.807e-03[0m/[0m1.558e-02[0m (rms/max) E (change) = -837.3094944970 ([0m-1.123e-03[0m) Quality = [0m0.659[0m
Hessian Eigenvalues: 5.93484e-04 1.77872e-03 3.42222e-03 ... 6.29692e-01 8.09253e-01 9.85784e-01
Step   54 : Displace = [0m8.637e-02[0m/[0m1.770e-01[0m (rms/max) Trust = 1.291e-01 (=) Grad_T = [0m5.737e-03[0m/[0m1.252e-02[0m (rms/max) E (change) = -837.3086505585 ([91m+8.439e-04[0m) Quality = [91m-0.570[0m
Hessian Eigenvalues: 1.01099e-03 1.78226e-03 6.21893e-03 ... 6.24526e-01 7.69417e-01 8.99247e-01
Step   55 : Displace = [0m4.231e-02[0m/[0m1.038e-01[0m (rms/max) Trust = 4.319e-02 ([91m-[0m) Grad_T = [0m6.559e-03[0m/[0m2.159e-02[0m (rms/max) E (change) = -837.3112552753 ([0m-2.605e-03[0m) Quality = [0m0.713[0m
Hessian Eigenvalues: 1.01858e-03 1.78737e-03 8.24250e-03 ... 6.39156e-01 7.70893e-01 8.93240e-01
Step   56 : Displace = [0m2.216e-02[0m/[0m6.305e-02[0m (rms/max) Trust = 4.319e-02 (=) Grad_T = [0m4.322e-03[0m/[0m1.018e-02[0m (rms/max) E (change) = -837.3127457657 ([0m-1.490e-03[0m) Quality = [0m0.797[0m
Hessian Eigenvalues: 1.02217e-03 1.78132e-03 8.17336e-03 ... 6.39908e-01 8.39224e-01 9.61550e-01
Step   57 : Displace = [0m3.718e-02[0m/[0m7.867e-02[0m (rms/max) Trust = 6.107e-02 ([92m+[0m) Grad_T = [0m3.530e-03[0m/[0m1.257e-02[0m (rms/max) E (change) = -837.3145430272 ([0m-1.797e-03[0m) Quality = [0m1.612[0m
Hessian Eigenvalues: 5.82637e-04 1.76774e-03 6.23730e-03 ... 6.87909e-01 8.13842e-01 1.13111e+00
Step   58 : Displace = [0m8.726e-02[0m/[0m1.814e-01[0m (rms/max) Trust = 8.637e-02 ([92m+[0m) Grad_T = [0m4.772e-03[0m/[0m1.216e-02[0m (rms/max) E (change) = -837.3179061409 ([0m-3.363e-03[0m) Quality = [0m1.038[0m
Hessian Eigenvalues: 5.12883e-04 1.79232e-03 5.33665e-03 ... 6.53312e-01 8.40189e-01 1.23102e+00
Step   59 : Displace = [0m1.210e-01[0m/[0m2.822e-01[0m (rms/max) Trust = 1.221e-01 ([92m+[0m) Grad_T = [0m8.446e-03[0m/[0m2.807e-02[0m (rms/max) E (change) = -837.3198790356 ([0m-1.973e-03[0m) Quality = [0m0.640[0m
Hessian Eigenvalues: 1.12638e-03 1.91201e-03 3.64514e-03 ... 6.58719e-01 9.05781e-01 1.17750e+00
Step   60 : Displace = [0m7.993e-02[0m/[0m1.926e-01[0m (rms/max) Trust = 1.221e-01 (=) Grad_T = [0m9.567e-03[0m/[0m3.827e-02[0m (rms/max) E (change) = -837.3226284625 ([0m-2.749e-03[0m) Quality = [0m0.697[0m
Hessian Eigenvalues: 1.09572e-03 2.08962e-03 5.58003e-03 ... 6.57669e-01 7.98898e-01 1.21946e+00
Step   61 : Displace = [0m5.211e-02[0m/[0m1.256e-01[0m (rms/max) Trust = 1.221e-01 (=) Grad_T = [0m7.520e-03[0m/[0m2.853e-02[0m (rms/max) E (change) = -837.3261917806 ([0m-3.563e-03[0m) Quality = [0m0.884[0m
Hessian Eigenvalues: 1.00722e-03 2.08734e-03 5.58450e-03 ... 6.56273e-01 7.14756e-01 1.25080e+00
Step   62 : Displace = [0m5.450e-02[0m/[0m1.346e-01[0m (rms/max) Trust = 1.727e-01 ([92m+[0m) Grad_T = [0m4.608e-03[0m/[0m1.254e-02[0m (rms/max) E (change) = -837.3302158751 ([0m-4.024e-03[0m) Quality = [0m1.270[0m
Hessian Eigenvalues: 6.92860e-04 2.06032e-03 5.62090e-03 ... 6.71531e-01 7.12792e-01 1.30790e+00
Step   63 : Displace = [0m1.547e-01[0m/[0m3.477e-01[0m (rms/max) Trust = 2.443e-01 ([92m+[0m) Grad_T = [0m1.402e-02[0m/[0m4.879e-02[0m (rms/max) E (change) = -837.3263579654 ([91m+3.858e-03[0m) Quality = [91m-1.204[0m
[93mRejecting step - quality is lower than -1.0[0m
Hessian Eigenvalues: 6.92860e-04 2.06032e-03 5.62090e-03 ... 6.71531e-01 7.12792e-01 1.30790e+00
Step   64 : Displace = [0m7.708e-02[0m/[0m1.687e-01[0m (rms/max) Trust = 7.736e-02 ([1;91mx[0m) Grad_T = [0m6.331e-03[0m/[0m2.181e-02[0m (rms/max) E (change) = -837.3325657589 ([0m-2.350e-03[0m) Quality = [0m0.864[0m
Hessian Eigenvalues: 1.42053e-03 2.13107e-03 4.75839e-03 ... 6.67492e-01 7.54065e-01 1.17058e+00
Step   65 : Displace = [0m5.627e-02[0m/[0m1.552e-01[0m (rms/max) Trust = 1.094e-01 ([92m+[0m) Grad_T = [0m1.146e-02[0m/[0m3.919e-02[0m (rms/max) E (change) = -837.3305359910 ([91m+2.030e-03[0m) Quality = [91m-0.607[0m
Hessian Eigenvalues: 1.32343e-03 2.07879e-03 4.66887e-03 ... 6.57307e-01 7.68902e-01 1.27041e+00
Step   66 : Displace = [0m3.008e-02[0m/[0m7.056e-02[0m (rms/max) Trust = 2.813e-02 ([91m-[0m) Grad_T = [0m3.380e-03[0m/[0m7.222e-03[0m (rms/max) E (change) = -837.3352653743 ([0m-4.729e-03[0m) Quality = [0m0.972[0m
Hessian Eigenvalues: 1.36104e-03 2.07994e-03 4.66139e-03 ... 6.53128e-01 7.76666e-01 1.38998e+00
Step   67 : Displace = [0m1.898e-02[0m/[0m5.763e-02[0m (rms/max) Trust = 3.979e-02 ([92m+[0m) Grad_T = [0m3.021e-03[0m/[0m6.701e-03[0m (rms/max) E (change) = -837.3354872409 ([0m-2.219e-04[0m) Quality = [0m0.287[0m
Hessian Eigenvalues: 1.35967e-03 2.03854e-03 5.57066e-03 ... 6.52652e-01 7.89726e-01 1.55781e+00
Step   68 : Displace = [0m1.868e-02[0m/[0m4.125e-02[0m (rms/max) Trust = 3.979e-02 (=) Grad_T = [92m2.004e-03[0m/[92m5.777e-03[0m (rms/max) E (change) = -837.3362962430 ([0m-8.090e-04[0m) Quality = [0m1.243[0m
Hessian Eigenvalues: 1.25923e-03 2.16304e-03 5.11991e-03 ... 6.54838e-01 7.54139e-01 1.62824e+00
Step   69 : Displace = [0m2.504e-02[0m/[0m5.440e-02[0m (rms/max) Trust = 5.627e-02 ([92m+[0m) Grad_T = [92m2.272e-03[0m/[92m4.989e-03[0m (rms/max) E (change) = -837.3367018730 ([0m-4.056e-04[0m) Quality = [0m0.752[0m
Hessian Eigenvalues: 1.56042e-03 2.78434e-03 4.37729e-03 ... 6.56491e-01 7.65246e-01 1.69210e+00
Step   70 : Displace = [0m2.076e-02[0m/[0m4.913e-02[0m (rms/max) Trust = 7.958e-02 ([92m+[0m) Grad_T = [92m2.366e-03[0m/[92m4.252e-03[0m (rms/max) E (change) = -837.3372358363 ([0m-5.340e-04[0m) Quality = [0m0.993[0m
Hessian Eigenvalues: 1.58113e-03 3.44051e-03 4.63638e-03 ... 6.61991e-01 7.63070e-01 1.62581e+00
Step   71 : Displace = [0m2.671e-02[0m/[0m6.681e-02[0m (rms/max) Trust = 1.125e-01 ([92m+[0m) Grad_T = [92m2.033e-03[0m/[92m5.128e-03[0m (rms/max) E (change) = -837.3378558348 ([0m-6.200e-04[0m) Quality = [0m1.136[0m
Hessian Eigenvalues: 1.90202e-03 2.97140e-03 4.30267e-03 ... 6.67747e-01 7.63609e-01 1.62285e+00
Step   72 : Displace = [0m2.626e-02[0m/[0m8.083e-02[0m (rms/max) Trust = 1.592e-01 ([92m+[0m) Grad_T = [92m2.692e-03[0m/[0m7.120e-03[0m (rms/max) E (change) = -837.3384082673 ([0m-5.524e-04[0m) Quality = [0m1.070[0m
Hessian Eigenvalues: 1.35509e-03 3.01299e-03 4.09344e-03 ... 6.67930e-01 7.90906e-01 1.67873e+00
Step   73 : Displace = [0m4.607e-02[0m/[0m9.640e-02[0m (rms/max) Trust = 2.251e-01 ([92m+[0m) Grad_T = [92m2.749e-03[0m/[0m6.787e-03[0m (rms/max) E (change) = -837.3388958275 ([0m-4.876e-04[0m) Quality = [0m0.779[0m
Hessian Eigenvalues: 1.19610e-03 3.52406e-03 4.08966e-03 ... 6.66585e-01 8.67533e-01 1.70222e+00
Step   74 : Displace = [0m2.756e-02[0m/[0m8.747e-02[0m (rms/max) Trust = 3.000e-01 ([92m+[0m) Grad_T = [92m2.194e-03[0m/[92m5.588e-03[0m (rms/max) E (change) = -837.3395855483 ([0m-6.897e-04[0m) Quality = [0m1.120[0m
Hessian Eigenvalues: 1.03241e-03 3.67128e-03 4.02329e-03 ... 6.70361e-01 9.10485e-01 1.56951e+00
Step   75 : Displace = [0m2.768e-02[0m/[0m6.491e-02[0m (rms/max) Trust = 3.000e-01 (=) Grad_T = [92m1.763e-03[0m/[92m5.010e-03[0m (rms/max) E (change) = -837.3402626236 ([0m-6.771e-04[0m) Quality = [0m1.408[0m
Hessian Eigenvalues: 7.56085e-04 3.69521e-03 4.35460e-03 ... 6.68768e-01 9.08318e-01 1.61304e+00
Step   76 : Displace = [0m4.977e-02[0m/[0m1.082e-01[0m (rms/max) Trust = 3.000e-01 (=) Grad_T = [92m2.053e-03[0m/[92m4.406e-03[0m (rms/max) E (change) = -837.3409913374 ([0m-7.287e-04[0m) Quality = [0m1.228[0m
Hessian Eigenvalues: 6.01758e-04 3.81874e-03 4.34379e-03 ... 6.67069e-01 9.28787e-01 1.62449e+00
Step   77 : Displace = [0m4.638e-02[0m/[0m1.076e-01[0m (rms/max) Trust = 3.000e-01 (=) Grad_T = [92m2.132e-03[0m/[92m5.480e-03[0m (rms/max) E (change) = -837.3415945252 ([0m-6.032e-04[0m) Quality = [0m1.219[0m
Hessian Eigenvalues: 5.21043e-04 3.36696e-03 4.54148e-03 ... 6.65069e-01 9.26437e-01 1.60776e+00
Step   78 : Displace = [0m4.203e-02[0m/[0m9.183e-02[0m (rms/max) Trust = 3.000e-01 (=) Grad_T = [92m1.630e-03[0m/[92m3.600e-03[0m (rms/max) E (change) = -837.3423286033 ([0m-7.341e-04[0m) Quality = [0m1.408[0m
Hessian Eigenvalues: 3.71251e-04 2.97486e-03 4.87755e-03 ... 6.66780e-01 9.26213e-01 1.61775e+00
Step   79 : Displace = [0m7.490e-02[0m/[0m1.701e-01[0m (rms/max) Trust = 3.000e-01 (=) Grad_T = [92m2.298e-03[0m/[0m6.296e-03[0m (rms/max) E (change) = -837.3430234708 ([0m-6.949e-04[0m) Quality = [0m1.118[0m
Hessian Eigenvalues: 4.27537e-04 2.39911e-03 5.02791e-03 ... 6.67122e-01 9.27974e-01 1.62767e+00
Step   80 : Displace = [0m3.935e-02[0m/[0m7.211e-02[0m (rms/max) Trust = 3.000e-01 (=) Grad_T = [0m3.177e-03[0m/[0m7.803e-03[0m (rms/max) E (change) = -837.3434823569 ([0m-4.589e-04[0m) Quality = [0m0.709[0m
Hessian Eigenvalues: 3.50617e-04 2.69672e-03 5.22796e-03 ... 7.09258e-01 9.36324e-01 1.62742e+00
Step   81 : Displace = [0m4.938e-02[0m/[0m1.092e-01[0m (rms/max) Trust = 3.000e-01 (=) Grad_T = [92m2.430e-03[0m/[0m6.080e-03[0m (rms/max) E (change) = -837.3439869647 ([0m-5.046e-04[0m) Quality = [0m1.061[0m
Hessian Eigenvalues: 3.89557e-04 2.74406e-03 4.99867e-03 ... 7.25907e-01 9.32967e-01 1.60821e+00
Step   82 : Displace = [0m2.018e-02[0m/[0m3.680e-02[0m (rms/max) Trust = 3.000e-01 (=) Grad_T = [92m2.059e-03[0m/[0m6.022e-03[0m (rms/max) E (change) = -837.3444409180 ([0m-4.540e-04[0m) Quality = [0m0.992[0m
Hessian Eigenvalues: 3.72332e-04 2.51993e-03 5.19073e-03 ... 7.27174e-01 9.36986e-01 1.63941e+00
Step   83 : Displace = [0m2.290e-02[0m/[0m4.990e-02[0m (rms/max) Trust = 3.000e-01 (=) Grad_T = [92m1.207e-03[0m/[92m2.811e-03[0m (rms/max) E (change) = -837.3448202524 ([0m-3.793e-04[0m) Quality = [0m1.314[0m
Hessian Eigenvalues: 3.59538e-04 1.94618e-03 5.03742e-03 ... 7.26889e-01 9.34973e-01 1.64804e+00
Step   84 : Displace = [0m2.950e-02[0m/[0m7.219e-02[0m (rms/max) Trust = 3.000e-01 (=) Grad_T = [92m1.446e-03[0m/[92m4.230e-03[0m (rms/max) E (change) = -837.3450831368 ([0m-2.629e-04[0m) Quality = [0m1.184[0m
Hessian Eigenvalues: 3.26849e-04 1.48230e-03 4.50302e-03 ... 7.99796e-01 9.39321e-01 1.65218e+00
Step   85 : Displace = [0m3.148e-02[0m/[0m6.802e-02[0m (rms/max) Trust = 3.000e-01 (=) Grad_T = [92m1.296e-03[0m/[92m2.722e-03[0m (rms/max) E (change) = -837.3452687986 ([0m-1.857e-04[0m) Quality = [0m1.213[0m
Hessian Eigenvalues: 3.77525e-04 1.03365e-03 4.08857e-03 ... 7.57522e-01 9.42692e-01 1.70031e+00
Step   86 : Displace = [0m2.653e-02[0m/[0m6.006e-02[0m (rms/max) Trust = 3.000e-01 (=) Grad_T = [92m1.191e-03[0m/[92m3.157e-03[0m (rms/max) E (change) = -837.3454518264 ([0m-1.830e-04[0m) Quality = [0m1.248[0m
Hessian Eigenvalues: 3.71937e-04 9.13100e-04 3.63520e-03 ... 7.48026e-01 9.24022e-01 1.68724e+00
Step   87 : Displace = [0m2.140e-02[0m/[0m5.292e-02[0m (rms/max) Trust = 3.000e-01 (=) Grad_T = [92m1.131e-03[0m/[92m2.965e-03[0m (rms/max) E (change) = -837.3456067900 ([0m-1.550e-04[0m) Quality = [0m1.162[0m
Hessian Eigenvalues: 3.89844e-04 8.36847e-04 3.44988e-03 ... 7.42012e-01 9.18292e-01 1.68858e+00
Step   88 : Displace = [0m1.711e-02[0m/[0m3.507e-02[0m (rms/max) Trust = 3.000e-01 (=) Grad_T = [92m8.348e-04[0m/[92m2.402e-03[0m (rms/max) E (change) = -837.3457261804 ([0m-1.194e-04[0m) Quality = [0m1.322[0m
Hessian Eigenvalues: 4.29484e-04 8.35272e-04 3.29891e-03 ... 7.47545e-01 8.96905e-01 1.68978e+00
Step   89 : Displace = [92m8.805e-03[0m/[0m1.824e-02[0m (rms/max) Trust = 3.000e-01 (=) Grad_T = [92m7.590e-04[0m/[92m1.538e-03[0m (rms/max) E (change) = -837.3458281404 ([0m-1.020e-04[0m) Quality = [0m1.263[0m
Hessian Eigenvalues: 4.27686e-04 8.12453e-04 3.11398e-03 ... 7.47303e-01 8.87862e-01 1.69032e+00
Step   90 : Displace = [0m1.132e-02[0m/[0m2.672e-02[0m (rms/max) Trust = 3.000e-01 (=) Grad_T = [92m8.075e-04[0m/[92m1.835e-03[0m (rms/max) E (change) = -837.3459088441 ([0m-8.070e-05[0m) Quality = [0m1.253[0m
Hessian Eigenvalues: 4.89302e-04 8.01541e-04 2.93432e-03 ... 7.51495e-01 8.86301e-01 1.71821e+00
Step   91 : Displace = [0m1.253e-02[0m/[0m2.992e-02[0m (rms/max) Trust = 3.000e-01 (=) Grad_T = [92m9.047e-04[0m/[92m2.060e-03[0m (rms/max) E (change) = -837.3460281420 ([0m-1.193e-04[0m) Quality = [0m1.528[0m
Hessian Eigenvalues: 4.46023e-04 7.67950e-04 1.88960e-03 ... 7.50379e-01 8.93590e-01 1.76137e+00
Step   92 : Displace = [0m3.015e-02[0m/[0m7.512e-02[0m (rms/max) Trust = 3.000e-01 (=) Grad_T = [92m1.482e-03[0m/[92m3.989e-03[0m (rms/max) E (change) = -837.3462971895 ([0m-2.690e-04[0m) Quality = [0m1.487[0m
Hessian Eigenvalues: 3.05511e-04 7.33300e-04 1.38569e-03 ... 7.53433e-01 9.00481e-01 1.76024e+00
Step   93 : Displace = [0m5.919e-02[0m/[0m1.508e-01[0m (rms/max) Trust = 3.000e-01 (=) Grad_T = [92m2.413e-03[0m/[0m6.883e-03[0m (rms/max) E (change) = -837.3467088205 ([0m-4.116e-04[0m) Quality = [0m1.330[0m
Hessian Eigenvalues: 2.58261e-04 8.33167e-04 1.12256e-03 ... 7.66177e-01 9.31784e-01 1.81035e+00
Step   94 : Displace = [0m5.555e-02[0m/[0m1.531e-01[0m (rms/max) Trust = 3.000e-01 (=) Grad_T = [92m2.439e-03[0m/[0m6.525e-03[0m (rms/max) E (change) = -837.3472012590 ([0m-4.924e-04[0m) Quality = [0m1.238[0m
Hessian Eigenvalues: 1.75394e-04 8.35735e-04 1.76232e-03 ... 7.64517e-01 9.23221e-01 1.77004e+00
Step   95 : Displace = [0m1.040e-01[0m/[0m2.926e-01[0m (rms/max) Trust = 3.000e-01 (=) Grad_T = [0m5.251e-03[0m/[0m1.823e-02[0m (rms/max) E (change) = -837.3475661807 ([0m-3.649e-04[0m) Quality = [0m0.478[0m
Hessian Eigenvalues: 2.38405e-04 1.53478e-03 1.75984e-03 ... 7.81426e-01 1.05100e+00 1.75564e+00
Step   96 : Displace = [0m4.702e-02[0m/[0m1.040e-01[0m (rms/max) Trust = 3.000e-01 (=) Grad_T = [0m4.229e-03[0m/[0m8.818e-03[0m (rms/max) E (change) = -837.3487103623 ([0m-1.144e-03[0m) Quality = [0m0.585[0m
Hessian Eigenvalues: 2.15927e-04 1.54970e-03 1.72057e-03 ... 7.68338e-01 1.03121e+00 1.75908e+00
Step   97 : Displace = [0m9.910e-02[0m/[0m2.280e-01[0m (rms/max) Trust = 3.000e-01 (=) Grad_T = [0m4.711e-03[0m/[0m1.184e-02[0m (rms/max) E (change) = -837.3504820570 ([0m-1.772e-03[0m) Quality = [0m1.362[0m
Hessian Eigenvalues: 2.58981e-04 1.50297e-03 1.71450e-03 ... 7.72169e-01 1.07207e+00 1.77716e+00
Step   98 : Displace = [0m1.341e-01[0m/[0m3.826e-01[0m (rms/max) Trust = 3.000e-01 (=) Grad_T = [0m1.392e-02[0m/[0m7.094e-02[0m (rms/max) E (change) = -837.3411022925 ([91m+9.380e-03[0m) Quality = [91m-3.215[0m
[93mRejecting step - quality is lower than -1.0[0m
Hessian Eigenvalues: 2.58981e-04 1.50297e-03 1.71450e-03 ... 7.72169e-01 1.07207e+00 1.77716e+00
Step   99 : Displace = [0m7.160e-02[0m/[0m1.803e-01[0m (rms/max) Trust = 6.707e-02 ([1;91mx[0m) Grad_T = [0m6.378e-03[0m/[0m2.413e-02[0m (rms/max) E (change) = -837.3510142529 ([0m-5.322e-04[0m) Quality = [0m0.201[0m
Hessian Eigenvalues: 2.88993e-04 1.50298e-03 2.43192e-03 ... 7.62499e-01 1.08993e+00 1.77513e+00
Step  100 : Displace = [0m3.512e-02[0m/[0m1.505e-01[0m (rms/max) Trust = 3.353e-02 ([91m-[0m) Grad_T = [0m4.533e-03[0m/[0m1.429e-02[0m (rms/max) E (change) = -837.3528585152 ([0m-1.844e-03[0m) Quality = [0m0.584[0m
Hessian Eigenvalues: 3.27911e-04 1.52149e-03 2.55607e-03 ... 7.70040e-01 1.05941e+00 1.77279e+00
Step  101 : Displace = [0m3.655e-02[0m/[0m7.597e-02[0m (rms/max) Trust = 3.353e-02 (=) Grad_T = [0m4.611e-03[0m/[0m1.253e-02[0m (rms/max) E (change) = -837.3538192305 ([0m-9.607e-04[0m) Quality = [0m0.416[0m
Hessian Eigenvalues: 3.84400e-04 1.50776e-03 2.50962e-03 ... 7.64997e-01 1.06061e+00 1.77845e+00
Step  102 : Displace = [0m3.542e-02[0m/[0m8.257e-02[0m (rms/max) Trust = 3.353e-02 (=) Grad_T = [92m1.974e-03[0m/[92m5.049e-03[0m (rms/max) E (change) = -837.3553860281 ([0m-1.567e-03[0m) Quality = [0m1.301[0m
Hessian Eigenvalues: 4.12333e-04 1.48601e-03 2.07500e-03 ... 7.64804e-01 1.06085e+00 1.76946e+00
Step  103 : Displace = [0m4.833e-02[0m/[0m9.362e-02[0m (rms/max) Trust = 4.743e-02 ([92m+[0m) Grad_T = [92m2.558e-03[0m/[0m7.539e-03[0m (rms/max) E (change) = -837.3563329011 ([0m-9.469e-04[0m) Quality = [0m0.823[0m
Hessian Eigenvalues: 3.80709e-04 1.19990e-03 2.15956e-03 ... 7.66469e-01 1.06388e+00 1.78329e+00
Step  104 : Displace = [0m6.889e-02[0m/[0m1.423e-01[0m (rms/max) Trust = 6.707e-02 ([92m+[0m) Grad_T = [92m2.460e-03[0m/[0m7.848e-03[0m (rms/max) E (change) = -837.3568585685 ([0m-5.257e-04[0m) Quality = [0m0.622[0m
Hessian Eigenvalues: 6.10987e-04 1.21547e-03 2.41269e-03 ... 7.66683e-01 1.06916e+00 1.81979e+00
Step  105 : Displace = [0m4.400e-02[0m/[0m1.044e-01[0m (rms/max) Trust = 6.707e-02 (=) Grad_T = [0m3.964e-03[0m/[0m1.178e-02[0m (rms/max) E (change) = -837.3572257993 ([0m-3.672e-04[0m) Quality = [0m0.347[0m
Hessian Eigenvalues: 6.20051e-04 1.24981e-03 2.34554e-03 ... 7.67247e-01 1.09012e+00 1.80218e+00
Step  106 : Displace = [0m1.260e-02[0m/[0m3.249e-02[0m (rms/max) Trust = 6.707e-02 (=) Grad_T = [92m1.427e-03[0m/[92m4.137e-03[0m (rms/max) E (change) = -837.3578877059 ([0m-6.619e-04[0m) Quality = [0m0.969[0m
Hessian Eigenvalues: 6.18675e-04 1.26964e-03 2.34590e-03 ... 7.67464e-01 1.06471e+00 1.87331e+00
Step  107 : Displace = [0m1.905e-02[0m/[0m3.840e-02[0m (rms/max) Trust = 9.485e-02 ([92m+[0m) Grad_T = [92m1.017e-03[0m/[92m2.469e-03[0m (rms/max) E (change) = -837.3581594600 ([0m-2.718e-04[0m) Quality = [0m1.282[0m
Hessian Eigenvalues: 6.04506e-04 1.04566e-03 2.29671e-03 ... 7.64668e-01 1.08258e+00 1.87579e+00
Step  108 : Displace = [0m2.464e-02[0m/[0m4.746e-02[0m (rms/max) Trust = 1.341e-01 ([92m+[0m) Grad_T = [92m1.124e-03[0m/[92m3.685e-03[0m (rms/max) E (change) = -837.3584629997 ([0m-3.035e-04[0m) Quality = [0m1.616[0m
Hessian Eigenvalues: 6.03076e-04 8.29154e-04 2.21077e-03 ... 7.81867e-01 1.09682e+00 1.87592e+00
Step  109 : Displace = [0m5.055e-02[0m/[0m1.081e-01[0m (rms/max) Trust = 1.897e-01 ([92m+[0m) Grad_T = [92m1.704e-03[0m/[92m3.973e-03[0m (rms/max) E (change) = -837.3591045882 ([0m-6.416e-04[0m) Quality = [0m1.361[0m
Hessian Eigenvalues: 5.74759e-04 7.60021e-04 2.12397e-03 ... 7.78513e-01 1.09854e+00 1.87683e+00
Step  110 : Displace = [0m3.975e-02[0m/[0m7.727e-02[0m (rms/max) Trust = 2.683e-01 ([92m+[0m) Grad_T = [92m2.146e-03[0m/[92m5.039e-03[0m (rms/max) E (change) = -837.3597161614 ([0m-6.116e-04[0m) Quality = [0m1.524[0m
Hessian Eigenvalues: 5.19867e-04 6.87354e-04 2.06336e-03 ... 7.88450e-01 1.08170e+00 1.89425e+00
Step  111 : Displace = [0m5.746e-02[0m/[0m1.189e-01[0m (rms/max) Trust = 3.000e-01 ([92m+[0m) Grad_T = [92m2.508e-03[0m/[92m5.765e-03[0m (rms/max) E (change) = -837.3605990767 ([0m-8.829e-04[0m) Quality = [0m1.388[0m
Hessian Eigenvalues: 5.09531e-04 7.01335e-04 2.03670e-03 ... 7.66133e-01 1.07249e+00 1.90776e+00
Step  112 : Displace = [0m4.211e-02[0m/[0m8.348e-02[0m (rms/max) Trust = 3.000e-01 (=) Grad_T = [92m2.306e-03[0m/[0m6.335e-03[0m (rms/max) E (change) = -837.3615094236 ([0m-9.103e-04[0m) Quality = [0m1.427[0m
Hessian Eigenvalues: 4.15974e-04 6.66893e-04 2.09465e-03 ... 7.23468e-01 1.05834e+00 1.90864e+00
Step  113 : Displace = [0m6.733e-02[0m/[0m1.580e-01[0m (rms/max) Trust = 3.000e-01 (=) Grad_T = [92m2.890e-03[0m/[0m6.547e-03[0m (rms/max) E (change) = -837.3623581789 ([0m-8.488e-04[0m) Quality = [0m1.155[0m
Hessian Eigenvalues: 4.10209e-04 8.93389e-04 2.10167e-03 ... 7.22772e-01 1.06341e+00 1.92232e+00
Step  114 : Displace = [0m4.937e-02[0m/[0m1.155e-01[0m (rms/max) Trust = 3.000e-01 (=) Grad_T = [0m3.330e-03[0m/[0m8.132e-03[0m (rms/max) E (change) = -837.3631737723 ([0m-8.156e-04[0m) Quality = [0m0.806[0m
Hessian Eigenvalues: 2.92316e-04 9.13599e-04 2.13414e-03 ... 7.28432e-01 1.05229e+00 1.93071e+00
Step  115 : Displace = [0m9.168e-02[0m/[0m1.899e-01[0m (rms/max) Trust = 3.000e-01 (=) Grad_T = [0m3.005e-03[0m/[0m7.257e-03[0m (rms/max) E (change) = -837.3641567313 ([0m-9.830e-04[0m) Quality = [0m1.084[0m
Hessian Eigenvalues: 3.89915e-04 9.05740e-04 2.16627e-03 ... 7.40915e-01 1.05099e+00 2.11438e+00
Step  116 : Displace = [0m3.681e-02[0m/[0m9.900e-02[0m (rms/max) Trust = 3.000e-01 (=) Grad_T = [0m3.476e-03[0m/[0m1.014e-02[0m (rms/max) E (change) = -837.3651209667 ([0m-9.642e-04[0m) Quality = [0m0.914[0m
Hessian Eigenvalues: 3.51371e-04 8.67380e-04 2.24049e-03 ... 7.70910e-01 1.09193e+00 2.06326e+00
Step  117 : Displace = [0m6.186e-02[0m/[0m9.846e-02[0m (rms/max) Trust = 3.000e-01 (=) Grad_T = [0m4.498e-03[0m/[0m1.138e-02[0m (rms/max) E (change) = -837.3653615663 ([0m-2.406e-04[0m) Quality = [0m0.217[0m
Hessian Eigenvalues: 3.31864e-04 1.06763e-03 2.12511e-03 ... 8.64214e-01 1.13414e+00 2.74655e+00
Step  118 : Displace = [0m3.124e-02[0m/[0m7.958e-02[0m (rms/max) Trust = 3.093e-02 ([91m-[0m) Grad_T = [0m3.986e-03[0m/[0m1.513e-02[0m (rms/max) E (change) = -837.3661453994 ([0m-7.838e-04[0m) Quality = [0m0.514[0m
Hessian Eigenvalues: 3.25180e-04 1.09895e-03 2.12827e-03 ... 8.48142e-01 1.11499e+00 4.19933e+00
Step  119 : Displace = [0m3.382e-02[0m/[0m7.506e-02[0m (rms/max) Trust = 3.093e-02 (=) Grad_T = [0m3.669e-03[0m/[0m1.003e-02[0m (rms/max) E (change) = -837.3667565766 ([0m-6.112e-04[0m) Quality = [0m0.542[0m
Hessian Eigenvalues: 3.20561e-04 1.16262e-03 2.10728e-03 ... 8.61477e-01 1.17456e+00 4.16264e+00
Step  120 : Displace = [0m3.173e-02[0m/[0m4.963e-02[0m (rms/max) Trust = 3.093e-02 (=) Grad_T = [92m1.702e-03[0m/[92m3.880e-03[0m (rms/max) E (change) = -837.3674909046 ([0m-7.343e-04[0m) Quality = [0m1.172[0m
Hessian Eigenvalues: 2.87233e-04 1.27421e-03 1.98244e-03 ... 9.38504e-01 1.16764e+00 4.36926e+00
Step  121 : Displace = [0m4.456e-02[0m/[0m9.296e-02[0m (rms/max) Trust = 4.374e-02 ([92m+[0m) Grad_T = [92m1.817e-03[0m/[92m4.461e-03[0m (rms/max) E (change) = -837.3680858520 ([0m-5.949e-04[0m) Quality = [0m1.036[0m
Hessian Eigenvalues: 1.89411e-04 1.26856e-03 1.88768e-03 ... 9.90372e-01 1.20286e+00 4.58664e+00
Step  122 : Displace = [0m6.192e-02[0m/[0m1.200e-01[0m (rms/max) Trust = 6.186e-02 ([92m+[0m) Grad_T = [92m2.611e-03[0m/[0m7.663e-03[0m (rms/max) E (change) = -837.3688429793 ([0m-7.571e-04[0m) Quality = [0m1.179[0m
Hessian Eigenvalues: 1.67066e-04 1.23382e-03 1.93998e-03 ... 1.12234e+00 1.21536e+00 5.53877e+00
Step  123 : Displace = [0m8.674e-02[0m/[0m1.703e-01[0m (rms/max) Trust = 8.748e-02 ([92m+[0m) Grad_T = [0m3.240e-03[0m/[0m1.097e-02[0m (rms/max) E (change) = -837.3698699962 ([0m-1.027e-03[0m) Quality = [0m1.036[0m
Hessian Eigenvalues: 1.90450e-04 1.31871e-03 1.86455e-03 ... 1.12798e+00 1.25498e+00 5.53063e+00
Step  124 : Displace = [0m1.135e-01[0m/[0m2.784e-01[0m (rms/max) Trust = 1.237e-01 ([92m+[0m) Grad_T = [0m9.730e-03[0m/[0m2.599e-02[0m (rms/max) E (change) = -837.3675705856 ([91m+2.299e-03[0m) Quality = [91m-1.444[0m
[93mRejecting step - quality is lower than -1.0[0m
Hessian Eigenvalues: 1.90450e-04 1.31871e-03 1.86455e-03 ... 1.12798e+00 1.25498e+00 5.53063e+00
Step  125 : Displace = [0m6.126e-02[0m/[0m1.552e-01[0m (rms/max) Trust = 5.675e-02 ([1;91mx[0m) Grad_T = [0m8.167e-03[0m/[0m2.559e-02[0m (rms/max) E (change) = -837.3686344361 ([91m+1.236e-03[0m) Quality = [91m-0.847[0m
Hessian Eigenvalues: 1.84793e-04 1.33879e-03 2.01548e-03 ... 1.19439e+00 1.41830e+00 7.24553e+00
Step  126 : Displace = [0m2.933e-02[0m/[0m5.821e-02[0m (rms/max) Trust = 2.838e-02 ([91m-[0m) Grad_T = [92m2.972e-03[0m/[0m8.445e-03[0m (rms/max) E (change) = -837.3712196758 ([0m-2.585e-03[0m) Quality = [0m1.028[0m
Hessian Eigenvalues: 1.79136e-04 1.34795e-03 1.96302e-03 ... 1.16436e+00 1.58860e+00 8.15147e+00
Step  127 : Displace = [0m4.116e-02[0m/[0m9.337e-02[0m (rms/max) Trust = 4.013e-02 ([92m+[0m) Grad_T = [0m4.784e-03[0m/[0m1.414e-02[0m (rms/max) E (change) = -837.3711820747 ([91m+3.760e-05[0m) Quality = [91m-0.040[0m
Hessian Eigenvalues: 2.15611e-04 1.32234e-03 2.12056e-03 ... 1.21579e+00 1.50448e+00 1.09262e+01
Step  128 : Displace = [0m2.114e-02[0m/[0m5.901e-02[0m (rms/max) Trust = 2.006e-02 ([91m-[0m) Grad_T = [0m3.609e-03[0m/[0m9.900e-03[0m (rms/max) E (change) = -837.3723354178 ([0m-1.153e-03[0m) Quality = [0m0.936[0m
Hessian Eigenvalues: 2.12242e-04 1.32300e-03 2.11203e-03 ... 1.18651e+00 1.63990e+00 1.60637e+01
Step  129 : Displace = [0m2.972e-02[0m/[0m6.449e-02[0m (rms/max) Trust = 2.838e-02 ([92m+[0m) Grad_T = [0m6.874e-03[0m/[0m2.808e-02[0m (rms/max) E (change) = -837.3726659705 ([0m-3.306e-04[0m) Quality = [0m0.221[0m
Hessian Eigenvalues: 2.42050e-04 1.31836e-03 2.12685e-03 ... 1.23651e+00 2.51898e+00 1.50892e+01
Step  130 : Displace = [0m1.453e-02[0m/[0m4.674e-02[0m (rms/max) Trust = 1.419e-02 ([91m-[0m) Grad_T = [0m3.857e-03[0m/[0m1.219e-02[0m (rms/max) E (change) = -837.3734158440 ([0m-7.499e-04[0m) Quality = [0m0.576[0m
Hessian Eigenvalues: 2.53193e-04 1.30997e-03 2.11689e-03 ... 1.19687e+00 2.90036e+00 1.51156e+01
Step  131 : Displace = [0m1.423e-02[0m/[0m5.389e-02[0m (rms/max) Trust = 1.419e-02 (=) Grad_T = [92m2.376e-03[0m/[0m6.361e-03[0m (rms/max) E (change) = -837.3741497246 ([0m-7.339e-04[0m) Quality = [0m0.760[0m
Hessian Eigenvalues: 2.55948e-04 1.30928e-03 2.10823e-03 ... 1.17781e+00 2.53513e+00 1.51526e+01
Step  132 : Displace = [0m2.145e-02[0m/[0m7.564e-02[0m (rms/max) Trust = 2.006e-02 ([92m+[0m) Grad_T = [0m3.441e-03[0m/[0m1.418e-02[0m (rms/max) E (change) = -837.3746751573 ([0m-5.254e-04[0m) Quality = [0m0.934[0m
Hessian Eigenvalues: 2.55012e-04 1.34530e-03 2.27175e-03 ... 1.16789e+00 3.97724e+00 1.53669e+01
Step  133 : Displace = [0m2.961e-02[0m/[0m5.194e-02[0m (rms/max) Trust = 2.838e-02 ([92m+[0m) Grad_T = [92m2.933e-03[0m/[0m1.119e-02[0m (rms/max) E (change) = -837.3752581781 ([0m-5.830e-04[0m) Quality = [0m1.197[0m
Hessian Eigenvalues: 3.52775e-04 1.26653e-03 1.99949e-03 ... 1.15478e+00 2.97736e+00 1.53777e+01
Step  134 : Displace = [0m4.004e-02[0m/[0m9.244e-02[0m (rms/max) Trust = 4.013e-02 ([92m+[0m) Grad_T = [0m5.051e-03[0m/[0m1.850e-02[0m (rms/max) E (change) = -837.3747499752 ([91m+5.082e-04[0m) Quality = [91m-0.725[0m
Hessian Eigenvalues: 3.59285e-04 1.21797e-03 2.30781e-03 ... 1.14669e+00 3.39421e+00 1.56649e+01
Step  135 : Displace = [0m2.022e-02[0m/[0m6.357e-02[0m (rms/max) Trust = 2.002e-02 ([91m-[0m) Grad_T = [0m3.191e-03[0m/[0m1.295e-02[0m (rms/max) E (change) = -837.3757039250 ([0m-9.539e-04[0m) Quality = [0m0.838[0m
Hessian Eigenvalues: 3.70674e-04 1.21853e-03 2.30991e-03 ... 1.14280e+00 4.26338e+00 1.51572e+01
Step  136 : Displace = [0m3.061e-02[0m/[0m8.245e-02[0m (rms/max) Trust = 2.831e-02 ([92m+[0m) Grad_T = [92m2.861e-03[0m/[0m1.131e-02[0m (rms/max) E (change) = -837.3755489341 ([91m+1.550e-04[0m) Quality = [91m-0.267[0m
Hessian Eigenvalues: 3.61570e-04 1.47818e-03 2.39873e-03 ... 1.13481e+00 4.54747e+00 1.65550e+01
Step  137 : Displace = [0m1.433e-02[0m/[0m3.375e-02[0m (rms/max) Trust = 1.416e-02 ([91m-[0m) Grad_T = [92m7.982e-04[0m/[92m1.938e-03[0m (rms/max) E (change) = -837.3759888861 ([0m-4.400e-04[0m) Quality = [0m1.148[0m
Hessian Eigenvalues: 3.53383e-04 1.46686e-03 2.36199e-03 ... 1.14579e+00 4.46291e+00 1.62664e+01
Step  138 : Displace = [0m2.047e-02[0m/[0m3.736e-02[0m (rms/max) Trust = 2.002e-02 ([92m+[0m) Grad_T = [92m1.549e-03[0m/[92m5.878e-03[0m (rms/max) E (change) = -837.3760949915 ([0m-1.061e-04[0m) Quality = [0m0.816[0m
Hessian Eigenvalues: 3.76263e-04 1.54762e-03 2.32130e-03 ... 1.13156e+00 5.32599e+00 1.67463e+01
Step  139 : Displace = [92m7.645e-03[0m/[92m1.479e-02[0m (rms/max) Trust = 2.831e-02 ([92m+[0m) Grad_T = [92m8.226e-04[0m/[92m2.727e-03[0m (rms/max) E (change) = -837.3761863633 ([0m-9.137e-05[0m) Quality = [0m1.545[0m
Hessian Eigenvalues: 2.17734e-04 1.51796e-03 2.39325e-03 ... 1.12270e+00 4.97934e+00 1.64850e+01
Step  140 : Displace = [0m3.997e-02[0m/[0m8.164e-02[0m (rms/max) Trust = 4.004e-02 ([92m+[0m) Grad_T = [92m1.390e-03[0m/[92m4.819e-03[0m (rms/max) E (change) = -837.3763062170 ([0m-1.199e-04[0m) Quality = [0m0.715[0m
Hessian Eigenvalues: 1.88546e-04 1.48355e-03 2.46352e-03 ... 1.14512e+00 5.41650e+00 1.77097e+01
Step  141 : Displace = [0m2.368e-02[0m/[0m4.472e-02[0m (rms/max) Trust = 4.004e-02 (=) Grad_T = [92m9.354e-04[0m/[92m2.316e-03[0m (rms/max) E (change) = -837.3763902650 ([0m-8.405e-05[0m) Quality = [0m0.713[0m
Hessian Eigenvalues: 1.77943e-04 1.58921e-03 2.86159e-03 ... 1.12936e+00 5.29167e+00 1.69801e+01
Step  142 : Displace = [92m9.501e-03[0m/[0m1.996e-02[0m (rms/max) Trust = 4.004e-02 (=) Grad_T = [92m7.820e-04[0m/[92m2.011e-03[0m (rms/max) E (change) = -837.3764270010 ([0m-3.674e-05[0m) Quality = [0m0.737[0m
Hessian Eigenvalues: 1.72849e-04 1.70705e-03 3.23490e-03 ... 1.05694e+00 5.46735e+00 1.73046e+01
Step  143 : Displace = [92m7.603e-03[0m/[0m1.743e-02[0m (rms/max) Trust = 4.004e-02 (=) Grad_T = [92m5.335e-04[0m/[92m1.294e-03[0m (rms/max) E (change) = -837.3764699625 ([0m-4.296e-05[0m) Quality = [0m1.072[0m
Hessian Eigenvalues: 1.61882e-04 1.60114e-03 3.16767e-03 ... 1.07368e+00 5.66836e+00 1.81576e+01
Step  144 : Displace = [92m9.627e-03[0m/[0m1.697e-02[0m (rms/max) Trust = 5.662e-02 ([92m+[0m) Grad_T = [92m5.723e-04[0m/[92m1.305e-03[0m (rms/max) E (change) = -837.3765010882 ([0m-3.113e-05[0m) Quality = [0m1.069[0m
Hessian Eigenvalues: 1.45928e-04 1.38791e-03 3.06420e-03 ... 9.76428e-01 5.87016e+00 1.87083e+01
Step  145 : Displace = [0m1.165e-02[0m/[0m2.130e-02[0m (rms/max) Trust = 8.007e-02 ([92m+[0m) Grad_T = [92m5.044e-04[0m/[92m1.467e-03[0m (rms/max) E (change) = -837.3765352725 ([0m-3.418e-05[0m) Quality = [0m1.113[0m
Hessian Eigenvalues: 1.13988e-04 1.60782e-03 2.78246e-03 ... 9.42101e-01 6.02503e+00 1.86777e+01
Step  146 : Displace = [0m2.162e-02[0m/[0m4.276e-02[0m (rms/max) Trust = 1.132e-01 ([92m+[0m) Grad_T = [92m6.767e-04[0m/[92m1.591e-03[0m (rms/max) E (change) = -837.3765671991 ([0m-3.193e-05[0m) Quality = [0m1.023[0m
Hessian Eigenvalues: 1.11168e-04 1.60889e-03 2.68129e-03 ... 9.64251e-01 6.07534e+00 1.87121e+01
Step  147 : Displace = [92m8.950e-03[0m/[0m1.757e-02[0m (rms/max) Trust = 1.601e-01 ([92m+[0m) Grad_T = [92m4.157e-04[0m/[92m9.818e-04[0m (rms/max) E (change) = -837.3765988452 ([0m-3.165e-05[0m) Quality = [0m1.413[0m
Hessian Eigenvalues: 9.08440e-05 1.59878e-03 2.45602e-03 ... 9.47109e-01 6.11984e+00 1.90325e+01
Step  148 : Displace = [0m2.162e-02[0m/[0m4.313e-02[0m (rms/max) Trust = 2.265e-01 ([92m+[0m) Grad_T = [92m3.678e-04[0m/[92m7.882e-04[0m (rms/max) E (change) = -837.3766382238 ([0m-3.938e-05[0m) Quality = [0m1.239[0m
Hessian Eigenvalues: 6.99240e-05 1.56400e-03 2.69240e-03 ... 9.54310e-01 6.21320e+00 1.97892e+01
Step  149 : Displace = [0m2.131e-02[0m/[0m4.365e-02[0m (rms/max) Trust = 3.000e-01 ([92m+[0m) Grad_T = [92m4.294e-04[0m/[92m9.934e-04[0m (rms/max) E (change) = -837.3766601414 ([0m-2.192e-05[0m) Quality = [0m1.178[0m
Hessian Eigenvalues: 5.28792e-05 1.52999e-03 2.70526e-03 ... 9.79876e-01 6.17575e+00 2.25523e+01
Step  150 : Displace = [0m1.955e-02[0m/[0m4.072e-02[0m (rms/max) Trust = 3.000e-01 (=) Grad_T = [92m5.217e-04[0m/[92m1.457e-03[0m (rms/max) E (change) = -837.3766755232 ([0m-1.538e-05[0m) Quality = [0m0.910[0m
Hessian Eigenvalues: 4.66157e-05 1.50876e-03 2.75603e-03 ... 9.64390e-01 6.00066e+00 3.02213e+01
Step  151 : Displace = [0m1.064e-02[0m/[0m2.184e-02[0m (rms/max) Trust = 3.000e-01 (=) Grad_T = [92m4.110e-04[0m/[92m1.311e-03[0m (rms/max) E (change) = -837.3766930857 ([0m-1.756e-05[0m) Quality = [0m1.216[0m
Hessian Eigenvalues: 4.32902e-05 1.51935e-03 2.78898e-03 ... 9.82489e-01 5.72626e+00 3.24523e+01
Step  152 : Displace = [92m7.504e-03[0m/[92m1.477e-02[0m (rms/max) Trust = 3.000e-01 (=) Grad_T = [92m4.190e-04[0m/[92m1.042e-03[0m (rms/max) E (change) = -837.3767084851 ([0m-1.540e-05[0m) Quality = [0m1.187[0m
Hessian Eigenvalues: 4.66367e-05 1.52841e-03 2.48721e-03 ... 1.03603e+00 5.50965e+00 3.24324e+01
Step  153 : Displace = [92m5.755e-03[0m/[92m1.239e-02[0m (rms/max) Trust = 3.000e-01 (=) Grad_T = [92m4.689e-04[0m/[92m1.284e-03[0m (rms/max) E (change) = -837.3767210153 ([0m-1.253e-05[0m) Quality = [0m0.920[0m
Hessian Eigenvalues: 5.02884e-05 1.53152e-03 2.11450e-03 ... 1.06831e+00 5.43801e+00 3.24836e+01
Step  154 : Displace = [0m1.345e-02[0m/[0m2.648e-02[0m (rms/max) Trust = 3.000e-01 (=) Grad_T = [92m3.193e-04[0m/[92m7.625e-04[0m (rms/max) E (change) = -837.3767376405 ([0m-1.663e-05[0m) Quality = [0m1.385[0m
Hessian Eigenvalues: 6.18442e-05 1.49083e-03 1.57430e-03 ... 1.06530e+00 5.39359e+00 3.26067e+01
Step  155 : Displace = [92m5.749e-03[0m/[92m1.315e-02[0m (rms/max) Trust = 3.000e-01 (=) Grad_T = [92m3.523e-04[0m/[92m1.008e-03[0m (rms/max) E (change) = -837.3767551574 ([0m-1.752e-05[0m) Quality = [0m1.341[0m
Hessian Eigenvalues: 6.08271e-05 1.17289e-03 1.58523e-03 ... 1.06884e+00 5.38942e+00 3.28687e+01
Step  156 : Displace = [92m6.639e-03[0m/[0m1.531e-02[0m (rms/max) Trust = 3.000e-01 (=) Grad_T = [92m4.063e-04[0m/[92m1.002e-03[0m (rms/max) E (change) = -837.3767730745 ([0m-1.792e-05[0m) Quality = [0m1.473[0m
Hessian Eigenvalues: 6.11512e-05 8.86340e-04 1.59125e-03 ... 1.06938e+00 5.46087e+00 3.21332e+01
Step  157 : Displace = [92m7.938e-03[0m/[0m2.142e-02[0m (rms/max) Trust = 3.000e-01 (=) Grad_T = [92m4.252e-04[0m/[92m9.587e-04[0m (rms/max) E (change) = -837.3767961785 ([0m-2.310e-05[0m) Quality = [0m1.477[0m
Hessian Eigenvalues: 5.75843e-05 7.51895e-04 1.60114e-03 ... 1.07503e+00 5.45648e+00 3.29900e+01
Step  158 : Displace = [0m1.657e-02[0m/[0m3.225e-02[0m (rms/max) Trust = 3.000e-01 (=) Grad_T = [92m4.958e-04[0m/[92m1.278e-03[0m (rms/max) E (change) = -837.3768317195 ([0m-3.554e-05[0m) Quality = [0m1.517[0m
Hessian Eigenvalues: 5.61366e-05 6.60086e-04 1.62334e-03 ... 1.07270e+00 5.44138e+00 3.32442e+01
Step  159 : Displace = [0m1.798e-02[0m/[0m3.613e-02[0m (rms/max) Trust = 3.000e-01 (=) Grad_T = [92m5.923e-04[0m/[92m1.926e-03[0m (rms/max) E (change) = -837.3768743556 ([0m-4.264e-05[0m) Quality = [0m1.452[0m
Hessian Eigenvalues: 4.93775e-05 6.27656e-04 1.63195e-03 ... 1.07213e+00 5.36622e+00 3.32941e+01
Step  160 : Displace = [0m2.215e-02[0m/[0m4.360e-02[0m (rms/max) Trust = 3.000e-01 (=) Grad_T = [92m5.944e-04[0m/[92m2.167e-03[0m (rms/max) E (change) = -837.3769208771 ([0m-4.652e-05[0m) Quality = [0m1.474[0m
Hessian Eigenvalues: 4.93591e-05 5.57769e-04 1.61847e-03 ... 1.07607e+00 5.31541e+00 3.29121e+01
Step  161 : Displace = [0m2.314e-02[0m/[0m4.877e-02[0m (rms/max) Trust = 3.000e-01 (=) Grad_T = [92m6.273e-04[0m/[92m2.184e-03[0m (rms/max) E (change) = -837.3769762378 ([0m-5.536e-05[0m) Quality = [0m1.444[0m
Hessian Eigenvalues: 4.51184e-05 4.62565e-04 1.59128e-03 ... 1.07267e+00 5.30958e+00 3.33958e+01
Step  162 : Displace = [0m3.347e-02[0m/[0m7.273e-02[0m (rms/max) Trust = 3.000e-01 (=) Grad_T = [92m7.517e-04[0m/[92m1.517e-03[0m (rms/max) E (change) = -837.3770537263 ([0m-7.749e-05[0m) Quality = [0m1.482[0m
Hessian Eigenvalues: 4.23841e-05 3.75021e-04 1.41955e-03 ... 1.09446e+00 5.32841e+00 3.33920e+01
Step  163 : Displace = [0m4.821e-02[0m/[0m1.065e-01[0m (rms/max) Trust = 3.000e-01 (=) Grad_T = [92m9.933e-04[0m/[92m2.574e-03[0m (rms/max) E (change) = -837.3771498226 ([0m-9.610e-05[0m) Quality = [0m1.320[0m
Hessian Eigenvalues: 6.29596e-05 2.89436e-04 1.24471e-03 ... 1.09438e+00 5.32303e+00 3.43923e+01
Step  164 : Displace = [0m3.731e-02[0m/[0m8.728e-02[0m (rms/max) Trust = 3.000e-01 (=) Grad_T = [92m1.349e-03[0m/[92m3.754e-03[0m (rms/max) E (change) = -837.3772027781 ([0m-5.296e-05[0m) Quality = [0m0.508[0m
Hessian Eigenvalues: 6.98661e-05 2.94704e-04 1.49469e-03 ... 1.13420e+00 5.33493e+00 3.41139e+01
Step  165 : Displace = [0m5.301e-02[0m/[0m1.179e-01[0m (rms/max) Trust = 3.000e-01 (=) Grad_T = [92m1.769e-03[0m/[0m6.791e-03[0m (rms/max) E (change) = -837.3772675343 ([0m-6.476e-05[0m) Quality = [0m0.526[0m
Hessian Eigenvalues: 1.01101e-04 4.50516e-04 1.53366e-03 ... 1.09041e+00 5.57918e+00 3.41112e+01
Step  166 : Displace = [0m4.511e-02[0m/[0m1.039e-01[0m (rms/max) Trust = 3.000e-01 (=) Grad_T = [92m1.118e-03[0m/[92m2.425e-03[0m (rms/max) E (change) = -837.3772869309 ([0m-1.940e-05[0m) Quality = [0m0.108[0m
Hessian Eigenvalues: 1.00399e-04 6.61761e-04 1.53454e-03 ... 1.07541e+00 5.39485e+00 3.42639e+01
Step  167 : Displace = [0m2.343e-02[0m/[0m5.718e-02[0m (rms/max) Trust = 2.255e-02 ([91m-[0m) Grad_T = [92m5.193e-04[0m/[92m1.311e-03[0m (rms/max) E (change) = -837.3774092538 ([0m-1.223e-04[0m) Quality = [0m1.120[0m
Hessian Eigenvalues: 1.13160e-04 5.09955e-04 1.53630e-03 ... 1.06594e+00 5.37867e+00 3.39583e+01
Step  168 : Displace = [0m2.792e-02[0m/[0m6.511e-02[0m (rms/max) Trust = 3.190e-02 ([92m+[0m) Grad_T = [92m5.586e-04[0m/[92m1.413e-03[0m (rms/max) E (change) = -837.3774655173 ([0m-5.626e-05[0m) Quality = [0m1.317[0m
Hessian Eigenvalues: 1.19294e-04 4.57409e-04 1.58215e-03 ... 1.03884e+00 5.38422e+00 3.36782e+01
Step  169 : Displace = [0m1.729e-02[0m/[0m4.593e-02[0m (rms/max) Trust = 4.511e-02 ([92m+[0m) Grad_T = [92m8.175e-04[0m/[92m3.245e-03[0m (rms/max) E (change) = -837.3775224715 ([0m-5.695e-05[0m) Quality = [0m1.348[0m
Hessian Eigenvalues: 1.13912e-04 5.55883e-04 1.61159e-03 ... 1.01785e+00 6.08473e+00 3.36304e+01
Step  170 : Displace = [0m1.733e-02[0m/[0m4.733e-02[0m (rms/max) Trust = 6.379e-02 ([92m+[0m) Grad_T = [92m6.463e-04[0m/[92m1.853e-03[0m (rms/max) E (change) = -837.3776055543 ([0m-8.308e-05[0m) Quality = [0m1.274[0m
Hessian Eigenvalues: 1.19281e-04 5.60635e-04 1.55906e-03 ... 1.00276e+00 5.84223e+00 3.36272e+01
Step  171 : Displace = [92m7.783e-03[0m/[0m2.428e-02[0m (rms/max) Trust = 9.021e-02 ([92m+[0m) Grad_T = [92m6.573e-04[0m/[92m1.892e-03[0m (rms/max) E (change) = -837.3776460906 ([0m-4.054e-05[0m) Quality = [0m1.273[0m
Hessian Eigenvalues: 1.23074e-04 5.31620e-04 1.49497e-03 ... 9.96912e-01 5.57185e+00 3.42563e+01
Step  172 : Displace = [0m1.494e-02[0m/[0m4.858e-02[0m (rms/max) Trust = 1.276e-01 ([92m+[0m) Grad_T = [92m5.424e-04[0m/[92m1.392e-03[0m (rms/max) E (change) = -837.3776962554 ([0m-5.016e-05[0m) Quality = [0m1.298[0m
Hessian Eigenvalues: 1.26163e-04 5.94167e-04 1.26450e-03 ... 1.01315e+00 5.43140e+00 3.41392e+01
Step  173 : Displace = [92m8.988e-03[0m/[0m2.610e-02[0m (rms/max) Trust = 1.804e-01 ([92m+[0m) Grad_T = [92m5.314e-04[0m/[92m1.549e-03[0m (rms/max) E (change) = -837.3777428000 ([0m-4.654e-05[0m) Quality = [0m1.346[0m
Hessian Eigenvalues: 1.23441e-04 5.46217e-04 1.08111e-03 ... 1.00743e+00 5.44802e+00 3.48655e+01
Step  174 : Displace = [0m1.222e-02[0m/[0m3.512e-02[0m (rms/max) Trust = 2.552e-01 ([92m+[0m) Grad_T = [92m5.926e-04[0m/[92m2.003e-03[0m (rms/max) E (change) = -837.3777833199 ([0m-4.052e-05[0m) Quality = [0m1.224[0m
Hessian Eigenvalues: 1.20619e-04 5.18512e-04 1.04235e-03 ... 1.01495e+00 5.29539e+00 3.39755e+01
Step  175 : Displace = [92m6.773e-03[0m/[0m1.542e-02[0m (rms/max) Trust = 3.000e-01 ([92m+[0m) Grad_T = [92m4.828e-04[0m/[92m1.709e-03[0m (rms/max) E (change) = -837.3778097321 ([0m-2.641e-05[0m) Quality = [0m1.446[0m
Hessian Eigenvalues: 1.18509e-04 4.54324e-04 1.02039e-03 ... 9.61164e-01 5.17858e+00 3.31699e+01
Step  176 : Displace = [92m9.504e-03[0m/[0m2.705e-02[0m (rms/max) Trust = 3.000e-01 (=) Grad_T = [92m4.815e-04[0m/[92m1.816e-03[0m (rms/max) E (change) = -837.3778327567 ([0m-2.302e-05[0m) Quality = [0m1.250[0m
Hessian Eigenvalues: 1.26127e-04 3.94095e-04 1.03578e-03 ... 9.43773e-01 5.23651e+00 3.30309e+01
Step  177 : Displace = [92m9.898e-03[0m/[0m2.948e-02[0m (rms/max) Trust = 3.000e-01 (=) Grad_T = [92m5.749e-04[0m/[92m2.061e-03[0m (rms/max) E (change) = -837.3778415413 ([92m-8.785e-06[0m) Quality = [0m0.540[0m
Hessian Eigenvalues: 1.35667e-04 3.11772e-04 1.01214e-03 ... 9.42549e-01 6.27780e+00 3.30270e+01
Step  178 : Displace = [0m1.075e-02[0m/[0m3.309e-02[0m (rms/max) Trust = 3.000e-01 (=) Grad_T = [92m3.859e-04[0m/[92m8.758e-04[0m (rms/max) E (change) = -837.3778590017 ([0m-1.746e-05[0m) Quality = [0m1.131[0m
Hessian Eigenvalues: 1.49529e-04 2.96264e-04 1.04134e-03 ... 9.43799e-01 6.99477e+00 3.30497e+01
Step  179 : Displace = [92m6.401e-03[0m/[0m1.793e-02[0m (rms/max) Trust = 3.000e-01 (=) Grad_T = [92m4.144e-04[0m/[92m1.522e-03[0m (rms/max) E (change) = -837.3778732199 ([0m-1.422e-05[0m) Quality = [0m1.394[0m
Hessian Eigenvalues: 1.42890e-04 2.21058e-04 1.03342e-03 ... 9.46422e-01 7.18210e+00 3.48165e+01
Step  180 : Displace = [0m2.313e-02[0m/[0m7.156e-02[0m (rms/max) Trust = 3.000e-01 (=) Grad_T = [92m7.569e-04[0m/[92m2.288e-03[0m (rms/max) E (change) = -837.3779089747 ([0m-3.575e-05[0m) Quality = [0m1.396[0m
Hessian Eigenvalues: 1.13085e-04 2.16986e-04 1.04613e-03 ... 9.48359e-01 7.01514e+00 3.45546e+01
Step  181 : Displace = [0m3.154e-02[0m/[0m9.352e-02[0m (rms/max) Trust = 3.000e-01 (=) Grad_T = [92m1.120e-03[0m/[92m3.560e-03[0m (rms/max) E (change) = -837.3779344495 ([0m-2.547e-05[0m) Quality = [0m0.609[0m
Hessian Eigenvalues: 1.69211e-04 2.58839e-04 1.22593e-03 ... 9.48944e-01 6.72481e+00 3.45418e+01
Step  182 : Displace = [0m1.380e-02[0m/[0m3.016e-02[0m (rms/max) Trust = 3.000e-01 (=) Grad_T = [92m8.543e-04[0m/[92m2.451e-03[0m (rms/max) E (change) = -837.3779781699 ([0m-4.372e-05[0m) Quality = [0m0.934[0m
Hessian Eigenvalues: 1.52686e-04 3.35747e-04 1.22381e-03 ... 9.80460e-01 7.02403e+00 3.43051e+01
Step  183 : Displace = [0m1.915e-02[0m/[0m4.683e-02[0m (rms/max) Trust = 3.000e-01 (=) Grad_T = [92m4.826e-04[0m/[92m1.361e-03[0m (rms/max) E (change) = -837.3780229382 ([0m-4.477e-05[0m) Quality = [0m1.023[0m
Hessian Eigenvalues: 1.66534e-04 2.89281e-04 1.25034e-03 ... 9.72660e-01 7.13653e+00 3.43113e+01
Step  184 : Displace = [0m1.472e-02[0m/[0m4.072e-02[0m (rms/max) Trust = 3.000e-01 (=) Grad_T = [92m3.712e-04[0m/[92m1.039e-03[0m (rms/max) E (change) = -837.3780632246 ([0m-4.029e-05[0m) Quality = [0m1.364[0m
Hessian Eigenvalues: 1.59738e-04 2.36324e-04 1.23787e-03 ... 9.72104e-01 7.45744e+00 3.43259e+01
Step  185 : Displace = [0m1.964e-02[0m/[0m4.720e-02[0m (rms/max) Trust = 3.000e-01 (=) Grad_T = [92m4.279e-04[0m/[92m1.392e-03[0m (rms/max) E (change) = -837.3780926726 ([0m-2.945e-05[0m) Quality = [0m1.232[0m
Hessian Eigenvalues: 1.42612e-04 2.44210e-04 1.15647e-03 ... 9.70956e-01 7.35780e+00 3.45230e+01
Step  186 : Displace = [0m1.424e-02[0m/[0m3.407e-02[0m (rms/max) Trust = 3.000e-01 (=) Grad_T = [92m5.491e-04[0m/[92m1.518e-03[0m (rms/max) E (change) = -837.3781200900 ([0m-2.742e-05[0m) Quality = [0m1.486[0m
Hessian Eigenvalues: 9.80604e-05 2.42689e-04 1.09013e-03 ... 9.74944e-01 7.53149e+00 3.44269e+01
Step  187 : Displace = [0m2.983e-02[0m/[0m6.876e-02[0m (rms/max) Trust = 3.000e-01 (=) Grad_T = [92m4.833e-04[0m/[92m1.676e-03[0m (rms/max) E (change) = -837.3781576297 ([0m-3.754e-05[0m) Quality = [0m1.253[0m
Hessian Eigenvalues: 9.64085e-05 2.42154e-04 9.97252e-04 ... 9.81028e-01 7.48006e+00 3.46241e+01
Step  188 : Displace = [0m1.626e-02[0m/[0m4.237e-02[0m (rms/max) Trust = 3.000e-01 (=) Grad_T = [92m4.094e-04[0m/[92m1.033e-03[0m (rms/max) E (change) = -837.3781761929 ([0m-1.856e-05[0m) Quality = [0m1.071[0m
Hessian Eigenvalues: 8.15192e-05 2.53699e-04 9.39914e-04 ... 9.84339e-01 7.46539e+00 3.47747e+01
Step  189 : Displace = [0m1.326e-02[0m/[0m3.482e-02[0m (rms/max) Trust = 3.000e-01 (=) Grad_T = [92m3.200e-04[0m/[92m8.732e-04[0m (rms/max) E (change) = -837.3781894731 ([0m-1.328e-05[0m) Quality = [0m1.309[0m
Hessian Eigenvalues: 7.69590e-05 2.73206e-04 1.12218e-03 ... 9.52439e-01 7.49858e+00 3.57044e+01
Step  190 : Displace = [92m7.871e-03[0m/[0m1.758e-02[0m (rms/max) Trust = 3.000e-01 (=) Grad_T = [92m3.047e-04[0m/[92m9.903e-04[0m (rms/max) E (change) = -837.3782009084 ([0m-1.144e-05[0m) Quality = [0m1.380[0m
Hessian Eigenvalues: 7.49344e-05 2.83323e-04 1.12226e-03 ... 9.43323e-01 7.50722e+00 3.53343e+01
Step  191 : Displace = [92m7.757e-03[0m/[0m1.528e-02[0m (rms/max) Trust = 3.000e-01 (=) Grad_T = [92m3.143e-04[0m/[92m6.706e-04[0m (rms/max) E (change) = -837.3782130935 ([0m-1.219e-05[0m) Quality = [0m1.268[0m
Hessian Eigenvalues: 6.15317e-05 3.31758e-04 1.03391e-03 ... 9.83626e-01 7.51164e+00 3.46667e+01
Step  192 : Displace = [0m1.915e-02[0m/[0m4.615e-02[0m (rms/max) Trust = 3.000e-01 (=) Grad_T = [92m4.685e-04[0m/[92m1.353e-03[0m (rms/max) E (change) = -837.3782266740 ([0m-1.358e-05[0m) Quality = [0m1.082[0m
Hessian Eigenvalues: 7.95944e-05 3.51779e-04 9.30976e-04 ... 1.01036e+00 7.52811e+00 3.42909e+01
Step  193 : Displace = [92m8.466e-03[0m/[92m1.450e-02[0m (rms/max) Trust = 3.000e-01 (=) Grad_T = [92m4.953e-04[0m/[92m1.216e-03[0m (rms/max) E (change) = -837.3782497780 ([0m-2.310e-05[0m) Quality = [0m1.293[0m
Hessian Eigenvalues: 6.33965e-05 3.28575e-04 9.32244e-04 ... 1.01019e+00 7.51438e+00 3.41238e+01
Step  194 : Displace = [0m3.914e-02[0m/[0m6.859e-02[0m (rms/max) Trust = 3.000e-01 (=) Grad_T = [92m8.040e-04[0m/[92m1.933e-03[0m (rms/max) E (change) = -837.3783135662 ([0m-6.379e-05[0m) Quality = [0m1.598[0m
Hessian Eigenvalues: 2.80186e-05 3.25907e-04 9.00372e-04 ... 1.03847e+00 7.80409e+00 3.42924e+01
Step  195 : Displace = [0m1.351e-01[0m/[0m2.389e-01[0m (rms/max) Trust = 3.000e-01 (=) Grad_T = [0m3.067e-03[0m/[0m9.502e-03[0m (rms/max) E (change) = -837.3782944681 ([91m+1.910e-05[0m) Quality = [91m-0.148[0m
Hessian Eigenvalues: 8.41637e-05 4.12827e-04 9.75875e-04 ... 1.04894e+00 8.07688e+00 3.43132e+01
Step  196 : Displace = [0m5.797e-02[0m/[0m1.263e-01[0m (rms/max) Trust = 6.756e-02 ([91m-[0m) Grad_T = [92m1.542e-03[0m/[92m4.924e-03[0m (rms/max) E (change) = -837.3784949967 ([0m-2.005e-04[0m) Quality = [0m0.512[0m
Hessian Eigenvalues: 8.58055e-05 5.53792e-04 9.96882e-04 ... 1.07726e+00 7.91976e+00 3.42823e+01
Step  197 : Displace = [0m2.616e-02[0m/[0m5.912e-02[0m (rms/max) Trust = 6.756e-02 (=) Grad_T = [92m1.198e-03[0m/[92m2.951e-03[0m (rms/max) E (change) = -837.3786659054 ([0m-1.709e-04[0m) Quality = [0m1.544[0m
Hessian Eigenvalues: 5.28225e-05 4.96484e-04 9.25317e-04 ... 1.06648e+00 8.28620e+00 3.42363e+01
Step  198 : Displace = [0m9.961e-02[0m/[0m1.850e-01[0m (rms/max) Trust = 9.554e-02 ([92m+[0m) Grad_T = [92m2.917e-03[0m/[0m9.693e-03[0m (rms/max) E (change) = -837.3788163563 ([0m-1.505e-04[0m) Quality = [0m0.462[0m
Hessian Eigenvalues: 9.88153e-05 5.61255e-04 1.13603e-03 ... 1.11614e+00 8.44532e+00 3.42037e+01
Step  199 : Displace = [0m2.346e-02[0m/[0m7.570e-02[0m (rms/max) Trust = 9.554e-02 (=) Grad_T = [92m1.771e-03[0m/[92m5.936e-03[0m (rms/max) E (change) = -837.3790960771 ([0m-2.797e-04[0m) Quality = [0m1.169[0m
Hessian Eigenvalues: 9.67771e-05 5.42256e-04 1.09881e-03 ... 1.12532e+00 7.63575e+00 3.42197e+01
Step  200 : Displace = [0m3.838e-02[0m/[0m7.078e-02[0m (rms/max) Trust = 1.351e-01 ([92m+[0m) Grad_T = [92m9.080e-04[0m/[92m2.813e-03[0m (rms/max) E (change) = -837.3793985100 ([0m-3.024e-04[0m) Quality = [0m1.263[0m
Hessian Eigenvalues: 4.16482e-05 5.92154e-04 1.13101e-03 ... 1.13127e+00 7.47447e+00 3.42214e+01
Step  201 : Displace = [0m1.925e-01[0m/[0m3.499e-01[0m (rms/max) Trust = 1.911e-01 ([92m+[0m) Grad_T = [0m5.271e-03[0m/[0m1.433e-02[0m (rms/max) E (change) = -837.3790685658 ([91m+3.299e-04[0m) Quality = [91m-0.490[0m
Hessian Eigenvalues: 1.30730e-04 6.75679e-04 1.14007e-03 ... 1.13092e+00 7.45492e+00 3.42260e+01
Step  202 : Displace = [0m9.626e-02[0m/[0m1.725e-01[0m (rms/max) Trust = 9.554e-02 ([91m-[0m) Grad_T = [92m1.795e-03[0m/[92m5.939e-03[0m (rms/max) E (change) = -837.3797857820 ([0m-7.172e-04[0m) Quality = [0m0.587[0m
Hessian Eigenvalues: 1.39980e-04 7.00862e-04 1.12706e-03 ... 1.13167e+00 7.38428e+00 3.42238e+01
Step  203 : Displace = [0m1.708e-02[0m/[0m4.512e-02[0m (rms/max) Trust = 9.554e-02 (=) Grad_T = [92m1.088e-03[0m/[92m3.075e-03[0m (rms/max) E (change) = -837.3798846192 ([0m-9.884e-05[0m) Quality = [0m0.581[0m
Hessian Eigenvalues: 1.28459e-04 6.80415e-04 1.13209e-03 ... 1.13187e+00 7.15409e+00 3.42339e+01
Step  204 : Displace = [0m5.114e-02[0m/[0m9.432e-02[0m (rms/max) Trust = 9.554e-02 (=) Grad_T = [92m1.809e-03[0m/[0m6.886e-03[0m (rms/max) E (change) = -837.3800640594 ([0m-1.794e-04[0m) Quality = [0m1.199[0m
Hessian Eigenvalues: 1.01623e-04 7.02363e-04 1.14050e-03 ... 1.13178e+00 7.80661e+00 3.42182e+01
Step  205 : Displace = [0m3.605e-02[0m/[0m6.448e-02[0m (rms/max) Trust = 1.351e-01 ([92m+[0m) Grad_T = [92m1.956e-03[0m/[92m5.755e-03[0m (rms/max) E (change) = -837.3800818307 ([0m-1.777e-05[0m) Quality = [0m0.178[0m
Hessian Eigenvalues: 6.72303e-05 7.77478e-04 1.06611e-03 ... 1.16388e+00 7.79607e+00 3.41795e+01
Step  206 : Displace = [0m1.879e-02[0m/[0m7.119e-02[0m (rms/max) Trust = 1.802e-02 ([91m-[0m) Grad_T = [92m2.289e-03[0m/[0m8.493e-03[0m (rms/max) E (change) = -837.3802137539 ([0m-1.319e-04[0m) Quality = [0m0.712[0m
Hessian Eigenvalues: 7.11343e-05 8.17583e-04 1.10642e-03 ... 1.15083e+00 9.03354e+00 3.41580e+01
Step  207 : Displace = [0m1.302e-02[0m/[0m3.670e-02[0m (rms/max) Trust = 1.802e-02 (=) Grad_T = [92m1.564e-03[0m/[92m5.958e-03[0m (rms/max) E (change) = -837.3803222889 ([0m-1.085e-04[0m) Quality = [0m0.696[0m
Hessian Eigenvalues: 6.69167e-05 8.52175e-04 1.05362e-03 ... 1.17036e+00 7.98721e+00 3.40423e+01
Step  208 : Displace = [0m1.842e-02[0m/[0m3.380e-02[0m (rms/max) Trust = 1.802e-02 (=) Grad_T = [92m8.534e-04[0m/[92m2.780e-03[0m (rms/max) E (change) = -837.3804517311 ([0m-1.294e-04[0m) Quality = [0m1.257[0m
Hessian Eigenvalues: 5.80392e-05 8.41772e-04 1.01607e-03 ... 1.18298e+00 7.74691e+00 3.39541e+01
Step  209 : Displace = [0m2.630e-02[0m/[0m5.373e-02[0m (rms/max) Trust = 2.549e-02 ([92m+[0m) Grad_T = [92m8.213e-04[0m/[92m2.339e-03[0m (rms/max) E (change) = -837.3806030509 ([0m-1.513e-04[0m) Quality = [0m1.157[0m
Hessian Eigenvalues: 5.43341e-05 6.44545e-04 9.87118e-04 ... 1.18443e+00 7.71683e+00 3.39556e+01
Step  210 : Displace = [0m3.473e-02[0m/[0m6.832e-02[0m (rms/max) Trust = 3.605e-02 ([92m+[0m) Grad_T = [92m1.153e-03[0m/[92m2.844e-03[0m (rms/max) E (change) = -837.3808098396 ([0m-2.068e-04[0m) Quality = [0m1.198[0m
Hessian Eigenvalues: 5.28038e-05 4.54098e-04 1.00242e-03 ... 1.20127e+00 7.84136e+00 3.37577e+01
Step  211 : Displace = [0m4.841e-02[0m/[0m1.029e-01[0m (rms/max) Trust = 5.098e-02 ([92m+[0m) Grad_T = [92m1.003e-03[0m/[92m2.848e-03[0m (rms/max) E (change) = -837.3810670665 ([0m-2.572e-04[0m) Quality = [0m1.132[0m
Hessian Eigenvalues: 7.67924e-05 2.76455e-04 1.14907e-03 ... 1.19047e+00 8.01352e+00 3.37801e+01
Step  212 : Displace = [0m4.483e-02[0m/[0m1.142e-01[0m (rms/max) Trust = 7.210e-02 ([92m+[0m) Grad_T = [92m2.428e-03[0m/[0m6.523e-03[0m (rms/max) E (change) = -837.3810710095 ([92m-3.943e-06[0m) Quality = [0m0.015[0m
Hessian Eigenvalues: 4.91476e-05 4.46771e-04 1.19365e-03 ... 1.20076e+00 8.32824e+00 3.38027e+01
Step  213 : Displace = [0m2.286e-02[0m/[0m3.705e-02[0m (rms/max) Trust = 2.242e-02 ([91m-[0m) Grad_T = [92m1.139e-03[0m/[92m3.157e-03[0m (rms/max) E (change) = -837.3813135146 ([0m-2.425e-04[0m) Quality = [0m0.926[0m
Hessian Eigenvalues: 5.64247e-05 4.73448e-04 1.15723e-03 ... 1.19440e+00 8.20830e+00 3.37630e+01
Step  214 : Displace = [0m1.671e-02[0m/[0m3.503e-02[0m (rms/max) Trust = 3.170e-02 ([92m+[0m) Grad_T = [92m1.124e-03[0m/[92m3.079e-03[0m (rms/max) E (change) = -837.3813062059 ([92m+7.309e-06[0m) Quality = [91m-0.068[0m
Hessian Eigenvalues: 6.96061e-05 4.77570e-04 1.31552e-03 ... 1.19793e+00 8.20563e+00 3.44843e+01
Step  215 : Displace = [92m8.917e-03[0m/[0m2.616e-02[0m (rms/max) Trust = 8.356e-03 ([91m-[0m) Grad_T = [92m5.575e-04[0m/[92m1.457e-03[0m (rms/max) E (change) = -837.3814153082 ([0m-1.091e-04[0m) Quality = [0m1.171[0m
Hessian Eigenvalues: 6.89417e-05 4.70956e-04 1.28502e-03 ... 1.19318e+00 8.18801e+00 3.48532e+01
Step  216 : Displace = [0m1.259e-02[0m/[0m4.093e-02[0m (rms/max) Trust = 1.182e-02 ([92m+[0m) Grad_T = [92m5.957e-04[0m/[92m1.543e-03[0m (rms/max) E (change) = -837.3814602590 ([0m-4.495e-05[0m) Quality = [0m0.799[0m
Hessian Eigenvalues: 6.76611e-05 4.69373e-04 1.36856e-03 ... 1.21523e+00 8.18617e+00 3.49200e+01
Step  217 : Displace = [0m1.729e-02[0m/[0m3.932e-02[0m (rms/max) Trust = 1.671e-02 ([92m+[0m) Grad_T = [92m4.803e-04[0m/[92m1.410e-03[0m (rms/max) E (change) = -837.3815092315 ([0m-4.897e-05[0m) Quality = [0m1.117[0m
Hessian Eigenvalues: 9.39369e-05 4.47793e-04 1.39440e-03 ... 1.22927e+00 8.19967e+00 3.52196e+01
Step  218 : Displace = [92m8.494e-03[0m/[0m2.867e-02[0m (rms/max) Trust = 2.363e-02 ([92m+[0m) Grad_T = [92m5.869e-04[0m/[92m1.972e-03[0m (rms/max) E (change) = -837.3815313176 ([0m-2.209e-05[0m) Quality = [0m0.807[0m
Hessian Eigenvalues: 1.00361e-04 4.96545e-04 1.31497e-03 ... 1.22764e+00 8.18622e+00 3.51837e+01
Step  219 : Displace = [0m1.330e-02[0m/[0m2.726e-02[0m (rms/max) Trust = 3.342e-02 ([92m+[0m) Grad_T = [92m5.282e-04[0m/[92m1.429e-03[0m (rms/max) E (change) = -837.3815415445 ([0m-1.023e-05[0m) Quality = [0m0.486[0m
Hessian Eigenvalues: 1.14341e-04 5.18190e-04 1.41951e-03 ... 1.21989e+00 8.19053e+00 3.52260e+01
Step  220 : Displace = [92m6.164e-03[0m/[0m1.879e-02[0m (rms/max) Trust = 3.342e-02 (=) Grad_T = [92m3.877e-04[0m/[92m1.283e-03[0m (rms/max) E (change) = -837.3815561541 ([0m-1.461e-05[0m) Quality = [0m0.817[0m
Hessian Eigenvalues: 1.16790e-04 5.27078e-04 1.43066e-03 ... 1.21778e+00 8.25309e+00 3.52021e+01
Step  221 : Displace = [92m4.606e-03[0m/[92m8.393e-03[0m (rms/max) Trust = 4.727e-02 ([92m+[0m) Grad_T = [92m2.421e-04[0m/[92m6.414e-04[0m (rms/max) E (change) = -837.3815683003 ([0m-1.215e-05[0m) Quality = [0m1.105[0m
Hessian Eigenvalues: 1.22555e-04 5.14104e-04 1.55747e-03 ... 1.20444e+00 8.30110e+00 3.52224e+01
Step  222 : Displace = [92m2.926e-03[0m/[92m7.280e-03[0m (rms/max) Trust = 6.685e-02 ([92m+[0m) Grad_T = [92m1.963e-04[0m/[92m3.881e-04[0m (rms/max) E (change) = -837.3815782830 ([92m-9.983e-06[0m) Quality = [0m1.405[0m
Hessian Eigenvalues: 1.22555e-04 5.14104e-04 1.55747e-03 ... 1.20444e+00 8.30110e+00 3.52224e+01
Converged! =D

    #==========================================================================#
    #| If this code has benefited your research, please support us by citing: |#
    #|                                                                        |#
    #| Wang, L.-P.; Song, C.C. (2016) "Geometry optimization made simple with |#
    #| translation and rotation coordinates", J. Chem, Phys. 144, 214108.     |#
    #| http://dx.doi.org/10.1063/1.4952956                                    |#
    #==========================================================================#
    Time elapsed since start of run_optimizer: 11882.194 seconds
