geometric-optimize called with the following command line:
k2_mu100_mmsurr.py run

                                        [91m())))))))))))))))/[0m                     
                                    [91m())))))))))))))))))))))))),[0m                
                                [91m*)))))))))))))))))))))))))))))))))[0m             
                        [94m#,[0m    [91m()))))))))/[0m                [91m.)))))))))),[0m          
                      [94m#%%%%,[0m  [91m())))))[0m                        [91m.))))))))*[0m        
                      [94m*%%%%%%,[0m  [91m))[0m              [93m..[0m              [91m,))))))).[0m      
                        [94m*%%%%%%,[0m         [93m***************/.[0m        [91m.)))))))[0m     
                [94m#%%/[0m      [94m(%%%%%%,[0m    [93m/*********************.[0m       [91m)))))))[0m    
              [94m.%%%%%%#[0m      [94m*%%%%%%,[0m  [93m*******/,[0m     [93m**********,[0m      [91m.))))))[0m   
                [94m.%%%%%%/[0m      [94m*%%%%%%,[0m  [93m**[0m              [93m********[0m      [91m.))))))[0m  
          [94m##[0m      [94m.%%%%%%/[0m      [94m(%%%%%%,[0m                  [93m,******[0m      [91m/)))))[0m  
        [94m%%%%%%[0m      [94m.%%%%%%#[0m      [94m*%%%%%%,[0m    [92m,/////.[0m       [93m******[0m      [91m))))))[0m 
      [94m#%[0m      [94m%%[0m      [94m.%%%%%%/[0m      [94m*%%%%%%,[0m  [92m////////,[0m      [93m*****/[0m     [91m,)))))[0m 
    [94m#%%[0m  [94m%%%[0m  [94m%%%#[0m      [94m.%%%%%%/[0m      [94m(%%%%%%,[0m  [92m///////.[0m     [93m/*****[0m      [91m))))).[0m
  [94m#%%%%.[0m      [94m%%%%%#[0m      [94m/%%%%%%*[0m      [94m#%%%%%%[0m   [92m/////)[0m     [93m******[0m      [91m))))),[0m
    [94m#%%%%##%[0m  [94m%%%#[0m      [94m.%%%%%%/[0m      [94m(%%%%%%,[0m  [92m///////.[0m     [93m/*****[0m      [91m))))).[0m
      [94m##[0m     [94m%%%[0m      [94m.%%%%%%/[0m      [94m*%%%%%%,[0m  [92m////////.[0m      [93m*****/[0m     [91m,)))))[0m 
        [94m#%%%%#[0m      [94m/%%%%%%/[0m      [94m(%%%%%%[0m      [92m/)/)//[0m       [93m******[0m      [91m))))))[0m 
          [94m##[0m      [94m.%%%%%%/[0m      [94m(%%%%%%,[0m                  [93m*******[0m      [91m))))))[0m  
                [94m.%%%%%%/[0m      [94m*%%%%%%,[0m  [93m**.[0m             [93m/*******[0m      [91m.))))))[0m  
              [94m*%%%%%%/[0m      [94m(%%%%%%[0m   [93m********/*..,*/*********[0m       [91m*))))))[0m   
                [94m#%%/[0m      [94m(%%%%%%,[0m    [93m*********************/[0m        [91m)))))))[0m    
                        [94m*%%%%%%,[0m         [93m,**************/[0m         [91m,))))))/[0m     
                      [94m(%%%%%%[0m   [91m()[0m                              [91m))))))))[0m       
                      [94m#%%%%,[0m  [91m())))))[0m                        [91m,)))))))),[0m        
                        [94m#,[0m    [91m())))))))))[0m                [91m,)))))))))).[0m          
                                 [91m()))))))))))))))))))))))))))))))/[0m             
                                    [91m())))))))))))))))))))))))).[0m                
                                         [91m())))))))))))))),[0m                     

-=# [1;94m geomeTRIC started. Version: 1.1.1 [0m #=-
Current date and time: 2026-07-27 17:57:24
#========================================================#
#| [92m    Arguments passed to driver run_optimizer():     [0m |#
#========================================================#
bothre                    0.0 
constraints               constraints.txt 
convergence_cmax          0.01 
convergence_dmax          0.015 
convergence_drms          0.01 
convergence_energy        1e-05 
convergence_gmax          0.006 
convergence_grms          0.003 
coordsys                  hdlc 
customengine              <ash.interfaces.interface_geometric_new.ASHengineclass object at 0x154a01c3cc50> 
input                     dummyinputname 
irc                       False 
logIni                    /home/18660916/envs/ash/lib/python3.11/site-packages/ash/log.ini 
maxiter                   300 
prefix                    geometric_OPTtraj 
rigid                     False 
subfrctor                 1 
transition                False 
verbose                   0 
----------------------------------------------------------
Custom engine selected.
$freeze
xyz 25
xyz 26
xyz 27
xyz 28
xyz 29
xyz 30
xyz 31
xyz 32
xyz 33
xyz 34
xyz 35
xyz 36
xyz 37
xyz 38
xyz 39
xyz 40
xyz 41
xyz 42
xyz 43
xyz 44
Bonds will be generated from interatomic distances less than 1.20 times sum of covalent radii
132 internal coordinates being used (instead of 132 Cartesians)
Internal coordinate system (atoms numbered from 1):
Cartesian-X 25
Cartesian-Y 25
Cartesian-Z 25
Cartesian-X 26
Cartesian-Y 26
Cartesian-Z 26
Cartesian-X 27
Cartesian-Y 27
Cartesian-Z 27
Cartesian-X 28
Cartesian-Y 28
Cartesian-Z 28
Cartesian-X 29
Cartesian-Y 29
Cartesian-Z 29
Cartesian-X 30
Cartesian-Y 30
Cartesian-Z 30
Cartesian-X 31
Cartesian-Y 31
Cartesian-Z 31
Cartesian-X 32
Cartesian-Y 32
Cartesian-Z 32
Cartesian-X 33
Cartesian-Y 33
Cartesian-Z 33
Cartesian-X 34
Cartesian-Y 34
Cartesian-Z 34
Cartesian-X 35
Cartesian-Y 35
Cartesian-Z 35
Cartesian-X 36
Cartesian-Y 36
Cartesian-Z 36
Cartesian-X 37
Cartesian-Y 37
Cartesian-Z 37
Cartesian-X 38
Cartesian-Y 38
Cartesian-Z 38
Cartesian-X 39
Cartesian-Y 39
Cartesian-Z 39
Cartesian-X 40
Cartesian-Y 40
Cartesian-Z 40
Cartesian-X 41
Cartesian-Y 41
Cartesian-Z 41
Cartesian-X 42
Cartesian-Y 42
Cartesian-Z 42
Cartesian-X 43
Cartesian-Y 43
Cartesian-Z 43
Cartesian-X 44
Cartesian-Y 44
Cartesian-Z 44
Distance 1-2
Distance 1-3
Distance 1-4
Distance 4-5
Distance 4-8
Distance 5-6
Distance 5-7
Distance 8-9
Distance 9-10
Distance 9-11
Distance 9-18
Distance 11-12
Distance 11-13
Distance 13-14
Distance 13-22
Distance 14-15
Distance 14-16
Distance 16-17
Distance 16-18
Distance 18-19
Distance 18-20
Distance 20-21
Distance 22-23
Distance 22-24
Distance 25-26
Distance 25-27
Distance 25-28
Distance 25-29
Distance 25-30
Distance 25-31
Distance 25-32
Distance 25-33
Distance 25-34
Distance 26-27
Distance 26-28
Distance 27-31
Distance 28-33
Distance 29-30
Distance 29-31
Distance 30-34
Distance 32-33
Distance 32-34
Distance 35-36
Distance 35-37
Distance 35-38
Distance 35-39
Distance 35-40
Distance 35-41
Distance 35-42
Distance 35-43
Distance 35-44
Distance 36-37
Distance 36-38
Distance 37-41
Distance 38-43
Distance 39-40
Distance 39-41
Distance 40-44
Distance 42-43
Distance 42-44
Angle 2-1-4
Angle 3-1-4
Angle 1-4-8
Angle 5-4-8
Angle 4-5-7
Angle 6-5-7
Angle 4-8-9
Angle 8-9-10
Angle 8-9-11
Angle 8-9-18
Angle 10-9-11
Angle 10-9-18
Angle 11-9-18
Angle 9-11-13
Angle 12-11-13
Angle 11-13-22
Angle 14-13-22
Angle 13-14-16
Angle 15-14-16
Angle 14-16-18
Angle 17-16-18
Angle 9-18-16
Angle 9-18-19
Angle 9-18-20
Angle 16-18-19
Angle 16-18-20
Angle 19-18-20
Angle 18-20-21
Angle 13-22-24
Angle 23-22-24
Angle 27-25-34
Angle 28-25-30
Angle 30-25-33
Angle 31-25-33
Angle 33-25-34
Angle 25-26-28
Angle 27-26-28
Angle 25-27-31
Angle 26-27-31
Angle 25-28-33
Angle 26-28-33
Angle 25-29-31
Angle 30-29-31
Angle 25-30-34
Angle 29-30-34
Angle 25-31-29
Angle 27-31-29
Angle 25-32-34
Angle 33-32-34
Angle 25-33-32
Angle 28-33-32
Angle 25-34-32
Angle 30-34-32
Angle 37-35-44
Angle 38-35-40
Angle 40-35-43
Angle 41-35-43
Angle 43-35-44
Angle 35-36-38
Angle 37-36-38
Angle 35-37-41
Angle 36-37-41
Angle 35-38-43
Angle 36-38-43
Angle 35-39-41
Angle 40-39-41
Angle 35-40-44
Angle 39-40-44
Angle 35-41-39
Angle 37-41-39
Angle 35-42-44
Angle 43-42-44
Angle 35-43-42
Angle 38-43-42
Angle 35-44-42
Angle 40-44-42
Out-of-Plane 1-2-3-4
Out-of-Plane 4-1-5-8
Out-of-Plane 5-4-6-7
Out-of-Plane 11-9-12-13
Out-of-Plane 13-11-14-22
Out-of-Plane 14-13-15-16
Out-of-Plane 16-14-17-18
Out-of-Plane 22-13-23-24
Out-of-Plane 25-26-27-28
Out-of-Plane 25-26-27-29
Out-of-Plane 25-26-27-30
Out-of-Plane 25-26-27-31
Out-of-Plane 25-26-27-32
Out-of-Plane 25-26-27-33
Out-of-Plane 25-26-27-34
Out-of-Plane 25-26-28-29
Out-of-Plane 25-26-28-30
Out-of-Plane 25-26-28-31
Out-of-Plane 25-26-28-32
Out-of-Plane 25-26-28-33
Out-of-Plane 25-26-28-34
Out-of-Plane 25-26-29-30
Out-of-Plane 25-26-29-31
Out-of-Plane 25-26-29-32
Out-of-Plane 25-26-29-33
Out-of-Plane 25-26-29-34
Out-of-Plane 25-26-31-30
Out-of-Plane 25-26-32-30
Out-of-Plane 25-26-33-30
Out-of-Plane 25-30-34-26
Out-of-Plane 25-26-31-32
Out-of-Plane 25-26-31-33
Out-of-Plane 25-26-31-34
Out-of-Plane 25-26-32-33
Out-of-Plane 25-26-32-34
Out-of-Plane 25-26-33-34
Out-of-Plane 25-27-28-29
Out-of-Plane 25-27-28-30
Out-of-Plane 25-27-31-28
Out-of-Plane 25-27-28-32
Out-of-Plane 25-27-28-33
Out-of-Plane 25-27-28-34
Out-of-Plane 25-27-29-30
Out-of-Plane 25-27-31-29
Out-of-Plane 25-27-29-32
Out-of-Plane 25-27-29-33
Out-of-Plane 25-27-29-34
Out-of-Plane 25-27-31-30
Out-of-Plane 25-27-30-32
Out-of-Plane 25-27-30-33
Out-of-Plane 25-27-30-34
Out-of-Plane 25-27-31-32
Out-of-Plane 25-27-31-33
Out-of-Plane 25-27-31-34
Out-of-Plane 25-27-33-32
Out-of-Plane 25-32-34-27
Out-of-Plane 25-27-33-34
Out-of-Plane 25-29-30-28
Out-of-Plane 25-28-31-29
Out-of-Plane 25-28-32-29
Out-of-Plane 25-28-33-29
Out-of-Plane 25-28-34-29
Out-of-Plane 25-28-31-30
Out-of-Plane 25-28-32-30
Out-of-Plane 25-28-33-30
Out-of-Plane 25-28-34-30
Out-of-Plane 25-28-31-32
Out-of-Plane 25-28-33-31
Out-of-Plane 25-28-31-34
Out-of-Plane 25-28-33-32
Out-of-Plane 25-28-32-34
Out-of-Plane 25-28-33-34
Out-of-Plane 25-29-30-31
Out-of-Plane 25-29-30-32
Out-of-Plane 25-29-30-33
Out-of-Plane 25-29-30-34
Out-of-Plane 25-29-31-32
Out-of-Plane 25-29-31-33
Out-of-Plane 25-29-31-34
Out-of-Plane 25-29-32-33
Out-of-Plane 25-29-32-34
Out-of-Plane 25-29-34-33
Out-of-Plane 25-30-31-32
Out-of-Plane 25-30-31-33
Out-of-Plane 25-30-34-31
Out-of-Plane 25-30-32-33
Out-of-Plane 25-30-34-32
Out-of-Plane 25-30-34-33
Out-of-Plane 25-32-33-31
Out-of-Plane 25-31-34-32
Out-of-Plane 25-31-34-33
Out-of-Plane 25-32-33-34
Out-of-Plane 26-25-27-28
Out-of-Plane 27-25-26-31
Out-of-Plane 28-25-26-33
Out-of-Plane 29-25-30-31
Out-of-Plane 30-25-29-34
Out-of-Plane 31-25-27-29
Out-of-Plane 32-25-33-34
Out-of-Plane 33-25-28-32
Out-of-Plane 34-25-30-32
Out-of-Plane 35-36-37-38
Out-of-Plane 35-36-37-39
Out-of-Plane 35-36-37-40
Out-of-Plane 35-36-37-41
Out-of-Plane 35-36-37-42
Out-of-Plane 35-36-37-43
Out-of-Plane 35-36-37-44
Out-of-Plane 35-36-38-39
Out-of-Plane 35-36-38-40
Out-of-Plane 35-36-38-41
Out-of-Plane 35-36-38-42
Out-of-Plane 35-36-38-43
Out-of-Plane 35-36-38-44
Out-of-Plane 35-36-39-40
Out-of-Plane 35-36-39-41
Out-of-Plane 35-36-39-42
Out-of-Plane 35-36-39-43
Out-of-Plane 35-36-39-44
Out-of-Plane 35-36-41-40
Out-of-Plane 35-36-42-40
Out-of-Plane 35-36-43-40
Out-of-Plane 35-40-44-36
Out-of-Plane 35-36-41-42
Out-of-Plane 35-36-41-43
Out-of-Plane 35-36-41-44
Out-of-Plane 35-36-42-43
Out-of-Plane 35-36-42-44
Out-of-Plane 35-36-43-44
Out-of-Plane 35-37-38-39
Out-of-Plane 35-37-38-40
Out-of-Plane 35-37-41-38
Out-of-Plane 35-37-38-42
Out-of-Plane 35-37-38-43
Out-of-Plane 35-37-38-44
Out-of-Plane 35-37-39-40
Out-of-Plane 35-37-41-39
Out-of-Plane 35-37-39-42
Out-of-Plane 35-37-39-43
Out-of-Plane 35-37-39-44
Out-of-Plane 35-37-41-40
Out-of-Plane 35-37-40-42
Out-of-Plane 35-37-40-43
Out-of-Plane 35-37-40-44
Out-of-Plane 35-37-41-42
Out-of-Plane 35-37-41-43
Out-of-Plane 35-37-41-44
Out-of-Plane 35-37-43-42
Out-of-Plane 35-42-44-37
Out-of-Plane 35-37-43-44
Out-of-Plane 35-39-40-38
Out-of-Plane 35-38-41-39
Out-of-Plane 35-38-42-39
Out-of-Plane 35-38-43-39
Out-of-Plane 35-38-44-39
Out-of-Plane 35-38-41-40
Out-of-Plane 35-38-42-40
Out-of-Plane 35-38-43-40
Out-of-Plane 35-38-44-40
Out-of-Plane 35-38-41-42
Out-of-Plane 35-38-43-41
Out-of-Plane 35-38-41-44
Out-of-Plane 35-38-43-42
Out-of-Plane 35-38-42-44
Out-of-Plane 35-38-43-44
Out-of-Plane 35-39-40-41
Out-of-Plane 35-39-40-42
Out-of-Plane 35-39-40-43
Out-of-Plane 35-39-40-44
Out-of-Plane 35-39-41-42
Out-of-Plane 35-39-41-43
Out-of-Plane 35-39-41-44
Out-of-Plane 35-39-42-43
Out-of-Plane 35-39-42-44
Out-of-Plane 35-39-44-43
Out-of-Plane 35-40-41-42
Out-of-Plane 35-40-41-43
Out-of-Plane 35-40-44-41
Out-of-Plane 35-40-42-43
Out-of-Plane 35-40-44-42
Out-of-Plane 35-40-44-43
Out-of-Plane 35-42-43-41
Out-of-Plane 35-41-44-42
Out-of-Plane 35-41-44-43
Out-of-Plane 35-42-43-44
Out-of-Plane 36-35-37-38
Out-of-Plane 37-35-36-41
Out-of-Plane 38-35-36-43
Out-of-Plane 39-35-40-41
Out-of-Plane 40-35-39-44
Out-of-Plane 41-35-37-39
Out-of-Plane 42-35-43-44
Out-of-Plane 43-35-38-42
Out-of-Plane 44-35-40-42
Dihedral 2-1-4-5
Dihedral 2-1-4-8
Dihedral 3-1-4-5
Dihedral 3-1-4-8
Dihedral 1-4-5-6
Dihedral 1-4-5-7
Dihedral 8-4-5-6
Dihedral 8-4-5-7
Dihedral 1-4-8-9
Dihedral 5-4-8-9
Dihedral 4-8-9-10
Dihedral 4-8-9-11
Dihedral 4-8-9-18
Dihedral 8-9-11-12
Dihedral 8-9-11-13
Dihedral 10-9-11-12
Dihedral 10-9-11-13
Dihedral 18-9-11-12
Dihedral 18-9-11-13
Dihedral 8-9-18-16
Dihedral 8-9-18-19
Dihedral 8-9-18-20
Dihedral 10-9-18-16
Dihedral 10-9-18-19
Dihedral 10-9-18-20
Dihedral 11-9-18-16
Dihedral 11-9-18-19
Dihedral 11-9-18-20
Dihedral 9-11-13-14
Dihedral 9-11-13-22
Dihedral 12-11-13-14
Dihedral 12-11-13-22
Dihedral 11-13-14-15
Dihedral 11-13-14-16
Dihedral 22-13-14-15
Dihedral 22-13-14-16
Dihedral 11-13-22-23
Dihedral 11-13-22-24
Dihedral 14-13-22-23
Dihedral 14-13-22-24
Dihedral 13-14-16-17
Dihedral 13-14-16-18
Dihedral 15-14-16-17
Dihedral 15-14-16-18
Dihedral 14-16-18-9
Dihedral 14-16-18-19
Dihedral 14-16-18-20
Dihedral 17-16-18-9
Dihedral 17-16-18-19
Dihedral 17-16-18-20
Dihedral 9-18-20-21
Dihedral 16-18-20-21
Dihedral 19-18-20-21
Dihedral 29-30-34-32
Dihedral 27-25-34-32
Dihedral 28-25-34-32
Dihedral 29-25-34-32
Dihedral 31-25-34-32
Dihedral 33-25-34-32
Dihedral 27-26-34-32
Dihedral 28-26-34-32
Dihedral 27-25-30-29
Dihedral 28-25-30-29
Dihedral 31-25-30-29
Dihedral 32-25-30-29
Dihedral 33-25-30-29
Dihedral 27-26-30-29
Dihedral 28-26-30-29
Dihedral 27-25-26-28
Dihedral 28-25-26-27
Dihedral 29-25-26-27
Dihedral 29-25-26-28
Dihedral 31-25-26-27
Dihedral 31-25-26-28
Dihedral 32-25-26-27
Dihedral 32-25-26-28
Dihedral 33-25-26-27
Dihedral 33-25-26-28
Dihedral 26-25-32-33
Dihedral 26-25-32-34
Dihedral 28-25-32-33
Dihedral 28-25-32-34
Dihedral 29-25-32-33
Dihedral 29-25-32-34
Dihedral 30-25-32-33
Dihedral 30-25-32-34
Dihedral 33-25-32-34
Dihedral 34-25-32-33
Dihedral 26-27-32-33
Dihedral 26-27-32-34
Dihedral 31-27-32-33
Dihedral 31-27-32-34
Dihedral 26-25-27-31
Dihedral 28-25-27-26
Dihedral 28-25-27-31
Dihedral 29-25-27-26
Dihedral 29-25-27-31
Dihedral 30-25-27-26
Dihedral 30-25-27-31
Dihedral 31-25-27-26
Dihedral 33-25-27-26
Dihedral 33-25-27-31
Dihedral 34-25-27-26
Dihedral 34-25-27-31
Dihedral 26-25-29-30
Dihedral 26-25-29-31
Dihedral 27-25-29-30
Dihedral 27-25-29-31
Dihedral 30-25-29-31
Dihedral 31-25-29-30
Dihedral 32-25-29-30
Dihedral 32-25-29-31
Dihedral 34-25-29-30
Dihedral 34-25-29-31
Dihedral 26-28-29-30
Dihedral 26-28-29-31
Dihedral 33-28-29-30
Dihedral 33-28-29-31
Dihedral 26-25-28-33
Dihedral 27-25-28-26
Dihedral 27-25-28-33
Dihedral 30-25-28-26
Dihedral 30-25-28-33
Dihedral 31-25-28-26
Dihedral 31-25-28-33
Dihedral 32-25-28-26
Dihedral 32-25-28-33
Dihedral 33-25-28-26
Dihedral 34-25-28-26
Dihedral 34-25-28-33
Dihedral 26-28-33-32
Dihedral 26-25-33-32
Dihedral 27-25-33-32
Dihedral 30-25-33-32
Dihedral 31-25-33-32
Dihedral 34-25-33-32
Dihedral 30-29-33-32
Dihedral 31-29-33-32
Dihedral 27-26-30-34
Dihedral 28-26-30-34
Dihedral 27-25-30-34
Dihedral 28-25-30-34
Dihedral 29-25-30-34
Dihedral 31-25-30-34
Dihedral 32-25-30-34
Dihedral 33-25-30-34
Dihedral 34-25-30-29
Dihedral 27-31-32-33
Dihedral 27-31-32-34
Dihedral 29-31-32-33
Dihedral 29-31-32-34
Dihedral 26-25-31-27
Dihedral 26-25-31-29
Dihedral 27-25-31-29
Dihedral 28-25-31-27
Dihedral 28-25-31-29
Dihedral 29-25-31-27
Dihedral 30-25-31-27
Dihedral 30-25-31-29
Dihedral 33-25-31-27
Dihedral 33-25-31-29
Dihedral 34-25-31-27
Dihedral 34-25-31-29
Dihedral 26-27-31-29
Dihedral 30-29-33-28
Dihedral 31-29-33-28
Dihedral 26-25-33-28
Dihedral 27-25-33-28
Dihedral 28-25-33-32
Dihedral 30-25-33-28
Dihedral 31-25-33-28
Dihedral 32-25-33-28
Dihedral 34-25-33-28
Dihedral 27-26-34-30
Dihedral 28-26-34-30
Dihedral 27-25-34-30
Dihedral 28-25-34-30
Dihedral 29-25-34-30
Dihedral 30-25-34-32
Dihedral 31-25-34-30
Dihedral 32-25-34-30
Dihedral 33-25-34-30
Dihedral 25-26-27-31
Dihedral 28-26-27-25
Dihedral 28-26-27-31
Dihedral 25-26-28-33
Dihedral 27-26-28-25
Dihedral 27-26-28-33
Dihedral 25-27-31-29
Dihedral 26-27-31-25
Dihedral 25-28-33-32
Dihedral 26-28-33-25
Dihedral 25-29-30-34
Dihedral 31-29-30-25
Dihedral 31-29-30-34
Dihedral 25-29-31-27
Dihedral 30-29-31-25
Dihedral 30-29-31-27
Dihedral 25-30-34-32
Dihedral 29-30-34-25
Dihedral 25-32-33-28
Dihedral 34-32-33-25
Dihedral 34-32-33-28
Dihedral 25-32-34-30
Dihedral 33-32-34-25
Dihedral 33-32-34-30
Dihedral 39-40-44-42
Dihedral 37-35-44-42
Dihedral 38-35-44-42
Dihedral 39-35-44-42
Dihedral 41-35-44-42
Dihedral 43-35-44-42
Dihedral 37-36-44-42
Dihedral 38-36-44-42
Dihedral 37-35-40-39
Dihedral 38-35-40-39
Dihedral 41-35-40-39
Dihedral 42-35-40-39
Dihedral 43-35-40-39
Dihedral 37-36-40-39
Dihedral 38-36-40-39
Dihedral 37-35-36-38
Dihedral 38-35-36-37
Dihedral 39-35-36-37
Dihedral 39-35-36-38
Dihedral 41-35-36-37
Dihedral 41-35-36-38
Dihedral 42-35-36-37
Dihedral 42-35-36-38
Dihedral 43-35-36-37
Dihedral 43-35-36-38
Dihedral 36-35-42-43
Dihedral 36-35-42-44
Dihedral 38-35-42-43
Dihedral 38-35-42-44
Dihedral 39-35-42-43
Dihedral 39-35-42-44
Dihedral 40-35-42-43
Dihedral 40-35-42-44
Dihedral 43-35-42-44
Dihedral 44-35-42-43
Dihedral 36-37-42-43
Dihedral 36-37-42-44
Dihedral 41-37-42-43
Dihedral 41-37-42-44
Dihedral 36-35-37-41
Dihedral 38-35-37-36
Dihedral 38-35-37-41
Dihedral 39-35-37-36
Dihedral 39-35-37-41
Dihedral 40-35-37-36
Dihedral 40-35-37-41
Dihedral 41-35-37-36
Dihedral 43-35-37-36
Dihedral 43-35-37-41
Dihedral 44-35-37-36
Dihedral 44-35-37-41
Dihedral 36-35-39-40
Dihedral 36-35-39-41
Dihedral 37-35-39-40
Dihedral 37-35-39-41
Dihedral 40-35-39-41
Dihedral 41-35-39-40
Dihedral 42-35-39-40
Dihedral 42-35-39-41
Dihedral 44-35-39-40
Dihedral 44-35-39-41
Dihedral 36-38-39-40
Dihedral 36-38-39-41
Dihedral 43-38-39-40
Dihedral 43-38-39-41
Dihedral 36-35-38-43
Dihedral 37-35-38-36
Dihedral 37-35-38-43
Dihedral 40-35-38-36
Dihedral 40-35-38-43
Dihedral 41-35-38-36
Dihedral 41-35-38-43
Dihedral 42-35-38-36
Dihedral 42-35-38-43
Dihedral 43-35-38-36
Dihedral 44-35-38-36
Dihedral 44-35-38-43
Dihedral 36-38-43-42
Dihedral 36-35-43-42
Dihedral 37-35-43-42
Dihedral 40-35-43-42
Dihedral 41-35-43-42
Dihedral 44-35-43-42
Dihedral 40-39-43-42
Dihedral 41-39-43-42
Dihedral 37-36-40-44
Dihedral 38-36-40-44
Dihedral 37-35-40-44
Dihedral 38-35-40-44
Dihedral 39-35-40-44
Dihedral 41-35-40-44
Dihedral 42-35-40-44
Dihedral 43-35-40-44
Dihedral 44-35-40-39
Dihedral 37-41-42-43
Dihedral 37-41-42-44
Dihedral 39-41-42-43
Dihedral 39-41-42-44
Dihedral 36-35-41-37
Dihedral 36-35-41-39
Dihedral 37-35-41-39
Dihedral 38-35-41-37
Dihedral 38-35-41-39
Dihedral 39-35-41-37
Dihedral 40-35-41-37
Dihedral 40-35-41-39
Dihedral 43-35-41-37
Dihedral 43-35-41-39
Dihedral 44-35-41-37
Dihedral 44-35-41-39
Dihedral 36-37-41-39
Dihedral 40-39-43-38
Dihedral 41-39-43-38
Dihedral 36-35-43-38
Dihedral 37-35-43-38
Dihedral 38-35-43-42
Dihedral 40-35-43-38
Dihedral 41-35-43-38
Dihedral 42-35-43-38
Dihedral 44-35-43-38
Dihedral 37-36-44-40
Dihedral 38-36-44-40
Dihedral 37-35-44-40
Dihedral 38-35-44-40
Dihedral 39-35-44-40
Dihedral 40-35-44-42
Dihedral 41-35-44-40
Dihedral 42-35-44-40
Dihedral 43-35-44-40
Dihedral 35-36-37-41
Dihedral 38-36-37-35
Dihedral 38-36-37-41
Dihedral 35-36-38-43
Dihedral 37-36-38-35
Dihedral 37-36-38-43
Dihedral 35-37-41-39
Dihedral 36-37-41-35
Dihedral 35-38-43-42
Dihedral 36-38-43-35
Dihedral 35-39-40-44
Dihedral 41-39-40-35
Dihedral 41-39-40-44
Dihedral 35-39-41-37
Dihedral 40-39-41-35
Dihedral 40-39-41-37
Dihedral 35-40-44-42
Dihedral 39-40-44-35
Dihedral 35-42-43-38
Dihedral 44-42-43-35
Dihedral 44-42-43-38
Dihedral 35-42-44-40
Dihedral 43-42-44-35
Dihedral 43-42-44-40
Cartesian-X 1
Cartesian-X 2
Cartesian-X 3
Cartesian-X 4
Cartesian-X 5
Cartesian-X 6
Cartesian-X 7
Cartesian-X 8
Cartesian-X 9
Cartesian-X 10
Cartesian-X 11
Cartesian-X 12
Cartesian-X 13
Cartesian-X 14
Cartesian-X 15
Cartesian-X 16
Cartesian-X 17
Cartesian-X 18
Cartesian-X 19
Cartesian-X 20
Cartesian-X 21
Cartesian-X 22
Cartesian-X 23
Cartesian-X 24
Cartesian-Y 1
Cartesian-Y 2
Cartesian-Y 3
Cartesian-Y 4
Cartesian-Y 5
Cartesian-Y 6
Cartesian-Y 7
Cartesian-Y 8
Cartesian-Y 9
Cartesian-Y 10
Cartesian-Y 11
Cartesian-Y 12
Cartesian-Y 13
Cartesian-Y 14
Cartesian-Y 15
Cartesian-Y 16
Cartesian-Y 17
Cartesian-Y 18
Cartesian-Y 19
Cartesian-Y 20
Cartesian-Y 21
Cartesian-Y 22
Cartesian-Y 23
Cartesian-Y 24
Cartesian-Z 1
Cartesian-Z 2
Cartesian-Z 3
Cartesian-Z 4
Cartesian-Z 5
Cartesian-Z 6
Cartesian-Z 7
Cartesian-Z 8
Cartesian-Z 9
Cartesian-Z 10
Cartesian-Z 11
Cartesian-Z 12
Cartesian-Z 13
Cartesian-Z 14
Cartesian-Z 15
Cartesian-Z 16
Cartesian-Z 17
Cartesian-Z 18
Cartesian-Z 19
Cartesian-Z 20
Cartesian-Z 21
Cartesian-Z 22
Cartesian-Z 23
Cartesian-Z 24
<class 'geometric.internal.CartesianX'> : 44
<class 'geometric.internal.CartesianY'> : 44
<class 'geometric.internal.CartesianZ'> : 44
<class 'geometric.internal.Distance'> : 60
<class 'geometric.internal.Angle'> : 76
<class 'geometric.internal.OutOfPlane'> : 194
<class 'geometric.internal.Dihedral'> : 359
Constraint                         Current      Target       Diff.
Cartesian-X 25                    54.83730    54.83730     0.00000
Cartesian-Y 25                    30.67720    30.67720     0.00000
Cartesian-Z 25                    58.90640    58.90640     0.00000
Cartesian-X 26                    54.98788    54.98788     0.00000
Cartesian-Y 26                    31.06242    31.06242     0.00000
Cartesian-Z 26                    57.64235    57.64235     0.00000
Cartesian-X 27                    54.67736    54.67736     0.00000
Cartesian-Y 27                    31.72492    31.72492     0.00000
Cartesian-Z 27                    58.33860    58.33860     0.00000
Cartesian-X 28                    55.18405    55.18405     0.00000
Cartesian-Y 28                    30.10738    30.10738     0.00000
Cartesian-Z 28                    57.90601    57.90601     0.00000
Cartesian-X 29                    54.42840    54.42840     0.00000
Cartesian-Y 29                    31.54960    31.54960     0.00000
Cartesian-Z 29                    59.82325    59.82325     0.00000
Cartesian-X 30                    54.62457    54.62457     0.00000
Cartesian-Y 30                    30.59457    30.59457     0.00000
Cartesian-Z 30                    60.08692    60.08692     0.00000
Cartesian-X 31                    54.54275    54.54275     0.00000
Cartesian-Y 31                    31.84214    31.84214     0.00000
Cartesian-Z 31                    58.86333    58.86333     0.00000
Cartesian-X 32                    55.09562    55.09562     0.00000
Cartesian-Y 32                    29.41958    29.41958     0.00000
Cartesian-Z 32                    59.25361    59.25361     0.00000
Cartesian-X 33                    55.20997    55.20997     0.00000
Cartesian-Y 33                    29.71211    29.71211     0.00000
Cartesian-Z 33                    58.29368    58.29368     0.00000
Cartesian-X 34                    54.78510    54.78510     0.00000
Cartesian-Y 34                    30.08208    30.08208     0.00000
Cartesian-Z 34                    59.94986    59.94986     0.00000
Cartesian-X 35                    57.97140    57.97140     0.00000
Cartesian-Y 35                    29.89850    29.89850     0.00000
Cartesian-Z 35                    59.18150    59.18150     0.00000
Cartesian-X 36                    58.12198    58.12198     0.00000
Cartesian-Y 36                    30.28372    30.28372     0.00000
Cartesian-Z 36                    57.91745    57.91745     0.00000
Cartesian-X 37                    57.81146    57.81146     0.00000
Cartesian-Y 37                    30.94622    30.94622     0.00000
Cartesian-Z 37                    58.61370    58.61370     0.00000
Cartesian-X 38                    58.31815    58.31815     0.00000
Cartesian-Y 38                    29.32868    29.32868     0.00000
Cartesian-Z 38                    58.18111    58.18111     0.00000
Cartesian-X 39                    57.56250    57.56250     0.00000
Cartesian-Y 39                    30.77090    30.77090     0.00000
Cartesian-Z 39                    60.09835    60.09835     0.00000
Cartesian-X 40                    57.75867    57.75867     0.00000
Cartesian-Y 40                    29.81587    29.81587     0.00000
Cartesian-Z 40                    60.36202    60.36202     0.00000
Cartesian-X 41                    57.67685    57.67685     0.00000
Cartesian-Y 41                    31.06344    31.06344     0.00000
Cartesian-Z 41                    59.13843    59.13843     0.00000
Cartesian-X 42                    58.22972    58.22972     0.00000
Cartesian-Y 42                    28.64088    28.64088     0.00000
Cartesian-Z 42                    59.52871    59.52871     0.00000
Cartesian-X 43                    58.34407    58.34407     0.00000
Cartesian-Y 43                    28.93341    28.93341     0.00000
Cartesian-Z 43                    58.56878    58.56878     0.00000
Cartesian-X 44                    57.91920    57.91920     0.00000
Cartesian-Y 44                    29.30338    29.30338     0.00000
Cartesian-Z 44                    60.22496    60.22496     0.00000
> ===== Optimization Info: ====
> Job type: Energy minimization
> Maximum number of optimization cycles: 300
> Initial / maximum trust radius (Angstrom): 0.100 / 0.300
> Convergence Criteria:
> Will converge when all 5 criteria are reached:
>  |Delta-E| < 1.00e-05
>  RMS-Ortho-Grad < 3.00e-03
>  Max-Ortho-Grad < 6.00e-03
>  RMS-Disp  < 1.00e-02
>  Max-Disp  < 1.50e-02
> 
> Constraints are requested. The following criterion is added:
>  Max Constraint Violation (in Angstroms/degrees) < 1.00e-02 
> === End Optimization Info ===
Step    0 : Gradient = 1.196e-02/3.571e-02 (rms/max) Energy = -837.5748831962
Hessian Eigenvalues: 2.63687e-02 2.63687e-02 2.65613e-02 ... 5.04054e-01 5.73421e-01 5.74709e-01
Step    1 : Displace = [0m2.033e-02[0m/[0m6.172e-02[0m (rms/max) Trust = 1.000e-01 (=) Grad_T = [0m4.746e-03[0m/[0m1.732e-02[0m (rms/max) E (change) = -837.5818013355 ([0m-6.918e-03[0m) Quality = [0m1.224[0m
Hessian Eigenvalues: 2.28787e-02 2.63687e-02 2.63689e-02 ... 5.04054e-01 5.65805e-01 5.74355e-01
Step    2 : Displace = [0m2.596e-02[0m/[0m7.286e-02[0m (rms/max) Trust = 1.414e-01 ([92m+[0m) Grad_T = [0m3.472e-03[0m/[0m1.232e-02[0m (rms/max) E (change) = -837.5860143079 ([0m-4.213e-03[0m) Quality = [0m1.321[0m
Hessian Eigenvalues: 1.13459e-02 2.63687e-02 2.63689e-02 ... 5.04055e-01 5.73782e-01 5.88133e-01
Step    3 : Displace = [0m3.479e-02[0m/[0m8.614e-02[0m (rms/max) Trust = 2.000e-01 ([92m+[0m) Grad_T = [0m5.525e-03[0m/[0m2.075e-02[0m (rms/max) E (change) = -837.5894997472 ([0m-3.485e-03[0m) Quality = [0m1.544[0m
Hessian Eigenvalues: 4.45153e-03 2.63685e-02 2.63687e-02 ... 5.04063e-01 5.74110e-01 5.90956e-01
Step    4 : Displace = [0m7.723e-02[0m/[0m2.030e-01[0m (rms/max) Trust = 2.828e-01 ([92m+[0m) Grad_T = [0m7.973e-03[0m/[0m2.250e-02[0m (rms/max) E (change) = -837.5950258500 ([0m-5.526e-03[0m) Quality = [0m1.348[0m
Hessian Eigenvalues: 2.73857e-03 2.63680e-02 2.63688e-02 ... 5.04080e-01 5.75170e-01 5.80083e-01
Step    5 : Displace = [0m8.530e-02[0m/[0m2.368e-01[0m (rms/max) Trust = 3.000e-01 ([92m+[0m) Grad_T = [0m8.498e-03[0m/[0m2.864e-02[0m (rms/max) E (change) = -837.6017073645 ([0m-6.682e-03[0m) Quality = [0m1.529[0m
Hessian Eigenvalues: 1.76566e-03 2.63648e-02 2.63688e-02 ... 5.04149e-01 5.74803e-01 5.85884e-01
Step    6 : Displace = [0m1.548e-01[0m/[0m4.446e-01[0m (rms/max) Trust = 3.000e-01 (=) Grad_T = [0m1.112e-02[0m/[0m2.768e-02[0m (rms/max) E (change) = -837.6136809575 ([0m-1.197e-02[0m) Quality = [0m1.298[0m
Hessian Eigenvalues: 1.56054e-03 2.39365e-02 2.63686e-02 ... 5.11364e-01 5.74430e-01 6.10997e-01
Step    7 : Displace = [0m9.932e-02[0m/[0m3.114e-01[0m (rms/max) Trust = 3.000e-01 (=) Grad_T = [0m1.237e-02[0m/[0m3.898e-02[0m (rms/max) E (change) = -837.6242806406 ([0m-1.060e-02[0m) Quality = [0m1.203[0m
Hessian Eigenvalues: 7.89569e-04 2.41055e-02 2.63685e-02 ... 5.04140e-01 5.75065e-01 5.89880e-01
Step    8 : Displace = [0m3.041e-01[0m/[0m9.332e-01[0m (rms/max) Trust = 3.000e-01 (=) Grad_T = [0m3.275e-02[0m/[0m1.266e-01[0m (rms/max) E (change) = -837.5729946320 ([91m+5.129e-02[0m) Quality = [91m-3.420[0m
[93mRejecting step - quality is lower than -1.0[0m
Hessian Eigenvalues: 7.89569e-04 2.41055e-02 2.63685e-02 ... 5.04140e-01 5.75065e-01 5.89880e-01
Step    9 : Displace = [0m1.443e-01[0m/[0m4.319e-01[0m (rms/max) Trust = 1.500e-01 ([1;91mx[0m) Grad_T = [0m1.836e-02[0m/[0m7.184e-02[0m (rms/max) E (change) = -837.6300335052 ([0m-5.753e-03[0m) Quality = [0m0.459[0m
Hessian Eigenvalues: 1.57911e-03 1.47840e-02 2.63686e-02 ... 5.72047e-01 5.75239e-01 6.48344e-01
Step   10 : Displace = [0m6.653e-02[0m/[0m1.621e-01[0m (rms/max) Trust = 1.500e-01 (=) Grad_T = [0m1.104e-02[0m/[0m2.884e-02[0m (rms/max) E (change) = -837.6468877390 ([0m-1.685e-02[0m) Quality = [0m0.911[0m
Hessian Eigenvalues: 1.31320e-03 1.61785e-02 2.63686e-02 ... 5.71867e-01 5.74255e-01 6.74796e-01
Step   11 : Displace = [0m1.960e-01[0m/[0m5.637e-01[0m (rms/max) Trust = 2.121e-01 ([92m+[0m) Grad_T = [0m1.839e-02[0m/[0m5.710e-02[0m (rms/max) E (change) = -837.6588723640 ([0m-1.198e-02[0m) Quality = [0m0.986[0m
Hessian Eigenvalues: 1.59996e-03 1.56441e-02 2.63687e-02 ... 5.74172e-01 5.94303e-01 7.64391e-01
Step   12 : Displace = [0m1.378e-01[0m/[0m3.729e-01[0m (rms/max) Trust = 3.000e-01 ([92m+[0m) Grad_T = [0m2.158e-02[0m/[0m7.693e-02[0m (rms/max) E (change) = -837.6607075659 ([0m-1.835e-03[0m) Quality = [0m0.086[0m
Hessian Eigenvalues: 2.69388e-03 1.46755e-02 2.61378e-02 ... 5.75679e-01 5.86808e-01 1.03945e+00
Step   13 : Displace = [0m7.157e-02[0m/[0m2.585e-01[0m (rms/max) Trust = 6.889e-02 ([91m-[0m) Grad_T = [0m1.333e-02[0m/[0m3.682e-02[0m (rms/max) E (change) = -837.6777298706 ([0m-1.702e-02[0m) Quality = [0m0.568[0m
Hessian Eigenvalues: 3.29963e-03 1.51295e-02 2.62606e-02 ... 5.71873e-01 5.90767e-01 1.21992e+00
Step   14 : Displace = [0m6.037e-02[0m/[0m2.007e-01[0m (rms/max) Trust = 6.889e-02 (=) Grad_T = [0m1.234e-02[0m/[0m5.538e-02[0m (rms/max) E (change) = -837.6817300559 ([0m-4.000e-03[0m) Quality = [0m0.335[0m
Hessian Eigenvalues: 3.74248e-03 1.68502e-02 2.48974e-02 ... 5.82818e-01 6.06255e-01 1.11895e+00
Step   15 : Displace = [0m5.221e-02[0m/[0m1.966e-01[0m (rms/max) Trust = 6.889e-02 (=) Grad_T = [0m1.011e-02[0m/[0m3.166e-02[0m (rms/max) E (change) = -837.6872307571 ([0m-5.501e-03[0m) Quality = [0m0.549[0m
Hessian Eigenvalues: 4.75173e-03 1.68393e-02 2.34355e-02 ... 5.87558e-01 6.18257e-01 1.19440e+00
Step   16 : Displace = [0m6.068e-02[0m/[0m1.597e-01[0m (rms/max) Trust = 6.889e-02 (=) Grad_T = [0m8.924e-03[0m/[0m3.260e-02[0m (rms/max) E (change) = -837.6913040452 ([0m-4.073e-03[0m) Quality = [0m0.638[0m
Hessian Eigenvalues: 5.61247e-03 1.56614e-02 2.15135e-02 ... 5.83554e-01 6.03494e-01 1.54116e+00
Step   17 : Displace = [0m2.723e-02[0m/[0m1.017e-01[0m (rms/max) Trust = 6.889e-02 (=) Grad_T = [0m7.789e-03[0m/[0m2.354e-02[0m (rms/max) E (change) = -837.6940344128 ([0m-2.730e-03[0m) Quality = [0m0.581[0m
Hessian Eigenvalues: 6.09501e-03 1.48561e-02 1.80624e-02 ... 5.89944e-01 6.34025e-01 1.86304e+00
Step   18 : Displace = [0m3.530e-02[0m/[0m1.132e-01[0m (rms/max) Trust = 6.889e-02 (=) Grad_T = [0m5.427e-03[0m/[0m1.989e-02[0m (rms/max) E (change) = -837.6986835048 ([0m-4.649e-03[0m) Quality = [0m1.196[0m
Hessian Eigenvalues: 4.80862e-03 1.09980e-02 1.66922e-02 ... 6.11858e-01 6.28905e-01 1.73558e+00
Step   19 : Displace = [0m5.364e-02[0m/[0m1.475e-01[0m (rms/max) Trust = 9.742e-02 ([92m+[0m) Grad_T = [0m5.496e-03[0m/[0m1.889e-02[0m (rms/max) E (change) = -837.7031142369 ([0m-4.431e-03[0m) Quality = [0m1.367[0m
Hessian Eigenvalues: 2.62953e-03 8.24345e-03 1.82084e-02 ... 5.93816e-01 6.46887e-01 1.78574e+00
Step   20 : Displace = [0m9.747e-02[0m/[0m2.925e-01[0m (rms/max) Trust = 1.378e-01 ([92m+[0m) Grad_T = [0m1.356e-02[0m/[0m6.389e-02[0m (rms/max) E (change) = -837.7054887739 ([0m-2.375e-03[0m) Quality = [0m0.516[0m
Hessian Eigenvalues: 2.75697e-03 8.35509e-03 1.83483e-02 ... 6.05560e-01 6.62821e-01 1.91903e+00
Step   21 : Displace = [0m2.373e-02[0m/[0m7.962e-02[0m (rms/max) Trust = 1.378e-01 (=) Grad_T = [0m5.141e-03[0m/[0m1.427e-02[0m (rms/max) E (change) = -837.7102362994 ([0m-4.748e-03[0m) Quality = [0m0.911[0m
Hessian Eigenvalues: 2.59663e-03 8.35112e-03 1.86276e-02 ... 5.98545e-01 6.41571e-01 1.73658e+00
Step   22 : Displace = [0m3.370e-02[0m/[0m9.972e-02[0m (rms/max) Trust = 1.948e-01 ([92m+[0m) Grad_T = [0m3.105e-03[0m/[0m9.693e-03[0m (rms/max) E (change) = -837.7124341910 ([0m-2.198e-03[0m) Quality = [0m1.324[0m
Hessian Eigenvalues: 1.68304e-03 8.35449e-03 1.83161e-02 ... 5.92514e-01 6.73867e-01 2.17976e+00
Step   23 : Displace = [0m6.715e-02[0m/[0m2.128e-01[0m (rms/max) Trust = 2.756e-01 ([92m+[0m) Grad_T = [0m4.883e-03[0m/[0m2.215e-02[0m (rms/max) E (change) = -837.7143016835 ([0m-1.867e-03[0m) Quality = [0m1.084[0m
Hessian Eigenvalues: 1.79070e-03 8.37758e-03 1.68138e-02 ... 6.10651e-01 7.39309e-01 2.15628e+00
Step   24 : Displace = [0m2.224e-02[0m/[0m5.789e-02[0m (rms/max) Trust = 3.000e-01 ([92m+[0m) Grad_T = [92m2.572e-03[0m/[0m7.401e-03[0m (rms/max) E (change) = -837.7157123829 ([0m-1.411e-03[0m) Quality = [0m1.277[0m
Hessian Eigenvalues: 1.43316e-03 8.47760e-03 1.25078e-02 ... 6.22711e-01 7.44105e-01 2.16646e+00
Step   25 : Displace = [0m5.037e-02[0m/[0m1.323e-01[0m (rms/max) Trust = 3.000e-01 (=) Grad_T = [92m2.732e-03[0m/[0m9.213e-03[0m (rms/max) E (change) = -837.7171512281 ([0m-1.439e-03[0m) Quality = [0m1.104[0m
Hessian Eigenvalues: 1.06588e-03 8.97309e-03 9.34322e-03 ... 6.21199e-01 7.70699e-01 2.17851e+00
Step   26 : Displace = [0m4.400e-02[0m/[0m1.034e-01[0m (rms/max) Trust = 3.000e-01 (=) Grad_T = [92m2.753e-03[0m/[0m7.924e-03[0m (rms/max) E (change) = -837.7180689854 ([0m-9.178e-04[0m) Quality = [0m1.076[0m
Hessian Eigenvalues: 1.38662e-03 5.03795e-03 1.07929e-02 ... 6.45600e-01 7.73129e-01 2.18153e+00
Step   27 : Displace = [0m3.769e-02[0m/[0m9.471e-02[0m (rms/max) Trust = 3.000e-01 (=) Grad_T = [0m3.779e-03[0m/[0m1.167e-02[0m (rms/max) E (change) = -837.7195516957 ([0m-1.483e-03[0m) Quality = [0m1.206[0m
Hessian Eigenvalues: 1.20073e-03 4.09974e-03 1.07631e-02 ... 6.39187e-01 8.45298e-01 2.19824e+00
Step   28 : Displace = [0m4.464e-02[0m/[0m1.179e-01[0m (rms/max) Trust = 3.000e-01 (=) Grad_T = [92m2.774e-03[0m/[0m7.252e-03[0m (rms/max) E (change) = -837.7212841698 ([0m-1.732e-03[0m) Quality = [0m1.468[0m
Hessian Eigenvalues: 1.10294e-03 2.82914e-03 1.03838e-02 ... 6.53936e-01 8.26551e-01 2.28387e+00
Step   29 : Displace = [0m6.756e-02[0m/[0m1.667e-01[0m (rms/max) Trust = 3.000e-01 (=) Grad_T = [0m3.616e-03[0m/[0m1.035e-02[0m (rms/max) E (change) = -837.7235696436 ([0m-2.285e-03[0m) Quality = [0m1.251[0m
Hessian Eigenvalues: 1.13481e-03 2.49744e-03 9.83122e-03 ... 6.53083e-01 8.59933e-01 2.28431e+00
Step   30 : Displace = [0m3.806e-02[0m/[0m7.243e-02[0m (rms/max) Trust = 3.000e-01 (=) Grad_T = [0m4.671e-03[0m/[0m1.400e-02[0m (rms/max) E (change) = -837.7253622700 ([0m-1.793e-03[0m) Quality = [0m1.336[0m
Hessian Eigenvalues: 9.61042e-04 2.68546e-03 9.05433e-03 ... 6.56391e-01 8.57779e-01 2.32023e+00
Step   31 : Displace = [0m5.560e-02[0m/[0m1.309e-01[0m (rms/max) Trust = 3.000e-01 (=) Grad_T = [0m4.923e-03[0m/[0m1.531e-02[0m (rms/max) E (change) = -837.7276382477 ([0m-2.276e-03[0m) Quality = [0m1.321[0m
Hessian Eigenvalues: 1.04336e-03 2.57917e-03 6.74735e-03 ... 6.49855e-01 8.36834e-01 2.29828e+00
Step   32 : Displace = [0m3.643e-02[0m/[0m8.269e-02[0m (rms/max) Trust = 3.000e-01 (=) Grad_T = [92m2.696e-03[0m/[0m6.893e-03[0m (rms/max) E (change) = -837.7294691684 ([0m-1.831e-03[0m) Quality = [0m1.127[0m
Hessian Eigenvalues: 7.94029e-04 2.72092e-03 7.94239e-03 ... 6.48958e-01 8.09207e-01 2.31043e+00
Step   33 : Displace = [0m8.696e-02[0m/[0m1.991e-01[0m (rms/max) Trust = 3.000e-01 (=) Grad_T = [0m4.071e-03[0m/[0m1.395e-02[0m (rms/max) E (change) = -837.7307923822 ([0m-1.323e-03[0m) Quality = [0m0.913[0m
Hessian Eigenvalues: 8.66168e-04 2.96207e-03 7.83007e-03 ... 6.49245e-01 8.24207e-01 2.31040e+00
Step   34 : Displace = [0m2.303e-02[0m/[0m6.658e-02[0m (rms/max) Trust = 3.000e-01 (=) Grad_T = [0m3.621e-03[0m/[0m1.316e-02[0m (rms/max) E (change) = -837.7322079575 ([0m-1.416e-03[0m) Quality = [0m1.127[0m
Hessian Eigenvalues: 7.45134e-04 3.10762e-03 8.46069e-03 ... 6.48530e-01 9.94564e-01 2.30604e+00
Step   35 : Displace = [0m6.274e-02[0m/[0m1.360e-01[0m (rms/max) Trust = 3.000e-01 (=) Grad_T = [0m4.657e-03[0m/[0m1.438e-02[0m (rms/max) E (change) = -837.7333132239 ([0m-1.105e-03[0m) Quality = [0m0.712[0m
Hessian Eigenvalues: 6.01060e-04 3.24395e-03 8.84374e-03 ... 6.48507e-01 1.02465e+00 2.30721e+00
Step   36 : Displace = [0m4.272e-02[0m/[0m9.575e-02[0m (rms/max) Trust = 3.000e-01 (=) Grad_T = [92m2.855e-03[0m/[0m7.292e-03[0m (rms/max) E (change) = -837.7345837342 ([0m-1.271e-03[0m) Quality = [0m1.193[0m
Hessian Eigenvalues: 6.14919e-04 3.19490e-03 8.65572e-03 ... 6.56891e-01 1.03430e+00 2.30114e+00
Step   37 : Displace = [0m2.099e-02[0m/[0m5.066e-02[0m (rms/max) Trust = 3.000e-01 (=) Grad_T = [92m2.942e-03[0m/[0m1.155e-02[0m (rms/max) E (change) = -837.7355915185 ([0m-1.008e-03[0m) Quality = [0m1.177[0m
Hessian Eigenvalues: 5.68051e-04 3.08753e-03 8.44393e-03 ... 6.50906e-01 1.09453e+00 2.31547e+00
Step   38 : Displace = [0m4.159e-02[0m/[0m9.325e-02[0m (rms/max) Trust = 3.000e-01 (=) Grad_T = [92m2.699e-03[0m/[0m8.522e-03[0m (rms/max) E (change) = -837.7367718273 ([0m-1.180e-03[0m) Quality = [0m1.527[0m
Hessian Eigenvalues: 5.60595e-04 3.03153e-03 5.69407e-03 ... 6.50923e-01 1.04731e+00 2.30991e+00
Step   39 : Displace = [0m5.986e-02[0m/[0m1.353e-01[0m (rms/max) Trust = 3.000e-01 (=) Grad_T = [92m2.595e-03[0m/[0m8.108e-03[0m (rms/max) E (change) = -837.7385299678 ([0m-1.758e-03[0m) Quality = [0m1.335[0m
Hessian Eigenvalues: 4.96725e-04 2.96846e-03 4.06399e-03 ... 6.51360e-01 1.04745e+00 2.30693e+00
Step   40 : Displace = [0m5.642e-02[0m/[0m1.162e-01[0m (rms/max) Trust = 3.000e-01 (=) Grad_T = [92m2.819e-03[0m/[0m9.642e-03[0m (rms/max) E (change) = -837.7399318127 ([0m-1.402e-03[0m) Quality = [0m1.395[0m
Hessian Eigenvalues: 7.45073e-04 1.69763e-03 3.23624e-03 ... 6.58314e-01 1.05158e+00 2.30959e+00
Step   41 : Displace = [0m8.296e-02[0m/[0m2.594e-01[0m (rms/max) Trust = 3.000e-01 (=) Grad_T = [0m5.810e-03[0m/[0m1.581e-02[0m (rms/max) E (change) = -837.7409439167 ([0m-1.012e-03[0m) Quality = [0m0.533[0m
Hessian Eigenvalues: 6.01884e-04 2.53319e-03 3.53676e-03 ... 6.68199e-01 1.06029e+00 2.31276e+00
Step   42 : Displace = [0m1.016e-01[0m/[0m2.161e-01[0m (rms/max) Trust = 3.000e-01 (=) Grad_T = [0m6.898e-03[0m/[0m1.884e-02[0m (rms/max) E (change) = -837.7424520461 ([0m-1.508e-03[0m) Quality = [0m0.611[0m
Hessian Eigenvalues: 1.11360e-03 2.54716e-03 3.45027e-03 ... 6.60987e-01 1.05470e+00 2.31346e+00
Step   43 : Displace = [0m5.071e-02[0m/[0m1.062e-01[0m (rms/max) Trust = 3.000e-01 (=) Grad_T = [0m5.017e-03[0m/[0m1.750e-02[0m (rms/max) E (change) = -837.7447530843 ([0m-2.301e-03[0m) Quality = [0m0.818[0m
Hessian Eigenvalues: 1.33483e-03 2.36738e-03 3.76697e-03 ... 6.80961e-01 1.05407e+00 2.32356e+00
Step   44 : Displace = [0m4.899e-02[0m/[0m1.395e-01[0m (rms/max) Trust = 3.000e-01 (=) Grad_T = [0m3.115e-03[0m/[0m7.725e-03[0m (rms/max) E (change) = -837.7471826541 ([0m-2.430e-03[0m) Quality = [0m1.339[0m
Hessian Eigenvalues: 9.54301e-04 1.94266e-03 4.31036e-03 ... 7.06491e-01 1.05124e+00 2.31287e+00
Step   45 : Displace = [0m9.569e-02[0m/[0m2.192e-01[0m (rms/max) Trust = 3.000e-01 (=) Grad_T = [0m6.385e-03[0m/[0m2.045e-02[0m (rms/max) E (change) = -837.7490449468 ([0m-1.862e-03[0m) Quality = [0m0.862[0m
Hessian Eigenvalues: 1.24556e-03 2.17057e-03 4.31577e-03 ... 7.53362e-01 1.09461e+00 2.33072e+00
Step   46 : Displace = [0m1.986e-02[0m/[0m5.530e-02[0m (rms/max) Trust = 3.000e-01 (=) Grad_T = [0m3.859e-03[0m/[0m1.482e-02[0m (rms/max) E (change) = -837.7508377444 ([0m-1.793e-03[0m) Quality = [0m1.186[0m
Hessian Eigenvalues: 1.29201e-03 2.20800e-03 4.50989e-03 ... 7.19177e-01 1.06863e+00 2.31722e+00
Step   47 : Displace = [0m4.703e-02[0m/[0m1.356e-01[0m (rms/max) Trust = 3.000e-01 (=) Grad_T = [0m3.779e-03[0m/[0m9.595e-03[0m (rms/max) E (change) = -837.7527174235 ([0m-1.880e-03[0m) Quality = [0m1.332[0m
Hessian Eigenvalues: 1.03749e-03 2.22097e-03 4.57601e-03 ... 7.19175e-01 1.07260e+00 2.41392e+00
Step   48 : Displace = [0m6.860e-02[0m/[0m1.972e-01[0m (rms/max) Trust = 3.000e-01 (=) Grad_T = [0m4.586e-03[0m/[0m1.255e-02[0m (rms/max) E (change) = -837.7545378067 ([0m-1.820e-03[0m) Quality = [0m0.920[0m
Hessian Eigenvalues: 8.76852e-04 2.81744e-03 4.50827e-03 ... 7.29102e-01 1.09251e+00 2.40190e+00
Step   49 : Displace = [0m5.718e-02[0m/[0m1.210e-01[0m (rms/max) Trust = 3.000e-01 (=) Grad_T = [0m4.261e-03[0m/[0m9.412e-03[0m (rms/max) E (change) = -837.7563690485 ([0m-1.831e-03[0m) Quality = [0m1.259[0m
Hessian Eigenvalues: 9.80429e-04 2.71291e-03 4.41675e-03 ... 7.18220e-01 1.08058e+00 2.33703e+00
Step   50 : Displace = [0m4.834e-02[0m/[0m1.405e-01[0m (rms/max) Trust = 3.000e-01 (=) Grad_T = [0m4.646e-03[0m/[0m1.238e-02[0m (rms/max) E (change) = -837.7582944636 ([0m-1.925e-03[0m) Quality = [0m0.877[0m
Hessian Eigenvalues: 7.10537e-04 2.80324e-03 5.03121e-03 ... 7.34563e-01 1.11065e+00 2.32117e+00
Step   51 : Displace = [0m1.554e-01[0m/[0m3.658e-01[0m (rms/max) Trust = 3.000e-01 (=) Grad_T = [0m8.368e-03[0m/[0m2.255e-02[0m (rms/max) E (change) = -837.7591068643 ([0m-8.124e-04[0m) Quality = [0m0.266[0m
Hessian Eigenvalues: 1.38862e-03 2.80266e-03 4.99849e-03 ... 7.73092e-01 1.12123e+00 2.31920e+00
Step   52 : Displace = [0m6.822e-02[0m/[0m1.672e-01[0m (rms/max) Trust = 3.000e-01 (=) Grad_T = [0m5.521e-03[0m/[0m1.427e-02[0m (rms/max) E (change) = -837.7616980248 ([0m-2.591e-03[0m) Quality = [0m0.572[0m
Hessian Eigenvalues: 1.44933e-03 2.80420e-03 5.28144e-03 ... 7.81190e-01 1.11156e+00 2.32333e+00
Step   53 : Displace = [0m2.948e-02[0m/[0m1.015e-01[0m (rms/max) Trust = 3.000e-01 (=) Grad_T = [0m6.057e-03[0m/[0m2.011e-02[0m (rms/max) E (change) = -837.7619610866 ([0m-2.631e-04[0m) Quality = [0m0.099[0m
Hessian Eigenvalues: 1.33898e-03 2.78171e-03 5.09346e-03 ... 7.94382e-01 1.11438e+00 2.32024e+00
Step   54 : Displace = [0m1.485e-02[0m/[0m4.566e-02[0m (rms/max) Trust = 1.474e-02 ([91m-[0m) Grad_T = [92m2.036e-03[0m/[0m6.162e-03[0m (rms/max) E (change) = -837.7639531745 ([0m-1.992e-03[0m) Quality = [0m1.028[0m
Hessian Eigenvalues: 1.28130e-03 2.78361e-03 5.15690e-03 ... 8.19153e-01 1.10133e+00 2.32950e+00
Step   55 : Displace = [0m2.154e-02[0m/[0m3.986e-02[0m (rms/max) Trust = 2.085e-02 ([92m+[0m) Grad_T = [92m2.027e-03[0m/[92m5.729e-03[0m (rms/max) E (change) = -837.7648451884 ([0m-8.920e-04[0m) Quality = [0m0.922[0m
Hessian Eigenvalues: 1.06975e-03 2.78654e-03 5.08262e-03 ... 8.36552e-01 1.09804e+00 2.31785e+00
Step   56 : Displace = [0m2.995e-02[0m/[0m5.045e-02[0m (rms/max) Trust = 2.948e-02 ([92m+[0m) Grad_T = [92m1.658e-03[0m/[92m4.512e-03[0m (rms/max) E (change) = -837.7661019533 ([0m-1.257e-03[0m) Quality = [0m1.180[0m
Hessian Eigenvalues: 5.85206e-04 2.75661e-03 4.96079e-03 ... 8.58795e-01 1.09114e+00 2.30038e+00
Step   57 : Displace = [0m4.174e-02[0m/[0m7.615e-02[0m (rms/max) Trust = 4.169e-02 ([92m+[0m) Grad_T = [92m1.429e-03[0m/[92m4.183e-03[0m (rms/max) E (change) = -837.7678755025 ([0m-1.774e-03[0m) Quality = [0m1.064[0m
Hessian Eigenvalues: 4.58969e-04 2.79946e-03 4.95598e-03 ... 8.58086e-01 1.09240e+00 2.32242e+00
Step   58 : Displace = [0m5.793e-02[0m/[0m1.026e-01[0m (rms/max) Trust = 5.896e-02 ([92m+[0m) Grad_T = [92m1.438e-03[0m/[92m3.140e-03[0m (rms/max) E (change) = -837.7700500904 ([0m-2.175e-03[0m) Quality = [0m1.043[0m
Hessian Eigenvalues: 4.63976e-04 2.80442e-03 4.55058e-03 ... 8.58240e-01 1.09531e+00 2.31961e+00
Step   59 : Displace = [0m8.195e-02[0m/[0m1.551e-01[0m (rms/max) Trust = 8.338e-02 ([92m+[0m) Grad_T = [92m2.392e-03[0m/[0m6.475e-03[0m (rms/max) E (change) = -837.7727915761 ([0m-2.741e-03[0m) Quality = [0m1.041[0m
Hessian Eigenvalues: 4.89773e-04 2.81745e-03 4.02713e-03 ... 8.84008e-01 1.09988e+00 2.33501e+00
Step   60 : Displace = [0m1.166e-01[0m/[0m2.223e-01[0m (rms/max) Trust = 1.179e-01 ([92m+[0m) Grad_T = [92m2.930e-03[0m/[0m7.913e-03[0m (rms/max) E (change) = -837.7754723580 ([0m-2.681e-03[0m) Quality = [0m0.889[0m
Hessian Eigenvalues: 6.30391e-04 2.97222e-03 3.58839e-03 ... 8.75337e-01 1.09446e+00 2.32768e+00
Step   61 : Displace = [0m1.047e-01[0m/[0m2.058e-01[0m (rms/max) Trust = 1.668e-01 ([92m+[0m) Grad_T = [0m5.439e-03[0m/[0m1.552e-02[0m (rms/max) E (change) = -837.7769303512 ([0m-1.458e-03[0m) Quality = [0m0.865[0m
Hessian Eigenvalues: 7.33021e-04 2.90273e-03 3.34597e-03 ... 8.91896e-01 1.11894e+00 2.33193e+00
Step   62 : Displace = [0m5.450e-02[0m/[0m1.409e-01[0m (rms/max) Trust = 2.358e-01 ([92m+[0m) Grad_T = [0m7.052e-03[0m/[0m2.148e-02[0m (rms/max) E (change) = -837.7754689620 ([91m+1.461e-03[0m) Quality = [91m-0.710[0m
Hessian Eigenvalues: 5.89267e-04 3.08253e-03 4.70993e-03 ... 9.33765e-01 1.09669e+00 2.34428e+00
Step   63 : Displace = [0m2.938e-02[0m/[0m6.569e-02[0m (rms/max) Trust = 2.725e-02 ([91m-[0m) Grad_T = [92m2.522e-03[0m/[0m6.057e-03[0m (rms/max) E (change) = -837.7789344717 ([0m-3.466e-03[0m) Quality = [0m0.962[0m
Hessian Eigenvalues: 5.93580e-04 3.10274e-03 4.83914e-03 ... 9.29082e-01 1.09859e+00 2.32965e+00
Step   64 : Displace = [0m3.946e-02[0m/[0m9.033e-02[0m (rms/max) Trust = 3.854e-02 ([92m+[0m) Grad_T = [0m3.901e-03[0m/[0m1.305e-02[0m (rms/max) E (change) = -837.7795480226 ([0m-6.136e-04[0m) Quality = [0m0.609[0m
Hessian Eigenvalues: 5.40466e-04 3.12785e-03 4.90777e-03 ... 9.30160e-01 1.16454e+00 2.33526e+00
Step   65 : Displace = [0m3.074e-02[0m/[0m8.257e-02[0m (rms/max) Trust = 3.854e-02 (=) Grad_T = [0m3.755e-03[0m/[0m1.129e-02[0m (rms/max) E (change) = -837.7801156155 ([0m-5.676e-04[0m) Quality = [0m0.738[0m
Hessian Eigenvalues: 5.72785e-04 3.10666e-03 4.85456e-03 ... 9.30285e-01 1.04322e+00 2.36846e+00
Step   66 : Displace = [0m1.411e-02[0m/[0m3.742e-02[0m (rms/max) Trust = 3.854e-02 (=) Grad_T = [0m3.108e-03[0m/[0m8.415e-03[0m (rms/max) E (change) = -837.7807548528 ([0m-6.392e-04[0m) Quality = [0m0.658[0m
Hessian Eigenvalues: 5.71654e-04 3.05550e-03 4.97754e-03 ... 9.24886e-01 1.02140e+00 2.37730e+00
Step   67 : Displace = [0m3.824e-02[0m/[0m7.747e-02[0m (rms/max) Trust = 3.854e-02 (=) Grad_T = [0m3.005e-03[0m/[0m7.565e-03[0m (rms/max) E (change) = -837.7816964724 ([0m-9.416e-04[0m) Quality = [0m1.053[0m
Hessian Eigenvalues: 4.32706e-04 2.83521e-03 4.83627e-03 ... 9.45753e-01 1.02557e+00 2.43021e+00
Step   68 : Displace = [0m5.372e-02[0m/[0m1.115e-01[0m (rms/max) Trust = 5.450e-02 ([92m+[0m) Grad_T = [92m2.534e-03[0m/[92m5.603e-03[0m (rms/max) E (change) = -837.7827709238 ([0m-1.074e-03[0m) Quality = [0m1.132[0m
Hessian Eigenvalues: 5.28696e-04 2.16958e-03 4.52201e-03 ... 9.39481e-01 1.02777e+00 2.45166e+00
Step   69 : Displace = [0m5.969e-02[0m/[0m1.410e-01[0m (rms/max) Trust = 7.708e-02 ([92m+[0m) Grad_T = [0m4.595e-03[0m/[0m1.142e-02[0m (rms/max) E (change) = -837.7839562766 ([0m-1.185e-03[0m) Quality = [0m0.785[0m
Hessian Eigenvalues: 3.86985e-04 3.16716e-03 4.26152e-03 ... 9.44467e-01 1.03837e+00 2.46054e+00
Step   70 : Displace = [0m1.102e-01[0m/[0m2.101e-01[0m (rms/max) Trust = 1.090e-01 ([92m+[0m) Grad_T = [0m7.983e-03[0m/[0m1.905e-02[0m (rms/max) E (change) = -837.7843820683 ([0m-4.258e-04[0m) Quality = [0m0.207[0m
Hessian Eigenvalues: 9.22141e-04 2.83336e-03 4.41046e-03 ... 9.47243e-01 1.07567e+00 2.45792e+00
Step   71 : Displace = [0m5.647e-02[0m/[0m1.188e-01[0m (rms/max) Trust = 5.450e-02 ([91m-[0m) Grad_T = [0m1.410e-02[0m/[0m4.583e-02[0m (rms/max) E (change) = -837.7837435724 ([91m+6.385e-04[0m) Quality = [91m-0.121[0m
Hessian Eigenvalues: 9.77915e-04 3.60090e-03 4.45866e-03 ... 9.85765e-01 1.19768e+00 2.47736e+00
Step   72 : Displace = [0m2.926e-02[0m/[0m1.087e-01[0m (rms/max) Trust = 2.725e-02 ([91m-[0m) Grad_T = [0m8.908e-03[0m/[0m2.495e-02[0m (rms/max) E (change) = -837.7866642157 ([0m-2.921e-03[0m) Quality = [0m0.431[0m
Hessian Eigenvalues: 9.77923e-04 3.58873e-03 4.46574e-03 ... 9.84758e-01 1.09337e+00 2.44943e+00
Step   73 : Displace = [0m2.924e-02[0m/[0m6.812e-02[0m (rms/max) Trust = 2.725e-02 (=) Grad_T = [0m6.028e-03[0m/[0m1.545e-02[0m (rms/max) E (change) = -837.7887842448 ([0m-2.120e-03[0m) Quality = [0m0.466[0m
Hessian Eigenvalues: 9.45240e-04 3.67974e-03 4.44835e-03 ... 9.75801e-01 1.10461e+00 2.59580e+00
Step   74 : Displace = [0m2.798e-02[0m/[0m5.939e-02[0m (rms/max) Trust = 2.725e-02 (=) Grad_T = [0m4.496e-03[0m/[0m1.466e-02[0m (rms/max) E (change) = -837.7906967633 ([0m-1.913e-03[0m) Quality = [0m0.680[0m
Hessian Eigenvalues: 9.57102e-04 3.64112e-03 4.34059e-03 ... 9.65045e-01 1.09203e+00 2.47953e+00
Step   75 : Displace = [0m2.943e-02[0m/[0m6.604e-02[0m (rms/max) Trust = 2.725e-02 (=) Grad_T = [0m4.109e-03[0m/[0m1.436e-02[0m (rms/max) E (change) = -837.7922981685 ([0m-1.601e-03[0m) Quality = [0m0.857[0m
Hessian Eigenvalues: 8.69421e-04 3.49140e-03 4.35003e-03 ... 9.49345e-01 1.09458e+00 2.60643e+00
Step   76 : Displace = [0m3.945e-02[0m/[0m9.400e-02[0m (rms/max) Trust = 3.854e-02 ([92m+[0m) Grad_T = [0m4.156e-03[0m/[0m1.351e-02[0m (rms/max) E (change) = -837.7945308134 ([0m-2.233e-03[0m) Quality = [0m1.186[0m
Hessian Eigenvalues: 6.19889e-04 3.02296e-03 4.21822e-03 ... 9.83567e-01 1.15111e+00 2.69507e+00
Step   77 : Displace = [0m5.522e-02[0m/[0m1.255e-01[0m (rms/max) Trust = 5.450e-02 ([92m+[0m) Grad_T = [0m4.462e-03[0m/[0m1.446e-02[0m (rms/max) E (change) = -837.7971126365 ([0m-2.582e-03[0m) Quality = [0m0.927[0m
Hessian Eigenvalues: 8.71905e-04 2.62963e-03 4.07533e-03 ... 9.08208e-01 1.13433e+00 2.77233e+00
Step   78 : Displace = [0m7.707e-02[0m/[0m1.850e-01[0m (rms/max) Trust = 7.708e-02 ([92m+[0m) Grad_T = [0m5.824e-03[0m/[0m2.121e-02[0m (rms/max) E (change) = -837.7980599689 ([0m-9.473e-04[0m) Quality = [0m0.352[0m
Hessian Eigenvalues: 1.34630e-03 2.61481e-03 4.52244e-03 ... 8.94174e-01 1.13127e+00 2.69155e+00
Step   79 : Displace = [0m5.530e-02[0m/[0m1.344e-01[0m (rms/max) Trust = 7.708e-02 (=) Grad_T = [0m8.268e-03[0m/[0m2.540e-02[0m (rms/max) E (change) = -837.7966793097 ([91m+1.381e-03[0m) Quality = [91m-0.431[0m
Hessian Eigenvalues: 2.14678e-03 2.73221e-03 4.56629e-03 ... 9.11620e-01 1.14757e+00 2.64974e+00
Step   80 : Displace = [0m2.893e-02[0m/[0m7.076e-02[0m (rms/max) Trust = 2.765e-02 ([91m-[0m) Grad_T = [0m4.822e-03[0m/[0m1.283e-02[0m (rms/max) E (change) = -837.8000056509 ([0m-3.326e-03[0m) Quality = [0m0.724[0m
Hessian Eigenvalues: 2.18533e-03 2.81437e-03 4.55034e-03 ... 9.05588e-01 1.11551e+00 2.68616e+00
Step   81 : Displace = [0m2.788e-02[0m/[0m9.679e-02[0m (rms/max) Trust = 2.765e-02 (=) Grad_T = [0m3.639e-03[0m/[0m1.095e-02[0m (rms/max) E (change) = -837.8012544035 ([0m-1.249e-03[0m) Quality = [0m0.731[0m
Hessian Eigenvalues: 1.70638e-03 2.86070e-03 4.47172e-03 ... 9.04941e-01 1.10564e+00 2.64831e+00
Step   82 : Displace = [0m2.796e-02[0m/[0m5.632e-02[0m (rms/max) Trust = 2.765e-02 (=) Grad_T = [92m2.995e-03[0m/[0m7.661e-03[0m (rms/max) E (change) = -837.8020150311 ([0m-7.606e-04[0m) Quality = [0m0.734[0m
Hessian Eigenvalues: 2.26592e-03 2.82776e-03 4.40412e-03 ... 9.21215e-01 1.10516e+00 2.62936e+00
Step   83 : Displace = [0m1.814e-02[0m/[0m5.731e-02[0m (rms/max) Trust = 2.765e-02 (=) Grad_T = [0m4.846e-03[0m/[0m2.093e-02[0m (rms/max) E (change) = -837.8028800910 ([0m-8.651e-04[0m) Quality = [0m0.788[0m
Hessian Eigenvalues: 2.17050e-03 3.00085e-03 4.29289e-03 ... 9.58247e-01 1.10883e+00 2.63633e+00
Step   84 : Displace = [0m2.879e-02[0m/[0m9.307e-02[0m (rms/max) Trust = 3.910e-02 ([92m+[0m) Grad_T = [0m4.519e-03[0m/[0m1.568e-02[0m (rms/max) E (change) = -837.8049438933 ([0m-2.064e-03[0m) Quality = [0m1.250[0m
Hessian Eigenvalues: 1.12343e-03 3.61269e-03 3.98171e-03 ... 9.35170e-01 1.19699e+00 2.65675e+00
Step   85 : Displace = [0m5.675e-02[0m/[0m1.867e-01[0m (rms/max) Trust = 5.530e-02 ([92m+[0m) Grad_T = [0m5.074e-03[0m/[0m1.527e-02[0m (rms/max) E (change) = -837.8077592931 ([0m-2.815e-03[0m) Quality = [0m0.896[0m
Hessian Eigenvalues: 8.19426e-04 3.84751e-03 4.52575e-03 ... 9.54356e-01 1.28405e+00 2.66154e+00
Step   86 : Displace = [0m7.853e-02[0m/[0m2.052e-01[0m (rms/max) Trust = 7.821e-02 ([92m+[0m) Grad_T = [0m1.054e-02[0m/[0m3.643e-02[0m (rms/max) E (change) = -837.8078883373 ([0m-1.290e-04[0m) Quality = [0m0.042[0m
Hessian Eigenvalues: 1.42735e-03 4.29688e-03 4.47248e-03 ... 1.20337e+00 1.25602e+00 2.91100e+00
Step   87 : Displace = [0m3.768e-02[0m/[0m1.090e-01[0m (rms/max) Trust = 3.910e-02 ([91m-[0m) Grad_T = [0m7.245e-03[0m/[0m2.524e-02[0m (rms/max) E (change) = -837.8096002323 ([0m-1.712e-03[0m) Quality = [0m0.395[0m
Hessian Eigenvalues: 1.35543e-03 4.11398e-03 4.72035e-03 ... 1.14892e+00 1.70200e+00 3.64969e+00
Step   88 : Displace = [0m3.691e-02[0m/[0m1.270e-01[0m (rms/max) Trust = 3.910e-02 (=) Grad_T = [0m5.042e-03[0m/[0m1.810e-02[0m (rms/max) E (change) = -837.8110998503 ([0m-1.500e-03[0m) Quality = [0m0.517[0m
Hessian Eigenvalues: 1.66958e-03 4.38396e-03 4.56964e-03 ... 1.10082e+00 1.74340e+00 3.36911e+00
Step   89 : Displace = [0m3.701e-02[0m/[0m9.908e-02[0m (rms/max) Trust = 3.910e-02 (=) Grad_T = [0m4.701e-03[0m/[0m1.991e-02[0m (rms/max) E (change) = -837.8132879768 ([0m-2.188e-03[0m) Quality = [0m1.275[0m
Hessian Eigenvalues: 1.06856e-03 4.34314e-03 4.74651e-03 ... 1.12119e+00 1.99293e+00 3.40438e+00
Step   90 : Displace = [0m5.905e-02[0m/[0m1.463e-01[0m (rms/max) Trust = 5.530e-02 ([92m+[0m) Grad_T = [0m8.536e-03[0m/[0m3.707e-02[0m (rms/max) E (change) = -837.8142099115 ([0m-9.219e-04[0m) Quality = [0m0.447[0m
Hessian Eigenvalues: 1.24727e-03 4.24795e-03 4.83516e-03 ... 1.14210e+00 2.13840e+00 3.42303e+00
Step   91 : Displace = [0m2.110e-02[0m/[0m5.998e-02[0m (rms/max) Trust = 5.530e-02 (=) Grad_T = [0m5.487e-03[0m/[0m1.541e-02[0m (rms/max) E (change) = -837.8163441952 ([0m-2.134e-03[0m) Quality = [0m0.973[0m
Hessian Eigenvalues: 1.24865e-03 4.54496e-03 5.29330e-03 ... 9.68444e-01 2.55471e+00 3.40465e+00
Step   92 : Displace = [0m3.008e-02[0m/[0m9.316e-02[0m (rms/max) Trust = 7.821e-02 ([92m+[0m) Grad_T = [0m5.931e-03[0m/[0m1.576e-02[0m (rms/max) E (change) = -837.8177932334 ([0m-1.449e-03[0m) Quality = [0m0.589[0m
Hessian Eigenvalues: 1.17851e-03 4.67705e-03 5.01089e-03 ... 9.66867e-01 2.47717e+00 3.76245e+00
Step   93 : Displace = [0m4.502e-02[0m/[0m1.085e-01[0m (rms/max) Trust = 7.821e-02 (=) Grad_T = [0m7.143e-03[0m/[0m2.410e-02[0m (rms/max) E (change) = -837.8197386527 ([0m-1.945e-03[0m) Quality = [0m0.861[0m
Hessian Eigenvalues: 9.52354e-04 4.57402e-03 5.45338e-03 ... 9.95369e-01 2.57452e+00 3.68828e+00
Step   94 : Displace = [0m4.412e-02[0m/[0m7.836e-02[0m (rms/max) Trust = 1.106e-01 ([92m+[0m) Grad_T = [0m7.025e-03[0m/[0m1.732e-02[0m (rms/max) E (change) = -837.8205577882 ([0m-8.191e-04[0m) Quality = [0m0.282[0m
Hessian Eigenvalues: 7.92294e-04 4.70359e-03 5.43223e-03 ... 9.66708e-01 2.74017e+00 3.86682e+00
Step   95 : Displace = [0m3.390e-02[0m/[0m8.419e-02[0m (rms/max) Trust = 1.106e-01 (=) Grad_T = [0m4.768e-03[0m/[0m1.439e-02[0m (rms/max) E (change) = -837.8224710366 ([0m-1.913e-03[0m) Quality = [0m0.726[0m
Hessian Eigenvalues: 8.70106e-04 4.85372e-03 5.51033e-03 ... 1.04515e+00 2.60408e+00 3.84290e+00
Step   96 : Displace = [0m3.195e-02[0m/[0m7.581e-02[0m (rms/max) Trust = 1.106e-01 (=) Grad_T = [0m4.771e-03[0m/[0m1.300e-02[0m (rms/max) E (change) = -837.8232898427 ([0m-8.188e-04[0m) Quality = [0m0.376[0m
Hessian Eigenvalues: 9.95949e-04 4.94624e-03 5.16155e-03 ... 1.06536e+00 3.01805e+00 3.83035e+00
Step   97 : Displace = [0m3.300e-02[0m/[0m9.159e-02[0m (rms/max) Trust = 1.106e-01 (=) Grad_T = [0m5.251e-03[0m/[0m1.716e-02[0m (rms/max) E (change) = -837.8248108984 ([0m-1.521e-03[0m) Quality = [0m0.916[0m
Hessian Eigenvalues: 9.32557e-04 4.92875e-03 5.66582e-03 ... 1.06162e+00 2.68985e+00 3.82010e+00
Step   98 : Displace = [0m2.926e-02[0m/[0m7.278e-02[0m (rms/max) Trust = 1.564e-01 ([92m+[0m) Grad_T = [0m5.991e-03[0m/[0m1.769e-02[0m (rms/max) E (change) = -837.8256117821 ([0m-8.009e-04[0m) Quality = [0m0.418[0m
Hessian Eigenvalues: 7.17312e-04 4.84976e-03 5.68492e-03 ... 1.09924e+00 3.71476e+00 4.17282e+00
Step   99 : Displace = [0m3.785e-02[0m/[0m1.025e-01[0m (rms/max) Trust = 1.564e-01 (=) Grad_T = [0m5.109e-03[0m/[0m1.879e-02[0m (rms/max) E (change) = -837.8271672874 ([0m-1.556e-03[0m) Quality = [0m0.784[0m
Hessian Eigenvalues: 8.57611e-04 4.61299e-03 5.64526e-03 ... 1.08426e+00 3.43776e+00 3.83041e+00
Step  100 : Displace = [0m3.067e-02[0m/[0m8.607e-02[0m (rms/max) Trust = 2.212e-01 ([92m+[0m) Grad_T = [0m6.351e-03[0m/[0m1.797e-02[0m (rms/max) E (change) = -837.8275893427 ([0m-4.221e-04[0m) Quality = [0m0.175[0m
Hessian Eigenvalues: 8.40819e-04 4.17750e-03 5.54196e-03 ... 1.19583e+00 3.51950e+00 4.08257e+00
Step  101 : Displace = [0m1.529e-02[0m/[0m3.801e-02[0m (rms/max) Trust = 1.534e-02 ([91m-[0m) Grad_T = [92m2.124e-03[0m/[0m6.804e-03[0m (rms/max) E (change) = -837.8293464324 ([0m-1.757e-03[0m) Quality = [0m0.948[0m
Hessian Eigenvalues: 8.03799e-04 4.16624e-03 5.52998e-03 ... 1.19462e+00 3.39829e+00 3.94349e+00
Step  102 : Displace = [0m2.273e-02[0m/[0m4.948e-02[0m (rms/max) Trust = 2.169e-02 ([92m+[0m) Grad_T = [92m2.066e-03[0m/[92m5.802e-03[0m (rms/max) E (change) = -837.8300158667 ([0m-6.694e-04[0m) Quality = [0m0.705[0m
Hessian Eigenvalues: 8.34806e-04 3.88343e-03 5.43473e-03 ... 1.19377e+00 3.48426e+00 4.07155e+00
Step  103 : Displace = [0m2.346e-02[0m/[0m6.713e-02[0m (rms/max) Trust = 2.169e-02 (=) Grad_T = [92m1.750e-03[0m/[92m5.818e-03[0m (rms/max) E (change) = -837.8309819797 ([0m-9.661e-04[0m) Quality = [0m1.294[0m
Hessian Eigenvalues: 5.25294e-04 3.34668e-03 5.41860e-03 ... 1.22233e+00 3.44770e+00 4.07832e+00
Step  104 : Displace = [0m3.125e-02[0m/[0m8.645e-02[0m (rms/max) Trust = 3.067e-02 ([92m+[0m) Grad_T = [92m1.652e-03[0m/[92m4.006e-03[0m (rms/max) E (change) = -837.8319731555 ([0m-9.912e-04[0m) Quality = [0m1.007[0m
Hessian Eigenvalues: 4.15825e-04 3.04727e-03 5.38513e-03 ... 1.23139e+00 3.88513e+00 4.19042e+00
Step  105 : Displace = [0m4.650e-02[0m/[0m1.349e-01[0m (rms/max) Trust = 4.337e-02 ([92m+[0m) Grad_T = [92m2.288e-03[0m/[92m5.402e-03[0m (rms/max) E (change) = -837.8330292720 ([0m-1.056e-03[0m) Quality = [0m1.023[0m
Hessian Eigenvalues: 3.22270e-04 2.82967e-03 5.49947e-03 ... 1.23893e+00 3.76361e+00 4.11383e+00
Step  106 : Displace = [0m6.337e-02[0m/[0m1.947e-01[0m (rms/max) Trust = 6.134e-02 ([92m+[0m) Grad_T = [92m2.702e-03[0m/[0m1.001e-02[0m (rms/max) E (change) = -837.8341537009 ([0m-1.124e-03[0m) Quality = [0m1.002[0m
Hessian Eigenvalues: 3.83077e-04 2.60876e-03 5.44056e-03 ... 1.23726e+00 3.66243e+00 4.11020e+00
Step  107 : Displace = [0m8.608e-02[0m/[0m2.895e-01[0m (rms/max) Trust = 8.675e-02 ([92m+[0m) Grad_T = [0m4.326e-03[0m/[0m1.392e-02[0m (rms/max) E (change) = -837.8349600566 ([0m-8.064e-04[0m) Quality = [0m0.686[0m
Hessian Eigenvalues: 2.20428e-04 3.02196e-03 5.53602e-03 ... 1.26234e+00 3.65855e+00 4.21760e+00
Step  108 : Displace = [0m8.656e-02[0m/[0m2.885e-01[0m (rms/max) Trust = 8.675e-02 (=) Grad_T = [0m8.887e-03[0m/[0m3.652e-02[0m (rms/max) E (change) = -837.8337607136 ([91m+1.199e-03[0m) Quality = [91m-0.838[0m
Hessian Eigenvalues: 7.17465e-04 2.96403e-03 5.42981e-03 ... 1.26646e+00 3.66015e+00 4.13934e+00
Step  109 : Displace = [0m4.701e-02[0m/[0m1.499e-01[0m (rms/max) Trust = 4.328e-02 ([91m-[0m) Grad_T = [0m4.275e-03[0m/[0m1.228e-02[0m (rms/max) E (change) = -837.8363481224 ([0m-2.587e-03[0m) Quality = [0m0.712[0m
Hessian Eigenvalues: 9.22982e-04 2.98924e-03 5.74921e-03 ... 1.25260e+00 3.69679e+00 3.98070e+00
Step  110 : Displace = [0m2.548e-02[0m/[0m5.415e-02[0m (rms/max) Trust = 4.328e-02 (=) Grad_T = [0m3.952e-03[0m/[0m1.245e-02[0m (rms/max) E (change) = -837.8365304587 ([0m-1.823e-04[0m) Quality = [0m0.123[0m
Hessian Eigenvalues: 8.76334e-04 2.99105e-03 5.74780e-03 ... 1.27578e+00 3.78256e+00 4.01547e+00
Step  111 : Displace = [0m1.347e-02[0m/[0m2.995e-02[0m (rms/max) Trust = 1.274e-02 ([91m-[0m) Grad_T = [92m2.145e-03[0m/[92m4.985e-03[0m (rms/max) E (change) = -837.8375790222 ([0m-1.049e-03[0m) Quality = [0m0.896[0m
Hessian Eigenvalues: 8.58123e-04 2.99248e-03 5.76252e-03 ... 1.36802e+00 3.72055e+00 4.02173e+00
Step  112 : Displace = [0m1.920e-02[0m/[0m5.786e-02[0m (rms/max) Trust = 1.802e-02 ([92m+[0m) Grad_T = [92m1.962e-03[0m/[92m5.096e-03[0m (rms/max) E (change) = -837.8381079239 ([0m-5.289e-04[0m) Quality = [0m0.929[0m
Hessian Eigenvalues: 6.44416e-04 3.01788e-03 5.72047e-03 ... 1.35947e+00 3.77406e+00 4.18238e+00
Step  113 : Displace = [0m2.614e-02[0m/[0m7.854e-02[0m (rms/max) Trust = 2.548e-02 ([92m+[0m) Grad_T = [92m1.725e-03[0m/[92m4.263e-03[0m (rms/max) E (change) = -837.8387385057 ([0m-6.306e-04[0m) Quality = [0m1.318[0m
Hessian Eigenvalues: 3.57538e-04 3.01336e-03 5.38739e-03 ... 1.37395e+00 3.74877e+00 4.43402e+00
Step  114 : Displace = [0m3.921e-02[0m/[0m1.176e-01[0m (rms/max) Trust = 3.604e-02 ([92m+[0m) Grad_T = [92m1.906e-03[0m/[0m7.020e-03[0m (rms/max) E (change) = -837.8395886910 ([0m-8.502e-04[0m) Quality = [0m0.879[0m
Hessian Eigenvalues: 2.87106e-04 2.97427e-03 5.58932e-03 ... 1.37020e+00 3.70630e+00 4.43818e+00
Step  115 : Displace = [0m5.215e-02[0m/[0m1.580e-01[0m (rms/max) Trust = 5.097e-02 ([92m+[0m) Grad_T = [0m3.199e-03[0m/[0m7.508e-03[0m (rms/max) E (change) = -837.8402360102 ([0m-6.473e-04[0m) Quality = [0m0.670[0m
Hessian Eigenvalues: 4.31416e-04 3.01592e-03 5.55629e-03 ... 1.39059e+00 3.70290e+00 4.56050e+00
Step  116 : Displace = [0m5.112e-02[0m/[0m1.441e-01[0m (rms/max) Trust = 5.097e-02 (=) Grad_T = [0m3.682e-03[0m/[0m9.887e-03[0m (rms/max) E (change) = -837.8410189754 ([0m-7.830e-04[0m) Quality = [0m1.075[0m
Hessian Eigenvalues: 5.57414e-04 3.01627e-03 5.56604e-03 ... 1.40387e+00 4.00998e+00 4.47626e+00
Step  117 : Displace = [0m4.454e-02[0m/[0m1.147e-01[0m (rms/max) Trust = 7.208e-02 ([92m+[0m) Grad_T = [0m3.853e-03[0m/[0m1.045e-02[0m (rms/max) E (change) = -837.8422333949 ([0m-1.214e-03[0m) Quality = [0m1.131[0m
Hessian Eigenvalues: 3.01535e-04 2.96689e-03 5.50921e-03 ... 1.42645e+00 3.82265e+00 4.58428e+00
Step  118 : Displace = [0m1.034e-01[0m/[0m2.982e-01[0m (rms/max) Trust = 1.019e-01 ([92m+[0m) Grad_T = [0m4.514e-03[0m/[0m1.302e-02[0m (rms/max) E (change) = -837.8443628175 ([0m-2.129e-03[0m) Quality = [0m1.174[0m
Hessian Eigenvalues: 3.31223e-04 3.06773e-03 5.56502e-03 ... 1.40884e+00 3.59155e+00 4.59091e+00
Step  119 : Displace = [0m1.499e-01[0m/[0m4.434e-01[0m (rms/max) Trust = 1.442e-01 ([92m+[0m) Grad_T = [0m9.306e-03[0m/[0m2.644e-02[0m (rms/max) E (change) = -837.8456299951 ([0m-1.267e-03[0m) Quality = [0m0.431[0m
Hessian Eigenvalues: 1.08531e-03 3.09591e-03 6.05621e-03 ... 1.42393e+00 3.64143e+00 4.60044e+00
Step  120 : Displace = [0m7.138e-02[0m/[0m2.275e-01[0m (rms/max) Trust = 1.442e-01 (=) Grad_T = [0m1.631e-02[0m/[0m6.615e-02[0m (rms/max) E (change) = -837.8454721886 ([91m+1.578e-04[0m) Quality = [91m-0.023[0m
Hessian Eigenvalues: 1.31014e-03 3.10097e-03 5.83525e-03 ... 1.42471e+00 3.88382e+00 4.98955e+00
Step  121 : Displace = [0m3.716e-02[0m/[0m1.095e-01[0m (rms/max) Trust = 3.569e-02 ([91m-[0m) Grad_T = [0m1.034e-02[0m/[0m4.313e-02[0m (rms/max) E (change) = -837.8536970467 ([0m-8.225e-03[0m) Quality = [0m0.692[0m
Hessian Eigenvalues: 1.27785e-03 3.09866e-03 5.90439e-03 ... 1.42595e+00 3.66958e+00 5.91245e+00
Step  122 : Displace = [0m3.688e-02[0m/[0m1.300e-01[0m (rms/max) Trust = 3.569e-02 (=) Grad_T = [0m7.842e-03[0m/[0m2.533e-02[0m (rms/max) E (change) = -837.8597001488 ([0m-6.003e-03[0m) Quality = [0m0.918[0m
Hessian Eigenvalues: 1.15739e-03 3.11475e-03 5.86101e-03 ... 1.43872e+00 3.66223e+00 6.27158e+00
Step  123 : Displace = [0m5.175e-02[0m/[0m2.150e-01[0m (rms/max) Trust = 5.047e-02 ([92m+[0m) Grad_T = [0m7.727e-03[0m/[0m2.489e-02[0m (rms/max) E (change) = -837.8664934201 ([0m-6.793e-03[0m) Quality = [0m0.989[0m
Hessian Eigenvalues: 1.41876e-03 3.10569e-03 5.14337e-03 ... 1.46014e+00 3.73758e+00 6.21869e+00
Step  124 : Displace = [0m7.618e-02[0m/[0m2.337e-01[0m (rms/max) Trust = 7.138e-02 ([92m+[0m) Grad_T = [0m1.146e-02[0m/[0m5.104e-02[0m (rms/max) E (change) = -837.8678276129 ([0m-1.334e-03[0m) Quality = [0m0.224[0m
Hessian Eigenvalues: 1.97515e-03 2.52901e-03 3.62876e-03 ... 1.50316e+00 3.67648e+00 6.07034e+00
Step  125 : Displace = [0m3.805e-02[0m/[0m1.669e-01[0m (rms/max) Trust = 3.569e-02 ([91m-[0m) Grad_T = [0m9.778e-03[0m/[0m3.689e-02[0m (rms/max) E (change) = -837.8728493213 ([0m-5.022e-03[0m) Quality = [0m0.479[0m
Hessian Eigenvalues: 2.18471e-03 2.77298e-03 3.73097e-03 ... 1.56783e+00 3.66282e+00 6.06507e+00
Step  126 : Displace = [0m3.745e-02[0m/[0m8.982e-02[0m (rms/max) Trust = 3.569e-02 (=) Grad_T = [0m5.345e-03[0m/[0m1.900e-02[0m (rms/max) E (change) = -837.8748608458 ([0m-2.012e-03[0m) Quality = [0m0.415[0m
Hessian Eigenvalues: 2.22711e-03 3.37190e-03 4.14425e-03 ... 1.49918e+00 3.64061e+00 6.06179e+00
Step  127 : Displace = [0m3.747e-02[0m/[0m1.065e-01[0m (rms/max) Trust = 3.569e-02 (=) Grad_T = [0m3.807e-03[0m/[0m1.376e-02[0m (rms/max) E (change) = -837.8780426678 ([0m-3.182e-03[0m) Quality = [0m0.971[0m
Hessian Eigenvalues: 1.94205e-03 3.39453e-03 3.95344e-03 ... 1.58346e+00 3.64781e+00 6.06474e+00
Step  128 : Displace = [0m4.312e-02[0m/[0m1.110e-01[0m (rms/max) Trust = 5.047e-02 ([92m+[0m) Grad_T = [0m3.981e-03[0m/[0m1.105e-02[0m (rms/max) E (change) = -837.8801328279 ([0m-2.090e-03[0m) Quality = [0m1.066[0m
Hessian Eigenvalues: 1.37835e-03 3.39072e-03 4.38045e-03 ... 1.70004e+00 3.64637e+00 6.06507e+00
Step  129 : Displace = [0m3.878e-02[0m/[0m7.064e-02[0m (rms/max) Trust = 7.138e-02 ([92m+[0m) Grad_T = [0m4.924e-03[0m/[0m1.765e-02[0m (rms/max) E (change) = -837.8823481791 ([0m-2.215e-03[0m) Quality = [0m1.195[0m
Hessian Eigenvalues: 1.04160e-03 3.40477e-03 4.38996e-03 ... 1.78580e+00 3.65198e+00 6.07244e+00
Step  130 : Displace = [0m4.713e-02[0m/[0m1.129e-01[0m (rms/max) Trust = 1.009e-01 ([92m+[0m) Grad_T = [0m4.125e-03[0m/[0m1.107e-02[0m (rms/max) E (change) = -837.8843271066 ([0m-1.979e-03[0m) Quality = [0m0.921[0m
Hessian Eigenvalues: 1.08880e-03 3.44492e-03 4.39604e-03 ... 1.94401e+00 3.65703e+00 6.07338e+00
Step  131 : Displace = [0m1.801e-02[0m/[0m3.950e-02[0m (rms/max) Trust = 1.428e-01 ([92m+[0m) Grad_T = [0m3.613e-03[0m/[0m8.120e-03[0m (rms/max) E (change) = -837.8858172191 ([0m-1.490e-03[0m) Quality = [0m0.982[0m
Hessian Eigenvalues: 1.03510e-03 3.38491e-03 4.54095e-03 ... 1.99712e+00 3.66603e+00 6.24740e+00
Step  132 : Displace = [0m2.461e-02[0m/[0m5.442e-02[0m (rms/max) Trust = 2.019e-01 ([92m+[0m) Grad_T = [0m3.452e-03[0m/[0m9.280e-03[0m (rms/max) E (change) = -837.8873904076 ([0m-1.573e-03[0m) Quality = [0m1.214[0m
Hessian Eigenvalues: 9.16502e-04 3.47076e-03 4.80835e-03 ... 1.98918e+00 3.67033e+00 6.14217e+00
Step  133 : Displace = [0m3.525e-02[0m/[0m8.165e-02[0m (rms/max) Trust = 2.855e-01 ([92m+[0m) Grad_T = [0m3.380e-03[0m/[0m1.131e-02[0m (rms/max) E (change) = -837.8888486760 ([0m-1.458e-03[0m) Quality = [0m0.966[0m
Hessian Eigenvalues: 7.26345e-04 2.96342e-03 4.85921e-03 ... 1.98483e+00 3.65118e+00 6.11557e+00
Step  134 : Displace = [0m3.300e-02[0m/[0m7.526e-02[0m (rms/max) Trust = 3.000e-01 ([92m+[0m) Grad_T = [0m4.453e-03[0m/[0m9.902e-03[0m (rms/max) E (change) = -837.8891459194 ([0m-2.972e-04[0m) Quality = [0m0.238[0m
Hessian Eigenvalues: 7.58408e-04 3.45725e-03 5.15580e-03 ... 1.98879e+00 3.62536e+00 6.19394e+00
Step  135 : Displace = [0m1.681e-02[0m/[0m4.920e-02[0m (rms/max) Trust = 1.650e-02 ([91m-[0m) Grad_T = [92m2.741e-03[0m/[0m8.916e-03[0m (rms/max) E (change) = -837.8903581574 ([0m-1.212e-03[0m) Quality = [0m1.004[0m
Hessian Eigenvalues: 7.58641e-04 3.35815e-03 5.27246e-03 ... 2.08033e+00 3.55774e+00 6.09692e+00
Step  136 : Displace = [0m2.344e-02[0m/[0m5.568e-02[0m (rms/max) Trust = 2.334e-02 ([92m+[0m) Grad_T = [92m2.845e-03[0m/[0m6.770e-03[0m (rms/max) E (change) = -837.8905648886 ([0m-2.067e-04[0m) Quality = [0m0.288[0m
Hessian Eigenvalues: 7.17062e-04 3.64944e-03 5.63633e-03 ... 2.06040e+00 3.55679e+00 6.11347e+00
Step  137 : Displace = [0m1.333e-02[0m/[0m3.749e-02[0m (rms/max) Trust = 2.334e-02 (=) Grad_T = [92m1.494e-03[0m/[92m4.467e-03[0m (rms/max) E (change) = -837.8912343995 ([0m-6.695e-04[0m) Quality = [0m1.063[0m
Hessian Eigenvalues: 6.72011e-04 3.51201e-03 5.91508e-03 ... 2.05972e+00 3.59976e+00 6.12499e+00
Step  138 : Displace = [0m1.218e-02[0m/[0m2.438e-02[0m (rms/max) Trust = 3.300e-02 ([92m+[0m) Grad_T = [92m1.251e-03[0m/[92m4.261e-03[0m (rms/max) E (change) = -837.8915201890 ([0m-2.858e-04[0m) Quality = [0m1.065[0m
Hessian Eigenvalues: 5.80793e-04 3.48224e-03 5.97043e-03 ... 2.05786e+00 3.59653e+00 6.13666e+00
Step  139 : Displace = [92m9.944e-03[0m/[0m2.937e-02[0m (rms/max) Trust = 4.668e-02 ([92m+[0m) Grad_T = [92m1.336e-03[0m/[92m3.519e-03[0m (rms/max) E (change) = -837.8917613464 ([0m-2.412e-04[0m) Quality = [0m1.294[0m
Hessian Eigenvalues: 4.81938e-04 3.90967e-03 5.51560e-03 ... 2.06555e+00 3.60082e+00 6.13985e+00
Step  140 : Displace = [0m1.707e-02[0m/[0m3.677e-02[0m (rms/max) Trust = 6.601e-02 ([92m+[0m) Grad_T = [92m1.456e-03[0m/[92m4.246e-03[0m (rms/max) E (change) = -837.8920273527 ([0m-2.660e-04[0m) Quality = [0m1.035[0m
Hessian Eigenvalues: 4.82007e-04 3.95976e-03 4.94737e-03 ... 2.06509e+00 3.64930e+00 6.07455e+00
Step  141 : Displace = [92m8.107e-03[0m/[0m2.474e-02[0m (rms/max) Trust = 9.335e-02 ([92m+[0m) Grad_T = [92m1.274e-03[0m/[92m3.513e-03[0m (rms/max) E (change) = -837.8922380083 ([0m-2.107e-04[0m) Quality = [0m1.315[0m
Hessian Eigenvalues: 4.68408e-04 3.76687e-03 4.26849e-03 ... 2.25289e+00 3.62614e+00 6.13990e+00
Step  142 : Displace = [0m1.337e-02[0m/[0m3.638e-02[0m (rms/max) Trust = 1.320e-01 ([92m+[0m) Grad_T = [92m1.505e-03[0m/[92m3.785e-03[0m (rms/max) E (change) = -837.8925164548 ([0m-2.784e-04[0m) Quality = [0m1.113[0m
Hessian Eigenvalues: 4.72534e-04 2.92080e-03 4.11159e-03 ... 2.27045e+00 3.62496e+00 6.20264e+00
Step  143 : Displace = [0m1.285e-02[0m/[0m3.349e-02[0m (rms/max) Trust = 1.867e-01 ([92m+[0m) Grad_T = [92m1.783e-03[0m/[92m4.989e-03[0m (rms/max) E (change) = -837.8927100303 ([0m-1.936e-04[0m) Quality = [0m0.999[0m
Hessian Eigenvalues: 4.66275e-04 2.41558e-03 4.08960e-03 ... 2.30103e+00 3.61360e+00 6.18380e+00
Step  144 : Displace = [0m1.066e-02[0m/[0m3.110e-02[0m (rms/max) Trust = 2.640e-01 ([92m+[0m) Grad_T = [92m1.573e-03[0m/[92m4.300e-03[0m (rms/max) E (change) = -837.8929993752 ([0m-2.893e-04[0m) Quality = [0m1.520[0m
Hessian Eigenvalues: 4.38670e-04 1.45360e-03 4.08335e-03 ... 2.28468e+00 3.58552e+00 6.18402e+00
Step  145 : Displace = [0m2.739e-02[0m/[0m8.506e-02[0m (rms/max) Trust = 3.000e-01 ([92m+[0m) Grad_T = [92m2.063e-03[0m/[92m5.311e-03[0m (rms/max) E (change) = -837.8936026512 ([0m-6.033e-04[0m) Quality = [0m1.371[0m
Hessian Eigenvalues: 3.82000e-04 1.08526e-03 4.09903e-03 ... 2.28142e+00 3.60104e+00 6.18181e+00
Step  146 : Displace = [0m3.327e-02[0m/[0m9.433e-02[0m (rms/max) Trust = 3.000e-01 (=) Grad_T = [0m3.264e-03[0m/[0m9.924e-03[0m (rms/max) E (change) = -837.8941769261 ([0m-5.743e-04[0m) Quality = [0m1.245[0m
Hessian Eigenvalues: 4.70243e-04 7.08029e-04 3.99641e-03 ... 2.29935e+00 3.55773e+00 6.22503e+00
Step  147 : Displace = [0m3.956e-02[0m/[0m1.013e-01[0m (rms/max) Trust = 3.000e-01 (=) Grad_T = [0m3.720e-03[0m/[0m1.263e-02[0m (rms/max) E (change) = -837.8948924292 ([0m-7.155e-04[0m) Quality = [0m1.127[0m
Hessian Eigenvalues: 3.67694e-04 7.51201e-04 3.83396e-03 ... 2.29514e+00 3.65461e+00 6.20699e+00
Step  148 : Displace = [0m4.613e-02[0m/[0m1.210e-01[0m (rms/max) Trust = 3.000e-01 (=) Grad_T = [0m5.172e-03[0m/[0m1.770e-02[0m (rms/max) E (change) = -837.8957077446 ([0m-8.153e-04[0m) Quality = [0m1.104[0m
Hessian Eigenvalues: 5.99398e-04 7.72262e-04 2.83741e-03 ... 2.30088e+00 3.53216e+00 6.22567e+00
Step  149 : Displace = [0m5.841e-02[0m/[0m1.449e-01[0m (rms/max) Trust = 3.000e-01 (=) Grad_T = [0m7.022e-03[0m/[0m3.007e-02[0m (rms/max) E (change) = -837.8946374362 ([91m+1.070e-03[0m) Quality = [91m-0.558[0m
Hessian Eigenvalues: 5.34736e-04 7.01108e-04 3.87877e-03 ... 2.30033e+00 3.52743e+00 6.23680e+00
Step  150 : Displace = [0m2.964e-02[0m/[0m1.048e-01[0m (rms/max) Trust = 2.920e-02 ([91m-[0m) Grad_T = [0m4.041e-03[0m/[0m1.573e-02[0m (rms/max) E (change) = -837.8973756444 ([0m-2.738e-03[0m) Quality = [0m0.963[0m
Hessian Eigenvalues: 5.39088e-04 7.09591e-04 3.78248e-03 ... 2.30337e+00 3.53193e+00 6.20769e+00
Step  151 : Displace = [0m1.556e-02[0m/[0m3.229e-02[0m (rms/max) Trust = 4.130e-02 ([92m+[0m) Grad_T = [0m3.516e-03[0m/[0m1.418e-02[0m (rms/max) E (change) = -837.8979792683 ([0m-6.036e-04[0m) Quality = [0m0.985[0m
Hessian Eigenvalues: 5.29694e-04 6.68070e-04 3.82051e-03 ... 2.37335e+00 3.57996e+00 6.20875e+00
Step  152 : Displace = [0m2.589e-02[0m/[0m7.094e-02[0m (rms/max) Trust = 5.841e-02 ([92m+[0m) Grad_T = [0m3.415e-03[0m/[0m1.438e-02[0m (rms/max) E (change) = -837.8989246163 ([0m-9.453e-04[0m) Quality = [0m1.500[0m
Hessian Eigenvalues: 3.33299e-04 6.92191e-04 3.95539e-03 ... 2.52407e+00 3.55472e+00 6.32321e+00
Step  153 : Displace = [0m8.300e-02[0m/[0m2.287e-01[0m (rms/max) Trust = 8.260e-02 ([92m+[0m) Grad_T = [0m9.906e-03[0m/[0m4.991e-02[0m (rms/max) E (change) = -837.8993890748 ([0m-4.645e-04[0m) Quality = [0m0.305[0m
Hessian Eigenvalues: 6.38997e-04 1.13420e-03 3.96094e-03 ... 2.51275e+00 3.56717e+00 6.29667e+00
Step  154 : Displace = [0m7.312e-02[0m/[0m1.803e-01[0m (rms/max) Trust = 8.260e-02 (=) Grad_T = [0m1.050e-02[0m/[0m4.181e-02[0m (rms/max) E (change) = -837.8974332367 ([91m+1.956e-03[0m) Quality = [91m-0.416[0m
Hessian Eigenvalues: 6.48752e-04 1.04238e-03 3.94949e-03 ... 2.59998e+00 3.56094e+00 6.30394e+00
Step  155 : Displace = [0m3.903e-02[0m/[0m8.895e-02[0m (rms/max) Trust = 3.656e-02 ([91m-[0m) Grad_T = [0m5.701e-03[0m/[0m1.542e-02[0m (rms/max) E (change) = -837.9030141901 ([0m-5.581e-03[0m) Quality = [0m0.914[0m
Hessian Eigenvalues: 6.52263e-04 1.03660e-03 3.95849e-03 ... 2.69681e+00 3.58977e+00 6.31204e+00
Step  156 : Displace = [0m3.873e-02[0m/[0m9.697e-02[0m (rms/max) Trust = 5.170e-02 ([92m+[0m) Grad_T = [0m1.002e-02[0m/[0m4.612e-02[0m (rms/max) E (change) = -837.9020711109 ([91m+9.431e-04[0m) Quality = [91m-0.348[0m
Hessian Eigenvalues: 6.59109e-04 1.06500e-03 3.93840e-03 ... 2.81425e+00 3.53261e+00 6.31627e+00
Step  157 : Displace = [0m1.935e-02[0m/[0m6.755e-02[0m (rms/max) Trust = 1.936e-02 ([91m-[0m) Grad_T = [0m3.188e-03[0m/[0m8.319e-03[0m (rms/max) E (change) = -837.9051996461 ([0m-3.129e-03[0m) Quality = [0m0.919[0m
Hessian Eigenvalues: 6.65815e-04 1.10520e-03 3.93856e-03 ... 2.72343e+00 3.53551e+00 6.31659e+00
Step  158 : Displace = [0m2.787e-02[0m/[0m8.218e-02[0m (rms/max) Trust = 2.738e-02 ([92m+[0m) Grad_T = [0m5.363e-03[0m/[0m1.810e-02[0m (rms/max) E (change) = -837.9060466656 ([0m-8.470e-04[0m) Quality = [0m0.546[0m
Hessian Eigenvalues: 6.77243e-04 1.41783e-03 3.89998e-03 ... 2.76063e+00 3.55693e+00 6.31942e+00
Step  159 : Displace = [0m2.850e-02[0m/[0m7.926e-02[0m (rms/max) Trust = 2.738e-02 (=) Grad_T = [0m5.287e-03[0m/[0m1.793e-02[0m (rms/max) E (change) = -837.9072235562 ([0m-1.177e-03[0m) Quality = [0m1.258[0m
Hessian Eigenvalues: 6.83944e-04 1.83419e-03 3.79273e-03 ... 2.80823e+00 3.48617e+00 6.31534e+00
Step  160 : Displace = [0m4.036e-02[0m/[0m1.160e-01[0m (rms/max) Trust = 3.873e-02 ([92m+[0m) Grad_T = [0m5.721e-03[0m/[0m1.934e-02[0m (rms/max) E (change) = -837.9080895098 ([0m-8.660e-04[0m) Quality = [0m0.313[0m
Hessian Eigenvalues: 6.79286e-04 1.52647e-03 3.65437e-03 ... 2.88515e+00 3.52597e+00 6.31805e+00
Step  161 : Displace = [0m3.923e-02[0m/[0m1.228e-01[0m (rms/max) Trust = 3.873e-02 (=) Grad_T = [0m7.748e-03[0m/[0m3.523e-02[0m (rms/max) E (change) = -837.9086741048 ([0m-5.846e-04[0m) Quality = [0m0.214[0m
Hessian Eigenvalues: 7.38743e-04 2.95136e-03 3.77804e-03 ... 2.88280e+00 3.53647e+00 6.33297e+00
Step  162 : Displace = [0m1.941e-02[0m/[0m8.974e-02[0m (rms/max) Trust = 1.936e-02 ([91m-[0m) Grad_T = [0m5.497e-03[0m/[0m1.864e-02[0m (rms/max) E (change) = -837.9096132760 ([0m-9.392e-04[0m) Quality = [0m0.342[0m
Hessian Eigenvalues: 7.42085e-04 3.16297e-03 3.78883e-03 ... 2.91217e+00 3.53945e+00 6.31484e+00
Step  163 : Displace = [0m2.106e-02[0m/[0m7.401e-02[0m (rms/max) Trust = 1.936e-02 (=) Grad_T = [0m4.305e-03[0m/[0m1.481e-02[0m (rms/max) E (change) = -837.9100551121 ([0m-4.418e-04[0m) Quality = [0m0.265[0m
Hessian Eigenvalues: 8.00501e-04 3.18470e-03 3.95889e-03 ... 2.91993e+00 3.57783e+00 6.30839e+00
Step  164 : Displace = [0m1.449e-02[0m/[0m3.104e-02[0m (rms/max) Trust = 1.936e-02 (=) Grad_T = [92m2.080e-03[0m/[0m6.269e-03[0m (rms/max) E (change) = -837.9109732164 ([0m-9.181e-04[0m) Quality = [0m0.853[0m
Hessian Eigenvalues: 8.35565e-04 3.21435e-03 3.86865e-03 ... 3.01213e+00 3.67458e+00 6.30375e+00
Step  165 : Displace = [0m1.054e-02[0m/[0m2.667e-02[0m (rms/max) Trust = 2.738e-02 ([92m+[0m) Grad_T = [92m1.976e-03[0m/[92m5.783e-03[0m (rms/max) E (change) = -837.9112729244 ([0m-2.997e-04[0m) Quality = [0m0.834[0m
Hessian Eigenvalues: 8.19532e-04 2.77935e-03 3.90752e-03 ... 3.08502e+00 3.89860e+00 6.40158e+00
Step  166 : Displace = [92m9.674e-03[0m/[0m2.426e-02[0m (rms/max) Trust = 3.873e-02 ([92m+[0m) Grad_T = [92m1.479e-03[0m/[92m4.310e-03[0m (rms/max) E (change) = -837.9115930059 ([0m-3.201e-04[0m) Quality = [0m1.535[0m
Hessian Eigenvalues: 7.82941e-04 2.07675e-03 3.91934e-03 ... 3.06818e+00 3.82531e+00 6.32532e+00
Step  167 : Displace = [0m2.604e-02[0m/[0m7.059e-02[0m (rms/max) Trust = 5.477e-02 ([92m+[0m) Grad_T = [92m1.949e-03[0m/[92m4.543e-03[0m (rms/max) E (change) = -837.9121008632 ([0m-5.079e-04[0m) Quality = [0m0.991[0m
Hessian Eigenvalues: 6.70477e-04 1.65634e-03 3.91158e-03 ... 3.06416e+00 3.81154e+00 6.36000e+00
Step  168 : Displace = [0m2.228e-02[0m/[0m5.032e-02[0m (rms/max) Trust = 7.745e-02 ([92m+[0m) Grad_T = [92m1.939e-03[0m/[92m4.589e-03[0m (rms/max) E (change) = -837.9124198490 ([0m-3.190e-04[0m) Quality = [0m0.937[0m
Hessian Eigenvalues: 6.81622e-04 1.55284e-03 3.81561e-03 ... 3.06387e+00 3.88770e+00 6.33485e+00
Step  169 : Displace = [0m1.193e-02[0m/[0m3.583e-02[0m (rms/max) Trust = 1.095e-01 ([92m+[0m) Grad_T = [92m2.689e-03[0m/[0m1.064e-02[0m (rms/max) E (change) = -837.9126299796 ([0m-2.101e-04[0m) Quality = [0m0.857[0m
Hessian Eigenvalues: 6.40417e-04 1.22060e-03 3.93244e-03 ... 3.11999e+00 3.93653e+00 6.33693e+00
Step  170 : Displace = [0m2.280e-02[0m/[0m5.161e-02[0m (rms/max) Trust = 1.549e-01 ([92m+[0m) Grad_T = [92m2.284e-03[0m/[0m6.766e-03[0m (rms/max) E (change) = -837.9128704825 ([0m-2.405e-04[0m) Quality = [0m0.679[0m
Hessian Eigenvalues: 6.28677e-04 1.17710e-03 4.19058e-03 ... 3.10762e+00 3.80419e+00 6.38447e+00
Step  171 : Displace = [92m9.535e-03[0m/[0m2.013e-02[0m (rms/max) Trust = 1.549e-01 (=) Grad_T = [92m1.886e-03[0m/[92m5.624e-03[0m (rms/max) E (change) = -837.9131499494 ([0m-2.795e-04[0m) Quality = [0m1.005[0m
Hessian Eigenvalues: 6.34800e-04 1.14004e-03 4.18634e-03 ... 3.11517e+00 3.82788e+00 6.41251e+00
Step  172 : Displace = [92m5.641e-03[0m/[92m1.485e-02[0m (rms/max) Trust = 2.191e-01 ([92m+[0m) Grad_T = [92m1.670e-03[0m/[92m4.425e-03[0m (rms/max) E (change) = -837.9133149696 ([0m-1.650e-04[0m) Quality = [0m1.059[0m
Hessian Eigenvalues: 6.31778e-04 1.11339e-03 4.20710e-03 ... 3.20954e+00 4.55328e+00 6.65402e+00
Step  173 : Displace = [0m1.422e-02[0m/[0m2.809e-02[0m (rms/max) Trust = 3.000e-01 ([92m+[0m) Grad_T = [92m1.681e-03[0m/[0m6.031e-03[0m (rms/max) E (change) = -837.9134805332 ([0m-1.656e-04[0m) Quality = [0m1.076[0m
Hessian Eigenvalues: 4.78169e-04 1.08069e-03 4.11830e-03 ... 3.27373e+00 4.17654e+00 6.66960e+00
Step  174 : Displace = [0m2.214e-02[0m/[0m5.394e-02[0m (rms/max) Trust = 3.000e-01 (=) Grad_T = [92m2.010e-03[0m/[92m5.097e-03[0m (rms/max) E (change) = -837.9136836460 ([0m-2.031e-04[0m) Quality = [0m0.998[0m
Hessian Eigenvalues: 5.00441e-04 1.03538e-03 3.91758e-03 ... 3.25949e+00 4.25702e+00 6.79712e+00
Step  175 : Displace = [0m1.287e-02[0m/[0m3.047e-02[0m (rms/max) Trust = 3.000e-01 (=) Grad_T = [92m1.593e-03[0m/[92m3.970e-03[0m (rms/max) E (change) = -837.9138953491 ([0m-2.117e-04[0m) Quality = [0m1.069[0m
Hessian Eigenvalues: 4.37267e-04 1.11812e-03 3.58015e-03 ... 3.26522e+00 4.09950e+00 6.94795e+00
Step  176 : Displace = [0m1.961e-02[0m/[0m5.517e-02[0m (rms/max) Trust = 3.000e-01 (=) Grad_T = [92m1.600e-03[0m/[92m3.595e-03[0m (rms/max) E (change) = -837.9141785008 ([0m-2.832e-04[0m) Quality = [0m1.117[0m
Hessian Eigenvalues: 3.49450e-04 1.13432e-03 3.52606e-03 ... 3.26414e+00 4.07415e+00 6.92823e+00
Step  177 : Displace = [0m2.640e-02[0m/[0m7.044e-02[0m (rms/max) Trust = 3.000e-01 (=) Grad_T = [92m1.565e-03[0m/[92m4.681e-03[0m (rms/max) E (change) = -837.9144616870 ([0m-2.832e-04[0m) Quality = [0m1.292[0m
Hessian Eigenvalues: 3.46559e-04 1.06044e-03 3.29493e-03 ... 3.26398e+00 4.03352e+00 6.91176e+00
Step  178 : Displace = [0m2.629e-02[0m/[0m6.434e-02[0m (rms/max) Trust = 3.000e-01 (=) Grad_T = [92m1.539e-03[0m/[92m3.355e-03[0m (rms/max) E (change) = -837.9147837922 ([0m-3.221e-04[0m) Quality = [0m1.219[0m
Hessian Eigenvalues: 3.01569e-04 9.90692e-04 3.11842e-03 ... 3.26984e+00 3.92566e+00 6.96618e+00
Step  179 : Displace = [0m2.953e-02[0m/[0m7.459e-02[0m (rms/max) Trust = 3.000e-01 (=) Grad_T = [92m1.502e-03[0m/[92m3.645e-03[0m (rms/max) E (change) = -837.9150850326 ([0m-3.012e-04[0m) Quality = [0m1.138[0m
Hessian Eigenvalues: 3.41715e-04 8.32505e-04 3.15152e-03 ... 3.27217e+00 3.91930e+00 7.11682e+00
Step  180 : Displace = [0m1.841e-02[0m/[0m4.166e-02[0m (rms/max) Trust = 3.000e-01 (=) Grad_T = [92m1.699e-03[0m/[92m5.684e-03[0m (rms/max) E (change) = -837.9152652427 ([0m-1.802e-04[0m) Quality = [0m0.759[0m
Hessian Eigenvalues: 3.21644e-04 8.42640e-04 3.25030e-03 ... 3.29877e+00 4.11874e+00 7.04588e+00
Step  181 : Displace = [0m1.968e-02[0m/[0m5.928e-02[0m (rms/max) Trust = 3.000e-01 (=) Grad_T = [92m1.773e-03[0m/[0m7.442e-03[0m (rms/max) E (change) = -837.9154206140 ([0m-1.554e-04[0m) Quality = [0m0.857[0m
Hessian Eigenvalues: 4.19837e-04 8.32550e-04 3.25791e-03 ... 3.34489e+00 4.17036e+00 6.99292e+00
Step  182 : Displace = [92m7.448e-03[0m/[92m1.467e-02[0m (rms/max) Trust = 3.000e-01 (=) Grad_T = [92m1.367e-03[0m/[92m4.680e-03[0m (rms/max) E (change) = -837.9155589216 ([0m-1.383e-04[0m) Quality = [0m1.119[0m
Hessian Eigenvalues: 4.62249e-04 8.39345e-04 3.31655e-03 ... 3.35289e+00 4.15730e+00 7.08681e+00
Step  183 : Displace = [92m9.681e-03[0m/[0m2.785e-02[0m (rms/max) Trust = 3.000e-01 (=) Grad_T = [92m8.909e-04[0m/[92m2.261e-03[0m (rms/max) E (change) = -837.9156702666 ([0m-1.113e-04[0m) Quality = [0m0.960[0m
Hessian Eigenvalues: 4.48974e-04 8.36668e-04 3.24051e-03 ... 3.35280e+00 4.35540e+00 7.01833e+00
Step  184 : Displace = [92m8.204e-03[0m/[0m2.279e-02[0m (rms/max) Trust = 3.000e-01 (=) Grad_T = [92m9.590e-04[0m/[92m3.691e-03[0m (rms/max) E (change) = -837.9157494666 ([0m-7.920e-05[0m) Quality = [0m1.229[0m
Hessian Eigenvalues: 4.27392e-04 8.14516e-04 3.22666e-03 ... 3.37601e+00 4.47000e+00 6.99783e+00
Step  185 : Displace = [92m7.113e-03[0m/[0m1.933e-02[0m (rms/max) Trust = 3.000e-01 (=) Grad_T = [92m7.434e-04[0m/[92m2.246e-03[0m (rms/max) E (change) = -837.9158122433 ([0m-6.278e-05[0m) Quality = [0m1.298[0m
Hessian Eigenvalues: 4.32553e-04 8.36742e-04 3.19700e-03 ... 3.41571e+00 4.47123e+00 7.02711e+00
Step  186 : Displace = [92m7.033e-03[0m/[0m1.945e-02[0m (rms/max) Trust = 3.000e-01 (=) Grad_T = [92m6.735e-04[0m/[92m1.444e-03[0m (rms/max) E (change) = -837.9158813001 ([0m-6.906e-05[0m) Quality = [0m1.419[0m
Hessian Eigenvalues: 4.05292e-04 8.40102e-04 3.24300e-03 ... 3.31315e+00 4.48167e+00 7.13991e+00
Step  187 : Displace = [0m1.083e-02[0m/[0m2.635e-02[0m (rms/max) Trust = 3.000e-01 (=) Grad_T = [92m8.786e-04[0m/[92m1.978e-03[0m (rms/max) E (change) = -837.9159592076 ([0m-7.791e-05[0m) Quality = [0m1.372[0m
Hessian Eigenvalues: 3.77910e-04 8.47510e-04 2.54765e-03 ... 3.32050e+00 4.53510e+00 7.11366e+00
Step  188 : Displace = [0m1.232e-02[0m/[0m3.557e-02[0m (rms/max) Trust = 3.000e-01 (=) Grad_T = [92m9.409e-04[0m/[92m2.195e-03[0m (rms/max) E (change) = -837.9160411710 ([0m-8.196e-05[0m) Quality = [0m1.356[0m
Hessian Eigenvalues: 4.32927e-04 8.40303e-04 1.72894e-03 ... 3.25520e+00 4.48393e+00 7.48040e+00
Step  189 : Displace = [0m1.443e-02[0m/[0m3.818e-02[0m (rms/max) Trust = 3.000e-01 (=) Grad_T = [92m1.144e-03[0m/[92m3.241e-03[0m (rms/max) E (change) = -837.9161446304 ([0m-1.035e-04[0m) Quality = [0m1.147[0m
Hessian Eigenvalues: 3.68672e-04 8.16985e-04 1.77809e-03 ... 3.24219e+00 4.43735e+00 7.82740e+00
Step  190 : Displace = [0m1.707e-02[0m/[0m5.465e-02[0m (rms/max) Trust = 3.000e-01 (=) Grad_T = [92m1.004e-03[0m/[92m2.599e-03[0m (rms/max) E (change) = -837.9162543408 ([0m-1.097e-04[0m) Quality = [0m1.267[0m
Hessian Eigenvalues: 4.76319e-04 7.80164e-04 1.56691e-03 ... 3.22956e+00 4.39553e+00 7.92093e+00
Step  191 : Displace = [92m9.231e-03[0m/[0m2.347e-02[0m (rms/max) Trust = 3.000e-01 (=) Grad_T = [92m8.556e-04[0m/[92m2.360e-03[0m (rms/max) E (change) = -837.9163640441 ([0m-1.097e-04[0m) Quality = [0m1.294[0m
Hessian Eigenvalues: 4.23848e-04 8.00388e-04 1.52575e-03 ... 3.22391e+00 4.38861e+00 7.94332e+00
Step  192 : Displace = [0m1.224e-02[0m/[0m4.603e-02[0m (rms/max) Trust = 3.000e-01 (=) Grad_T = [92m1.097e-03[0m/[92m4.037e-03[0m (rms/max) E (change) = -837.9164655226 ([0m-1.015e-04[0m) Quality = [0m1.382[0m
Hessian Eigenvalues: 4.74015e-04 7.66743e-04 1.35795e-03 ... 3.22217e+00 4.56054e+00 8.01917e+00
Step  193 : Displace = [0m1.254e-02[0m/[0m3.536e-02[0m (rms/max) Trust = 3.000e-01 (=) Grad_T = [92m1.127e-03[0m/[92m3.820e-03[0m (rms/max) E (change) = -837.9165840979 ([0m-1.186e-04[0m) Quality = [0m1.229[0m
Hessian Eigenvalues: 4.11774e-04 8.69005e-04 1.13255e-03 ... 3.23591e+00 4.50518e+00 7.97019e+00
Step  194 : Displace = [0m2.474e-02[0m/[0m9.673e-02[0m (rms/max) Trust = 3.000e-01 (=) Grad_T = [92m2.143e-03[0m/[0m9.745e-03[0m (rms/max) E (change) = -837.9166639439 ([0m-7.985e-05[0m) Quality = [0m0.658[0m
Hessian Eigenvalues: 5.72816e-04 8.51950e-04 1.35577e-03 ... 3.23325e+00 4.47060e+00 7.90073e+00
Step  195 : Displace = [92m9.122e-03[0m/[0m2.038e-02[0m (rms/max) Trust = 3.000e-01 (=) Grad_T = [92m1.450e-03[0m/[92m3.856e-03[0m (rms/max) E (change) = -837.9168186277 ([0m-1.547e-04[0m) Quality = [0m1.097[0m
Hessian Eigenvalues: 6.03753e-04 8.07438e-04 1.44215e-03 ... 3.25885e+00 4.42535e+00 8.01546e+00
Step  196 : Displace = [92m9.456e-03[0m/[0m3.066e-02[0m (rms/max) Trust = 3.000e-01 (=) Grad_T = [92m9.871e-04[0m/[92m2.662e-03[0m (rms/max) E (change) = -837.9169444523 ([0m-1.258e-04[0m) Quality = [0m1.189[0m
Hessian Eigenvalues: 5.93712e-04 7.80630e-04 1.25813e-03 ... 3.17847e+00 4.41513e+00 8.42160e+00
Step  197 : Displace = [0m1.328e-02[0m/[0m5.551e-02[0m (rms/max) Trust = 3.000e-01 (=) Grad_T = [92m1.338e-03[0m/[92m3.613e-03[0m (rms/max) E (change) = -837.9170611716 ([0m-1.167e-04[0m) Quality = [0m1.401[0m
Hessian Eigenvalues: 5.07751e-04 7.51862e-04 1.23432e-03 ... 3.19625e+00 4.47582e+00 8.41784e+00
Step  198 : Displace = [0m1.785e-02[0m/[0m7.605e-02[0m (rms/max) Trust = 3.000e-01 (=) Grad_T = [92m2.258e-03[0m/[0m8.193e-03[0m (rms/max) E (change) = -837.9172002204 ([0m-1.390e-04[0m) Quality = [0m1.259[0m
Hessian Eigenvalues: 4.66800e-04 7.27022e-04 1.64179e-03 ... 3.10123e+00 4.59018e+00 8.60254e+00
Step  199 : Displace = [0m2.112e-02[0m/[0m5.450e-02[0m (rms/max) Trust = 3.000e-01 (=) Grad_T = [92m2.399e-03[0m/[0m8.035e-03[0m (rms/max) E (change) = -837.9174176054 ([0m-2.174e-04[0m) Quality = [0m1.117[0m
Hessian Eigenvalues: 3.83551e-04 7.99158e-04 1.76249e-03 ... 3.07487e+00 4.84440e+00 8.48441e+00
Step  200 : Displace = [0m2.346e-02[0m/[0m9.998e-02[0m (rms/max) Trust = 3.000e-01 (=) Grad_T = [0m3.314e-03[0m/[0m1.381e-02[0m (rms/max) E (change) = -837.9176753865 ([0m-2.578e-04[0m) Quality = [0m1.115[0m
Hessian Eigenvalues: 4.61474e-04 7.93796e-04 2.07066e-03 ... 3.06332e+00 5.05722e+00 8.84008e+00
Step  201 : Displace = [0m3.006e-02[0m/[0m7.829e-02[0m (rms/max) Trust = 3.000e-01 (=) Grad_T = [0m3.483e-03[0m/[0m9.354e-03[0m (rms/max) E (change) = -837.9177104262 ([0m-3.504e-05[0m) Quality = [0m0.055[0m
Hessian Eigenvalues: 3.53318e-04 8.32394e-04 2.61244e-03 ... 3.07540e+00 5.15786e+00 8.66382e+00
Step  202 : Displace = [0m1.563e-02[0m/[0m4.380e-02[0m (rms/max) Trust = 1.503e-02 ([91m-[0m) Grad_T = [92m2.073e-03[0m/[0m7.803e-03[0m (rms/max) E (change) = -837.9184467868 ([0m-7.364e-04[0m) Quality = [0m1.069[0m
Hessian Eigenvalues: 3.55219e-04 8.45037e-04 2.58573e-03 ... 3.06311e+00 4.84926e+00 8.57014e+00
Step  203 : Displace = [0m2.306e-02[0m/[0m8.619e-02[0m (rms/max) Trust = 2.126e-02 ([92m+[0m) Grad_T = [0m3.696e-03[0m/[0m1.703e-02[0m (rms/max) E (change) = -837.9187867636 ([0m-3.400e-04[0m) Quality = [0m1.008[0m
Hessian Eigenvalues: 3.87213e-04 8.09328e-04 2.83944e-03 ... 3.05317e+00 4.70964e+00 9.05632e+00
Step  204 : Displace = [0m2.031e-02[0m/[0m4.882e-02[0m (rms/max) Trust = 3.006e-02 ([92m+[0m) Grad_T = [92m2.917e-03[0m/[0m1.315e-02[0m (rms/max) E (change) = -837.9193101439 ([0m-5.234e-04[0m) Quality = [0m1.436[0m
Hessian Eigenvalues: 2.75214e-04 8.87742e-04 2.78684e-03 ... 3.08758e+00 4.76094e+00 8.46277e+00
Step  205 : Displace = [0m4.338e-02[0m/[0m1.078e-01[0m (rms/max) Trust = 4.251e-02 ([92m+[0m) Grad_T = [0m3.754e-03[0m/[0m1.611e-02[0m (rms/max) E (change) = -837.9199432388 ([0m-6.331e-04[0m) Quality = [0m1.118[0m
Hessian Eigenvalues: 4.70727e-04 8.84362e-04 2.75927e-03 ... 3.12581e+00 4.79920e+00 8.25905e+00
Step  206 : Displace = [0m3.510e-02[0m/[0m6.926e-02[0m (rms/max) Trust = 6.012e-02 ([92m+[0m) Grad_T = [0m6.247e-03[0m/[0m2.531e-02[0m (rms/max) E (change) = -837.9184916245 ([91m+1.452e-03[0m) Quality = [91m-1.573[0m
[93mRejecting step - quality is lower than -1.0[0m
Hessian Eigenvalues: 4.70727e-04 8.84362e-04 2.75927e-03 ... 3.12581e+00 4.79920e+00 8.25905e+00
Step  207 : Displace = [0m1.703e-02[0m/[0m4.198e-02[0m (rms/max) Trust = 1.755e-02 ([1;91mx[0m) Grad_T = [0m3.980e-03[0m/[0m1.463e-02[0m (rms/max) E (change) = -837.9196863936 ([91m+2.568e-04[0m) Quality = [91m-0.324[0m
Hessian Eigenvalues: 4.65753e-04 9.02995e-04 2.82466e-03 ... 3.12780e+00 4.78444e+00 8.13806e+00
Step  208 : Displace = [92m9.139e-03[0m/[0m3.226e-02[0m (rms/max) Trust = 8.517e-03 ([91m-[0m) Grad_T = [92m2.006e-03[0m/[0m6.137e-03[0m (rms/max) E (change) = -837.9205306501 ([0m-8.443e-04[0m) Quality = [0m1.086[0m
Hessian Eigenvalues: 4.63648e-04 9.04843e-04 2.83454e-03 ... 3.12185e+00 4.70072e+00 8.07442e+00
Step  209 : Displace = [0m1.278e-02[0m/[0m4.400e-02[0m (rms/max) Trust = 1.204e-02 ([92m+[0m) Grad_T = [92m2.226e-03[0m/[0m8.624e-03[0m (rms/max) E (change) = -837.9208981711 ([0m-3.675e-04[0m) Quality = [0m1.174[0m
Hessian Eigenvalues: 4.71259e-04 8.96863e-04 2.96661e-03 ... 3.12835e+00 4.36962e+00 7.94163e+00
Step  210 : Displace = [0m1.744e-02[0m/[0m6.616e-02[0m (rms/max) Trust = 1.703e-02 ([92m+[0m) Grad_T = [0m3.045e-03[0m/[0m1.405e-02[0m (rms/max) E (change) = -837.9213387183 ([0m-4.405e-04[0m) Quality = [0m1.146[0m
Hessian Eigenvalues: 5.27350e-04 8.07582e-04 2.65440e-03 ... 3.12790e+00 4.26091e+00 7.83909e+00
Step  211 : Displace = [0m2.565e-02[0m/[0m5.870e-02[0m (rms/max) Trust = 2.409e-02 ([92m+[0m) Grad_T = [0m3.028e-03[0m/[0m1.382e-02[0m (rms/max) E (change) = -837.9219659475 ([0m-6.272e-04[0m) Quality = [0m1.115[0m
Hessian Eigenvalues: 5.19030e-04 7.86632e-04 2.62696e-03 ... 3.13244e+00 4.28587e+00 7.88598e+00
Step  212 : Displace = [0m1.652e-02[0m/[0m5.352e-02[0m (rms/max) Trust = 3.407e-02 ([92m+[0m) Grad_T = [92m2.048e-03[0m/[0m8.766e-03[0m (rms/max) E (change) = -837.9225459480 ([0m-5.800e-04[0m) Quality = [0m1.322[0m
Hessian Eigenvalues: 5.05744e-04 7.57581e-04 2.34050e-03 ... 3.13129e+00 4.29273e+00 7.89335e+00
Step  213 : Displace = [0m1.808e-02[0m/[0m3.796e-02[0m (rms/max) Trust = 4.818e-02 ([92m+[0m) Grad_T = [92m1.472e-03[0m/[92m5.020e-03[0m (rms/max) E (change) = -837.9228090297 ([0m-2.631e-04[0m) Quality = [0m0.825[0m
Hessian Eigenvalues: 4.34006e-04 7.42208e-04 2.13284e-03 ... 3.13326e+00 4.28734e+00 7.90231e+00
Step  214 : Displace = [0m2.213e-02[0m/[0m6.437e-02[0m (rms/max) Trust = 6.813e-02 ([92m+[0m) Grad_T = [92m1.653e-03[0m/[92m5.887e-03[0m (rms/max) E (change) = -837.9227155689 ([91m+9.346e-05[0m) Quality = [91m-0.568[0m
Hessian Eigenvalues: 6.38912e-04 8.27515e-04 2.49125e-03 ... 3.15658e+00 4.29553e+00 7.88805e+00
Step  215 : Displace = [0m1.110e-02[0m/[0m3.143e-02[0m (rms/max) Trust = 1.107e-02 ([91m-[0m) Grad_T = [92m8.292e-04[0m/[92m2.614e-03[0m (rms/max) E (change) = -837.9229228207 ([0m-2.073e-04[0m) Quality = [0m0.839[0m
Hessian Eigenvalues: 6.25086e-04 8.45474e-04 2.65968e-03 ... 3.11727e+00 4.30175e+00 7.88368e+00
Step  216 : Displace = [92m8.658e-03[0m/[92m1.462e-02[0m (rms/max) Trust = 1.565e-02 ([92m+[0m) Grad_T = [92m8.119e-04[0m/[92m1.881e-03[0m (rms/max) E (change) = -837.9229421584 ([0m-1.934e-05[0m) Quality = [0m0.253[0m
Hessian Eigenvalues: 7.63605e-04 8.62301e-04 2.67209e-03 ... 3.15509e+00 4.34589e+00 7.88541e+00
Step  217 : Displace = [92m3.911e-03[0m/[92m9.054e-03[0m (rms/max) Trust = 1.565e-02 (=) Grad_T = [92m4.679e-04[0m/[92m1.414e-03[0m (rms/max) E (change) = -837.9229951745 ([0m-5.302e-05[0m) Quality = [0m1.193[0m
Hessian Eigenvalues: 7.62093e-04 8.52169e-04 2.69224e-03 ... 3.09214e+00 4.28707e+00 7.89349e+00
Step  218 : Displace = [92m2.247e-03[0m/[92m5.440e-03[0m (rms/max) Trust = 2.213e-02 ([92m+[0m) Grad_T = [92m3.466e-04[0m/[92m1.271e-03[0m (rms/max) E (change) = -837.9230144501 ([0m-1.928e-05[0m) Quality = [0m1.445[0m
Hessian Eigenvalues: 7.38749e-04 8.99195e-04 2.65114e-03 ... 3.07844e+00 4.34095e+00 7.92093e+00
Step  219 : Displace = [92m3.045e-03[0m/[92m7.065e-03[0m (rms/max) Trust = 3.130e-02 ([92m+[0m) Grad_T = [92m3.040e-04[0m/[92m1.102e-03[0m (rms/max) E (change) = -837.9230303304 ([0m-1.588e-05[0m) Quality = [0m1.298[0m
Hessian Eigenvalues: 7.70958e-04 8.97215e-04 2.51310e-03 ... 3.07797e+00 4.40475e+00 7.91573e+00
Step  220 : Displace = [92m1.880e-03[0m/[92m6.271e-03[0m (rms/max) Trust = 4.426e-02 ([92m+[0m) Grad_T = [92m2.686e-04[0m/[92m9.626e-04[0m (rms/max) E (change) = -837.9230385037 ([92m-8.173e-06[0m) Quality = [0m1.527[0m
Hessian Eigenvalues: 7.70958e-04 8.97215e-04 2.51310e-03 ... 3.07797e+00 4.40475e+00 7.91573e+00
Converged! =D

    #==========================================================================#
    #| If this code has benefited your research, please support us by citing: |#
    #|                                                                        |#
    #| Wang, L.-P.; Song, C.C. (2016) "Geometry optimization made simple with |#
    #| translation and rotation coordinates", J. Chem, Phys. 144, 214108.     |#
    #| http://dx.doi.org/10.1063/1.4952956                                    |#
    #==========================================================================#
    Time elapsed since start of run_optimizer: 11478.338 seconds
