geometric-optimize called with the following command line:
relax_higherK.py K6_aforce run

                                        [91m())))))))))))))))/[0m                     
                                    [91m())))))))))))))))))))))))),[0m                
                                [91m*)))))))))))))))))))))))))))))))))[0m             
                        [94m#,[0m    [91m()))))))))/[0m                [91m.)))))))))),[0m          
                      [94m#%%%%,[0m  [91m())))))[0m                        [91m.))))))))*[0m        
                      [94m*%%%%%%,[0m  [91m))[0m              [93m..[0m              [91m,))))))).[0m      
                        [94m*%%%%%%,[0m         [93m***************/.[0m        [91m.)))))))[0m     
                [94m#%%/[0m      [94m(%%%%%%,[0m    [93m/*********************.[0m       [91m)))))))[0m    
              [94m.%%%%%%#[0m      [94m*%%%%%%,[0m  [93m*******/,[0m     [93m**********,[0m      [91m.))))))[0m   
                [94m.%%%%%%/[0m      [94m*%%%%%%,[0m  [93m**[0m              [93m********[0m      [91m.))))))[0m  
          [94m##[0m      [94m.%%%%%%/[0m      [94m(%%%%%%,[0m                  [93m,******[0m      [91m/)))))[0m  
        [94m%%%%%%[0m      [94m.%%%%%%#[0m      [94m*%%%%%%,[0m    [92m,/////.[0m       [93m******[0m      [91m))))))[0m 
      [94m#%[0m      [94m%%[0m      [94m.%%%%%%/[0m      [94m*%%%%%%,[0m  [92m////////,[0m      [93m*****/[0m     [91m,)))))[0m 
    [94m#%%[0m  [94m%%%[0m  [94m%%%#[0m      [94m.%%%%%%/[0m      [94m(%%%%%%,[0m  [92m///////.[0m     [93m/*****[0m      [91m))))).[0m
  [94m#%%%%.[0m      [94m%%%%%#[0m      [94m/%%%%%%*[0m      [94m#%%%%%%[0m   [92m/////)[0m     [93m******[0m      [91m))))),[0m
    [94m#%%%%##%[0m  [94m%%%#[0m      [94m.%%%%%%/[0m      [94m(%%%%%%,[0m  [92m///////.[0m     [93m/*****[0m      [91m))))).[0m
      [94m##[0m     [94m%%%[0m      [94m.%%%%%%/[0m      [94m*%%%%%%,[0m  [92m////////.[0m      [93m*****/[0m     [91m,)))))[0m 
        [94m#%%%%#[0m      [94m/%%%%%%/[0m      [94m(%%%%%%[0m      [92m/)/)//[0m       [93m******[0m      [91m))))))[0m 
          [94m##[0m      [94m.%%%%%%/[0m      [94m(%%%%%%,[0m                  [93m*******[0m      [91m))))))[0m  
                [94m.%%%%%%/[0m      [94m*%%%%%%,[0m  [93m**.[0m             [93m/*******[0m      [91m.))))))[0m  
              [94m*%%%%%%/[0m      [94m(%%%%%%[0m   [93m********/*..,*/*********[0m       [91m*))))))[0m   
                [94m#%%/[0m      [94m(%%%%%%,[0m    [93m*********************/[0m        [91m)))))))[0m    
                        [94m*%%%%%%,[0m         [93m,**************/[0m         [91m,))))))/[0m     
                      [94m(%%%%%%[0m   [91m()[0m                              [91m))))))))[0m       
                      [94m#%%%%,[0m  [91m())))))[0m                        [91m,)))))))),[0m        
                        [94m#,[0m    [91m())))))))))[0m                [91m,)))))))))).[0m          
                                 [91m()))))))))))))))))))))))))))))))/[0m             
                                    [91m())))))))))))))))))))))))).[0m                
                                         [91m())))))))))))))),[0m                     

-=# [1;94m geomeTRIC started. Version: 1.1.1 [0m #=-
Current date and time: 2026-07-28 08:58:41
#========================================================#
#| [92m    Arguments passed to driver run_optimizer():     [0m |#
#========================================================#
bothre                    0.0 
constraints               constraints.txt 
convergence_cmax          0.01 
convergence_dmax          0.015 
convergence_drms          0.01 
convergence_energy        1e-05 
convergence_gmax          0.006 
convergence_grms          0.003 
coordsys                  hdlc 
customengine              <ash.interfaces.interface_geometric_new.ASHengineclass object at 0x14cf3796ed10> 
input                     dummyinputname 
irc                       False 
logIni                    /home/18660916/envs/ash/lib/python3.11/site-packages/ash/log.ini 
maxiter                   400 
prefix                    geometric_OPTtraj 
rigid                     False 
subfrctor                 1 
transition                False 
verbose                   0 
----------------------------------------------------------
Custom engine selected.
$freeze
xyz 25
xyz 26
xyz 27
xyz 28
xyz 29
xyz 30
xyz 31
xyz 32
xyz 33
xyz 34
xyz 35
xyz 36
xyz 37
xyz 38
xyz 39
xyz 40
xyz 41
xyz 42
xyz 43
xyz 44
xyz 45
xyz 46
xyz 47
xyz 48
xyz 49
xyz 50
xyz 51
xyz 52
xyz 53
xyz 54
xyz 55
xyz 56
xyz 57
xyz 58
xyz 59
xyz 60
xyz 61
xyz 62
xyz 63
xyz 64
xyz 65
xyz 66
Bonds will be generated from interatomic distances less than 1.20 times sum of covalent radii
198 internal coordinates being used (instead of 198 Cartesians)
<class 'geometric.internal.CartesianX'> : 66
<class 'geometric.internal.CartesianY'> : 66
<class 'geometric.internal.CartesianZ'> : 66
<class 'geometric.internal.Distance'> : 87
<class 'geometric.internal.Angle'> : 105
<class 'geometric.internal.OutOfPlane'> : 290
<class 'geometric.internal.Dihedral'> : 512
Constraint                         Current      Target       Diff.
Cartesian-X 25                    61.34690    61.34690     0.00000
Cartesian-Y 25                    37.08200    37.08200     0.00000
Cartesian-Z 25                    59.61740    59.61740     0.00000
Cartesian-X 26                    61.49748    61.49748     0.00000
Cartesian-Y 26                    37.46722    37.46722     0.00000
Cartesian-Z 26                    58.35335    58.35335     0.00000
Cartesian-X 27                    61.18696    61.18696     0.00000
Cartesian-Y 27                    38.12972    38.12972     0.00000
Cartesian-Z 27                    59.04960    59.04960     0.00000
Cartesian-X 28                    61.69365    61.69365     0.00000
Cartesian-Y 28                    36.51218    36.51218     0.00000
Cartesian-Z 28                    58.61701    58.61701     0.00000
Cartesian-X 29                    60.93800    60.93800     0.00000
Cartesian-Y 29                    37.95440    37.95440     0.00000
Cartesian-Z 29                    60.53425    60.53425     0.00000
Cartesian-X 30                    61.13417    61.13417     0.00000
Cartesian-Y 30                    36.99937    36.99937     0.00000
Cartesian-Z 30                    60.79792    60.79792     0.00000
Cartesian-X 31                    61.05235    61.05235     0.00000
Cartesian-Y 31                    38.24694    38.24694     0.00000
Cartesian-Z 31                    59.57433    59.57433     0.00000
Cartesian-X 32                    61.60522    61.60522     0.00000
Cartesian-Y 32                    35.82438    35.82438     0.00000
Cartesian-Z 32                    59.96460    59.96460     0.00000
Cartesian-X 33                    61.71957    61.71957     0.00000
Cartesian-Y 33                    36.11691    36.11691     0.00000
Cartesian-Z 33                    59.00468    59.00468     0.00000
Cartesian-X 34                    61.29470    61.29470     0.00000
Cartesian-Y 34                    36.48688    36.48688     0.00000
Cartesian-Z 34                    60.66086    60.66086     0.00000
Cartesian-X 35                    59.04380    59.04380     0.00000
Cartesian-Y 35                    30.76110    30.76110     0.00000
Cartesian-Z 35                    49.83820    49.83820     0.00000
Cartesian-X 36                    60.22763    60.22763     0.00000
Cartesian-Y 36                    30.82288    30.82288     0.00000
Cartesian-Z 36                    49.44166    49.44166     0.00000
Cartesian-X 37                    58.33252    58.33252     0.00000
Cartesian-Y 37                    29.73372    29.73372     0.00000
Cartesian-Z 37                    49.87076    49.87076     0.00000
Cartesian-X 38                    58.58582    58.58582     0.00000
Cartesian-Y 38                    31.69695    31.69695     0.00000
Cartesian-Z 38                    50.19096    50.19096     0.00000
Cartesian-X 39                    62.38720    62.38720     0.00000
Cartesian-Y 39                    28.69680    28.69680     0.00000
Cartesian-Z 39                    53.61720    53.61720     0.00000
Cartesian-X 40                    63.57102    63.57102     0.00000
Cartesian-Y 40                    28.75858    28.75858     0.00000
Cartesian-Z 40                    53.22066    53.22066     0.00000
Cartesian-X 41                    61.67592    61.67592     0.00000
Cartesian-Y 41                    27.66942    27.66942     0.00000
Cartesian-Z 41                    53.64976    53.64976     0.00000
Cartesian-X 42                    61.92922    61.92922     0.00000
Cartesian-Y 42                    29.63265    29.63265     0.00000
Cartesian-Z 42                    53.96996    53.96996     0.00000
Cartesian-X 43                    64.47490    64.47490     0.00000
Cartesian-Y 43                    32.89690    32.89690     0.00000
Cartesian-Z 43                    51.58640    51.58640     0.00000
Cartesian-X 44                    65.65873    65.65873     0.00000
Cartesian-Y 44                    32.95868    32.95868     0.00000
Cartesian-Z 44                    51.18986    51.18986     0.00000
Cartesian-X 45                    63.76362    63.76362     0.00000
Cartesian-Y 45                    31.86952    31.86952     0.00000
Cartesian-Z 45                    51.61896    51.61896     0.00000
Cartesian-X 46                    64.01692    64.01692     0.00000
Cartesian-Y 46                    33.83275    33.83275     0.00000
Cartesian-Z 46                    51.93916    51.93916     0.00000
Cartesian-X 47                    55.33790    55.33790     0.00000
Cartesian-Y 47                    33.73470    33.73470     0.00000
Cartesian-Z 47                    59.83180    59.83180     0.00000
Cartesian-X 48                    55.48848    55.48848     0.00000
Cartesian-Y 48                    34.11992    34.11992     0.00000
Cartesian-Z 48                    58.56775    58.56775     0.00000
Cartesian-X 49                    55.17796    55.17796     0.00000
Cartesian-Y 49                    34.78242    34.78242     0.00000
Cartesian-Z 49                    59.26400    59.26400     0.00000
Cartesian-X 50                    55.68465    55.68465     0.00000
Cartesian-Y 50                    33.16488    33.16488     0.00000
Cartesian-Z 50                    58.83141    58.83141     0.00000
Cartesian-X 51                    54.92900    54.92900     0.00000
Cartesian-Y 51                    34.60710    34.60710     0.00000
Cartesian-Z 51                    60.74865    60.74865     0.00000
Cartesian-X 52                    55.12517    55.12517     0.00000
Cartesian-Y 52                    33.65207    33.65207     0.00000
Cartesian-Z 52                    61.01232    61.01232     0.00000
Cartesian-X 53                    55.04335    55.04335     0.00000
Cartesian-Y 53                    34.89964    34.89964     0.00000
Cartesian-Z 53                    59.78873    59.78873     0.00000
Cartesian-X 54                    55.59622    55.59622     0.00000
Cartesian-Y 54                    32.47708    32.47708     0.00000
Cartesian-Z 54                    60.17900    60.17900     0.00000
Cartesian-X 55                    55.71057    55.71057     0.00000
Cartesian-Y 55                    32.76961    32.76961     0.00000
Cartesian-Z 55                    59.21908    59.21908     0.00000
Cartesian-X 56                    55.28570    55.28570     0.00000
Cartesian-Y 56                    33.13958    33.13958     0.00000
Cartesian-Z 56                    60.87526    60.87526     0.00000
Cartesian-X 57                    59.64430    59.64430     0.00000
Cartesian-Y 57                    31.49730    31.49730     0.00000
Cartesian-Z 57                    60.26190    60.26190     0.00000
Cartesian-X 58                    59.79488    59.79488     0.00000
Cartesian-Y 58                    31.88252    31.88252     0.00000
Cartesian-Z 58                    58.99785    58.99785     0.00000
Cartesian-X 59                    59.48436    59.48436     0.00000
Cartesian-Y 59                    32.54502    32.54502     0.00000
Cartesian-Z 59                    59.69410    59.69410     0.00000
Cartesian-X 60                    59.99105    59.99105     0.00000
Cartesian-Y 60                    30.92748    30.92748     0.00000
Cartesian-Z 60                    59.26151    59.26151     0.00000
Cartesian-X 61                    59.23540    59.23540     0.00000
Cartesian-Y 61                    32.36970    32.36970     0.00000
Cartesian-Z 61                    61.17875    61.17875     0.00000
Cartesian-X 62                    59.43157    59.43157     0.00000
Cartesian-Y 62                    31.41467    31.41467     0.00000
Cartesian-Z 62                    61.44242    61.44242     0.00000
Cartesian-X 63                    59.34975    59.34975     0.00000
Cartesian-Y 63                    32.66224    32.66224     0.00000
Cartesian-Z 63                    60.21883    60.21883     0.00000
Cartesian-X 64                    59.90262    59.90262     0.00000
Cartesian-Y 64                    30.23968    30.23968     0.00000
Cartesian-Z 64                    60.60910    60.60910     0.00000
Cartesian-X 65                    60.01697    60.01697     0.00000
Cartesian-Y 65                    30.53221    30.53221     0.00000
Cartesian-Z 65                    59.64918    59.64918     0.00000
Cartesian-X 66                    59.59210    59.59210     0.00000
Cartesian-Y 66                    30.90218    30.90218     0.00000
Cartesian-Z 66                    61.30536    61.30536     0.00000
> ===== Optimization Info: ====
> Job type: Energy minimization
> Maximum number of optimization cycles: 400
> Initial / maximum trust radius (Angstrom): 0.100 / 0.300
> Convergence Criteria:
> Will converge when all 5 criteria are reached:
>  |Delta-E| < 1.00e-05
>  RMS-Ortho-Grad < 3.00e-03
>  Max-Ortho-Grad < 6.00e-03
>  RMS-Disp  < 1.00e-02
>  Max-Disp  < 1.50e-02
> 
> Constraints are requested. The following criterion is added:
>  Max Constraint Violation (in Angstroms/degrees) < 1.00e-02 
> === End Optimization Info ===
ashpath: /home/18660916/envs/ash/lib/python3.11/site-packages/ash
Sys path: ['/home/18660916/envs/ash/lib/python3.11/site-packages/ash', '/home/18660916/system_development/phase2b_charge_design/05b_optimise_realism/step3_higherK', '/home/18660916/envs/ash/lib/python311.zip', '/home/18660916/envs/ash/lib/python3.11', '/home/18660916/envs/ash/lib/python3.11/lib-dynload', '/home/18660916/envs/ash/lib/python3.11/site-packages']
--------------------------------------------------------------------------------
--------------------------------------------------------------------------------
                                           ASH                                            
                              A MULTISCALE MODELLING PROGRAM                              
                                        Version: 0.9dev                                        
                               Git commit version: Unknown                                
--------------------------------------------------------------------------------
--------------------------------------------------------------------------------
ASH path: /home/18660916/envs/ash/lib/python3.11/site-packages/ash
Python version: 3.11.15
Python interpreter: /home/18660916/envs/ash/bin/python3

ASH Settings after reading defaults and ~/ash_user_settings.ini : 
See https://ash.readthedocs.io/en/latest/basics.html#ash-settings on how to change settings.
	 debugflag :  False
	 load_julia :  False
	 julia_library :  pythoncall
	 use_ANSI_color :  False
	 print_logo :  False
	 print_input :  True
	 scale :  1.0
	 tol :  0.1
	 conndepth :  10
	 connectivity_code :  julia
	 nonbondedMM_code :  julia
	 print_exit_footer :  True
	 print_full_timings :  True

Note: ASH can use ANSI escape sequences for displaying color. Use e.g. less -R to display
To turn on/off escape sequences, set: 'use_ANSI_color = False' in
~/ash_user_settings.ini

Input script: /home/18660916/system_development/phase2b_charge_design/05b_optimise_realism/step3_higherK/relax_higherK.py
================================================================================
   > import sys, openmm
   > from ash import Fragment, ORCATheory, OpenMMTheory, QMMMTheory, Optimizer
   > 
   > # Step 3 higher-K (PLAN + CHARGE_PLACEMENT_EXCLUDED_VOLUME): relax a K6/K10 preorganised design and
   > # measure relaxed C1-C6. Tests whether MORE charges (toward the GOCAT 5/10/20 regime) recover the
   > # near-attack geometry that a K=2 pair could not (a_pot 5.28, a_force 4.06). Surrogate-sized placement
   > # (min_dist 4.7), verified clash-free. Guanidinium(+1)/formate(-1) MM surrogates; QM substrate -2.
   > #
   > # Usage: relax_higherK.py <name>            -> dry run
   > #        relax_higherK.py <name> run        -> real
   > #   <name> in {K6_apot,K6_aforce,K10_apot,K10_aforce}; reads <name>_coords.xyz + <name>_charges.txt
   > 
   > name = sys.argv[1]
   > RUN  = (len(sys.argv) > 2 and sys.argv[2] == "run")
   > ORCADIR = "/home/apps2/ORCA/6.0.1"
   > 
   > coords = "\n".join(open("%s_coords.xyz"%name).read().splitlines()[2:])   # strip count+comment
   > mmcharges = [float(x) for x in open("%s_charges.txt"%name).read().split(",")]
   > frag = Fragment(coordsstring=coords, charge=-2, mult=1)
   > nmm = frag.numatoms - 24
   > print(">> %s: %d atoms (24 QM + %d MM), MM net %+.2f, QM -2" % (name,frag.numatoms,nmm,sum(mmcharges)))
   > assert len(mmcharges)==frag.numatoms, "charge/atom count mismatch"
   > 
   > qmatoms=list(range(24))
   > LJ={"C":(3.40,0.086),"N":(3.25,0.170),"O":(2.96,0.210),"H":(1.06,0.016)}
   > els=[a.split()[0] for a in coords.strip().split("\n")]
   > 
   > orca=ORCATheory(orcadir=ORCADIR,
   >     orcasimpleinput="! B3LYP D3BJ def2-SVP def2/J RIJCOSX CPCM TightSCF",
   >     orcablocks="%cpcm epsilon 4.0 end\n%scf MaxIter 300 Guess PModel end",
   >     numcores=8, autostart=False)
   > mm=OpenMMTheory(fragment=frag, dummysystem=True, platform="CPU", numcores=1,
   >                 autoconstraints=None, rigidwater=False)
   > 
   > lj=openmm.CustomBondForce("4*eps*((sig/r)^12 - (sig/r)^6)")
   > lj.addPerBondParameter("sig"); lj.addPerBondParameter("eps"); lj.setUsesPeriodicBoundaryConditions(False)
   > ang=openmm.unit.angstrom; kcal=openmm.unit.kilocalorie_per_mole; npair=0
   > for i in range(24):
   >     si,ei=LJ[els[i]]
   >     for j in range(24,frag.numatoms):
   >         sj,ej=LJ[els[j]]
   >         sig=((si+sj)/2*ang).value_in_unit(openmm.unit.nanometer)
   >         eps=(((ei*ej)**0.5)*kcal).value_in_unit(openmm.unit.kilojoule_per_mole)
   >         lj.addBond(i,j,[sig,eps]); npair+=1
   > lj.setForceGroup(11); mm.system.addForce(lj)
   > print(">> QM-MM LJ pairs: %d"%npair)
   > 
   > qmmm=QMMMTheory(qm_theory=orca, mm_theory=mm, fragment=frag, qmatoms=qmatoms,
   >                 charges=mmcharges, embedding="elstat", qm_charge=-2, qm_mult=1, numcores=8)
   > FROZEN=list(range(24,frag.numatoms))
   > CONV={"convergence_energy":1e-5,"convergence_grms":3.0e-3,"convergence_gmax":6.0e-3,
   >       "convergence_drms":1.0e-2,"convergence_dmax":1.5e-2}
   > if not RUN:
   >     print("\n=== DRY RUN OK — %s: %d LJ pairs, QM -2, MM %+.0f, %d frozen. ===" % (name,npair,sum(mmcharges),len(FROZEN)))
   >     sys.exit(0)
   > Optimizer(theory=qmmm, fragment=frag, coordsystem="hdlc", frozenatoms=FROZEN,
   >           maxiter=400, conv_criteria=CONV, charge=-2, mult=1)
   > frag.write_xyzfile("%s_relaxed.xyz"%name)
   > print(">> DONE -> %s_relaxed.xyz"%name)
================================================================================ 


--------------------------------------------------------------------------------
                                New ASH fragment                                
--------------------------------------------------------------------------------

ASH Fragment creation
Getting coordinates from string: C     60.111938    34.383969    57.210132
H     60.607199    33.429939    57.384609
H     60.724693    35.271818    57.059193
C     58.780577    34.503532    57.151958
C     58.092182    35.834261    56.893354
O     58.812467    36.818218    56.578789
O     56.839549    35.848917    57.009617
O     57.934615    33.426403    57.345998
C     57.676936    32.537732    56.200806
H     57.019017    31.763769    56.624072
C     58.986487    31.961840    55.793172
H     59.463930    31.242983    56.460496
C     59.683105    32.482671    54.768151
C     59.064321    33.483709    53.893179
H     59.702361    33.904544    53.110969
C     57.781253    33.865659    54.031533
H     57.332181    34.602354    53.356629
C     56.889799    33.271093    55.086182
H     56.347190    34.090648    55.585880
O     55.962863    32.397707    54.434668
H     55.310845    32.109527    55.092770
C     61.123200    32.062126    54.534208
O     61.784962    31.702328    55.543381
O     61.541071    32.106513    53.352738
C     61.346900    37.082000    59.617400
N     61.497477    37.467220    58.353346
H     61.186960    38.129722    59.049600
H     61.693646    36.512182    58.617013
N     60.938001    37.954404    60.534249
H     61.134170    36.999366    60.797916
H     61.052349    38.246940    59.574328
N     61.605221    35.824376    59.964605
H     61.719570    36.116911    59.004684
H     61.294704    36.486878    60.660859
C     59.043800    30.761100    49.838200
O     60.227625    30.822876    49.441663
O     58.332516    29.733717    49.870759
H     58.585821    31.696950    50.190961
C     62.387200    28.696800    53.617200
O     63.571025    28.758576    53.220663
O     61.675916    27.669417    53.649759
H     61.929221    29.632650    53.969961
C     64.474900    32.896900    51.586400
O     65.658725    32.958676    51.189863
O     63.763616    31.869517    51.618959
H     64.016921    33.832750    51.939161
C     55.337900    33.734700    59.831800
N     55.488477    34.119920    58.567746
H     55.177960    34.782422    59.264000
H     55.684646    33.164882    58.831413
N     54.929001    34.607104    60.748649
H     55.125170    33.652066    61.012316
H     55.043349    34.899640    59.788728
N     55.596221    32.477076    60.179005
H     55.710570    32.769611    59.219084
H     55.285704    33.139578    60.875259
C     59.644300    31.497300    60.261900
N     59.794877    31.882520    58.997846
H     59.484360    32.545022    59.694100
H     59.991046    30.927482    59.261513
N     59.235401    32.369704    61.178749
H     59.431570    31.414666    61.442416
H     59.349749    32.662240    60.218828
N     59.902621    30.239676    60.609105
H     60.016970    30.532211    59.649184
H     59.592104    30.902178    61.305359
Creating/Updating fragment attributes...
Number of Atoms in fragment: 66
Formula: C16O12H29N9
Label: CHHCCOOOCHCHCCHCHCHOHCOOCNHHNHHNHHCOOHCOOHCOOHCNHHNHHNHHCNHHNHHNHH
Charge: -2 Mult: 1

--------------------------------------------------------------------------------
>> K6_aforce: 66 atoms (24 QM + 42 MM), MM net -0.00, QM -2


                     #####################################                      
                     #                                   #                      
                     #     ORCATheory initialization     #                      
                     #                                   #                      
                     #####################################                      
Checking for ORCA location
 Using orcadir path provided: /home/apps2/ORCA/6.0.1 
Checking if ORCA binary works... yes 
ORCA parallel job requested with numcores: 8 . Make sure that the correct OpenMPI version (for the ORCA version) is available in your environment
OpenMPI binary directory found: /apps/openmpi/4.1.1/bin
Testing that mpirun is executable... yes 
OpenMPI version (mpirun -V): mpirun (Open MPI) 4.1.1

Report bugs to http://www.open-mpi.org/community/help/

bind_to_core_option: True

Creating ORCA object
ORCA dir: /home/apps2/ORCA/6.0.1
! B3LYP D3BJ def2-SVP def2/J RIJCOSX CPCM TightSCF
%cpcm epsilon 4.0 end
%scf MaxIter 300 Guess PModel end

ORCATheory object created!


                           #########################                            
                           #                       #                            
                           #     OpenMM Theory     #                            
                           #                       #                            
                           #########################                            
OpenMM CPU threads set to: 1
Imported OpenMM library version: 8.5.2

--------------------------------------------------------------------------------
                             Defining OpenMM object                             
--------------------------------------------------------------------------------

Printlevel: 2
No automatic constraints
AutoConstraint setting: None
Rigidwater constraints: False
Hydrogenmass option: 1.5 Da
Using platform: CPU

--------------------------------------------------------------------------------
                            Setting up force fields.                            
--------------------------------------------------------------------------------

Note: OpenMM will fail in this step if parameters are missing in topology and
      parameter files (e.g. nonbonded entries).

Defining new basic single-chain, multi-residue topology
Inside write_xmlfile_nonbonded
Wrote XML-file: dummy.xml
residueTemplates: {}
System is non-periodic.
nonbonded noPBC Method is: NoCutoff
Nonbonded cutoff : 20 Angstrom

----------------------
OpenMM system created.
----------------------
OpenMM Forces defined: [<openmm.openmm.NonbondedForce; proxy of <Swig Object of type 'OpenMM::NonbondedForce *' at 0x14cf37c7fa70> >, <openmm.openmm.CMMotionRemover; proxy of <Swig Object of type 'OpenMM::CMMotionRemover *' at 0x14cf37c7f530> >]

Setting charges
Number of atoms in OpenMM system: 66

System constraints defined upon system creation: 0
Use printlevel =>3 to see list of all constraints

----------------------------------------------------------------------------
Time to calculate step (OpenMM object creation): 0.184 seconds, 0.0 minutes.
----------------------------------------------------------------------------
>> QM-MM LJ pairs: 1008


                            ########################                            
                            #                      #                            
                            #     QM/MM Theory     #                            
                            #                      #                            
                            ########################                            
QM-theory: ORCATheory
MM-theory: OpenMMTheory
All atoms in fragment: 66
QM region (24 atoms): [0, 1, 2, 3, 4, 5, 6, 7, 8, 9, 10, 11, 12, 13, 14, 15, 16, 17, 18, 19, 20, 21, 22, 23]
MM region (42 atoms)
QM/MM object selected to use 8 cores
Embedding: elstat
Reading in charges
Updating charges in OpenMM object.
Updating simulation object for modified Nonbonded force.

--------------------------------------------------------------------
Time to calculate step (update_charges): 0.001 seconds, 0.0 minutes.
--------------------------------------------------------------------
QM-region coordinates (before linkatoms):
   0    C  60.11193800   34.38396900   57.21013200
   1    H  60.60719900   33.42993900   57.38460900
   2    H  60.72469300   35.27181800   57.05919300
   3    C  58.78057700   34.50353200   57.15195800
   4    C  58.09218200   35.83426100   56.89335400
   5    O  58.81246700   36.81821800   56.57878900
   6    O  56.83954900   35.84891700   57.00961700
   7    O  57.93461500   33.42640300   57.34599800
   8    C  57.67693600   32.53773200   56.20080600
   9    H  57.01901700   31.76376900   56.62407200
  10    C  58.98648700   31.96184000   55.79317200
  11    H  59.46393000   31.24298300   56.46049600
  12    C  59.68310500   32.48267100   54.76815100
  13    C  59.06432100   33.48370900   53.89317900
  14    H  59.70236100   33.90454400   53.11096900
  15    C  57.78125300   33.86565900   54.03153300
  16    H  57.33218100   34.60235400   53.35662900
  17    C  56.88979900   33.27109300   55.08618200
  18    H  56.34719000   34.09064800   55.58588000
  19    O  55.96286300   32.39770700   54.43466800
  20    H  55.31084500   32.10952700   55.09277000
  21    C  61.12320000   32.06212600   54.53420800
  22    O  61.78496200   31.70232800   55.54338100
  23    O  61.54107100   32.10651300   53.35273800

Determining QM-MM/HL-LL boundary
Parameters determing connectivity:
Scaling factor: 1.0
Tolerance: 0.30000000000000004
QM atoms: [0, 1, 2, 3, 4, 5, 6, 7, 8, 9, 10, 11, 12, 13, 14, 15, 16, 17, 18, 19, 20, 21, 22, 23]
QM atoms to be excluded from boundary creation (excludeboundaryatomlist):  []
QM-MM boundary dictionary: {}

------------------------------------------------------------------------
Time to calculate step (get_boundary_atoms): 0.001 seconds, 0.0 minutes.
------------------------------------------------------------------------
No covalent QM-MM boundary. Linkatoms and dipole_correction options set to False
Removing constraints in OpenMM object for atoms: [0, 1, 2, 3, 4, 5, 6, 7, 8, 9, 10, 11, 12, 13, 14, 15, 16, 17, 18, 19, 20, 21, 22, 23]
Removing bonded terms for QM-region in MMtheory
Modifying bonded forces.


Number of bonded terms removed:
Harmonic Bond terms: 0
Harmonic Angle terms: 0
Periodic Torsion terms: 0
Custom Torsion terms: 0
CMAP Torsion terms: 0
CustomBond terms 0


--------------------------------------------------------------------------
Time to calculate step (modify_bonded_forces): 0.001 seconds, 0.0 minutes.
--------------------------------------------------------------------------
Removing nonbonded terms for QM-region in MMtheory (QM-QM interactions)
Add exceptions/exclusions. Removing i-j interactions for list: 24 atoms
Case Nonbondedforce. Adding Exception for ij pair.
Number of exceptions (Nonbondedforce) added: 276
Number of exclusions (CustomNonbondedforce) added: 0

--------------------------------------------------------------------
Time to calculate step (add exceptions): 0.001 seconds, 0.0 minutes.
--------------------------------------------------------------------
Charges of QM atoms set to 0 (since Electrostatic Embedding):
Setting QM charges to Zero

-------------------------------------------------------------------
Time to calculate step (ZeroQMCharges): 0.000 seconds, 0.0 minutes.
-------------------------------------------------------------------
Updating charges in OpenMM object.
Updating simulation object for modified Nonbonded force.

--------------------------------------------------------------------
Time to calculate step (update_charges): 0.000 seconds, 0.0 minutes.
--------------------------------------------------------------------
Deleting Coulombexceptions for atomlist: [0, 1, 2, 3, 4, 5, 6, 7, 8, 9, 10, 11, 12, 13, 14, 15, 16, 17, 18, 19, 20, 21, 22, 23]

-----------------------------------------------------------------------
Time to calculate step (delete_exceptions): 0.002 seconds, 0.0 minutes.
-----------------------------------------------------------------------


---------------------------------------------------------------------------
Time to calculate step (QM/MM object creation): 0.030 seconds, 0.0 minutes.
---------------------------------------------------------------------------


                 #############################################                  
                 #                                           #                  
                 #     geomeTRICOptimizer initialization     #                  
                 #                                           #                  
                 #############################################                  
Creating optimizer object
User-defined convergence criteria:
Theory is not periodic
Printlevel: 2
Coordinate system:  hdlc
Max iterations:  400
Frozen atoms: [24, 25, 26, 27, 28, 29, 30, 31, 32, 33, 34, 35, 36, 37, 38, 39, 40, 41, 42, 43, 44, 45, 46, 47, 48, 49, 50, 51, 52, 53, 54, 55, 56, 57, 58, 59, 60, 61, 62, 63, 64, 65]
Active Region: False
TS Optimization: False
Hessian Option: None
Convergence criteria: {'convergence_energy': 1e-05, 'convergence_grms': 0.003, 'convergence_gmax': 0.006, 'convergence_drms': 0.01, 'convergence_dmax': 0.015, 'convergence_cmax': 0.01}


--------------------------------------------------------------------------------
                            Running geomeTRIC object                            
--------------------------------------------------------------------------------

 
Doing geometry optimization on fragment. Formula: C16O12H29N9 Label: CHHCCOOOCHCHCCHCHCHOHCOOCNHHNHHNHHCOOHCOOHCOOHCNHHNHHNHHCNHHNHHNHH  
No constraints provided to run method.
Testing if constraints present in optimizer object
No constraints in optimizer object.
Now testing if constraints in fragment object 
No constraints in fragment object.

Constraints:  None
constrainvalue:  False
Inside define_constraints
Constraints: None
Inside write_constraintsfile
Writing frozen atom constraints
Wrote XYZ file:  initialxyzfiletric.xyz
No Hessian option provided.
self.constraintsfile: constraints.txt
Convergence criteria: {'convergence_energy': 1e-05, 'convergence_grms': 0.003, 'convergence_gmax': 0.006, 'convergence_drms': 0.01, 'convergence_dmax': 0.015, 'convergence_cmax': 0.01}
Hessian option: None
Coordinate system: hdlc
Starting optimization

-------------------------------------------------------------------------------------
Time to calculate step (Time spent before run_optimizer): 2.284 seconds, 0.0 minutes.
-------------------------------------------------------------------------------------
geometric called detect_dft option option for ASHengineclass.

Convergence criteria: {'convergence_energy': 1e-05, 'convergence_grms': 0.003, 'convergence_gmax': 0.006, 'convergence_drms': 0.01, 'convergence_dmax': 0.015, 'convergence_cmax': 0.01}

Replacing coordinates in fragment.
Creating/Updating fragment attributes...
Number of Atoms in fragment: 66
Formula: C16O12H29N9
Label: CHHCCOOOCHCHCCHCHCHOHCOOCNHHNHHNHHCOOHCOOHCOOHCNHHNHHNHHCNHHNHHNHH
Charge: -2 Mult: 1

--------------------------------------------------------------------------------
Wrote XYZ file:  Fragment-currentgeo.xyz
Current geometry (Å) in step 0 (print_atoms_list region)
---------------------------------------------------
        C  60.11193800   34.38396900   57.21013200
        H  60.60719900   33.42993900   57.38460900
        H  60.72469300   35.27181800   57.05919300
        C  58.78057700   34.50353200   57.15195800
        C  58.09218200   35.83426100   56.89335400
        O  58.81246700   36.81821800   56.57878900
        O  56.83954900   35.84891700   57.00961700
        O  57.93461500   33.42640300   57.34599800
        C  57.67693600   32.53773200   56.20080600
        H  57.01901700   31.76376900   56.62407200
        C  58.98648700   31.96184000   55.79317200
        H  59.46393000   31.24298300   56.46049600
        C  59.68310500   32.48267100   54.76815100
        C  59.06432100   33.48370900   53.89317900
        H  59.70236100   33.90454400   53.11096900
        C  57.78125300   33.86565900   54.03153300
        H  57.33218100   34.60235400   53.35662900
        C  56.88979900   33.27109300   55.08618200
        H  56.34719000   34.09064800   55.58588000
        O  55.96286300   32.39770700   54.43466800
        H  55.31084500   32.10952700   55.09277000
        C  61.12320000   32.06212600   54.53420800
        O  61.78496200   31.70232800   55.54338100
        O  61.54107100   32.10651300   53.35273800
        C  61.34690000   37.08200000   59.61740000
        N  61.49747700   37.46722000   58.35334600
        H  61.18696000   38.12972200   59.04960000
        H  61.69364600   36.51218200   58.61701300
        N  60.93800100   37.95440400   60.53424900
        H  61.13417000   36.99936600   60.79791600
        H  61.05234900   38.24694000   59.57432800
        N  61.60522100   35.82437600   59.96460500
        H  61.71957000   36.11691100   59.00468400
        H  61.29470400   36.48687800   60.66085900
        C  59.04380000   30.76110000   49.83820000
        O  60.22762500   30.82287600   49.44166300
        O  58.33251600   29.73371700   49.87075900
        H  58.58582100   31.69695000   50.19096100
        C  62.38720000   28.69680000   53.61720000
        O  63.57102500   28.75857600   53.22066300
        O  61.67591600   27.66941700   53.64975900
        H  61.92922100   29.63265000   53.96996100
        C  64.47490000   32.89690000   51.58640000
        O  65.65872500   32.95867600   51.18986300
        O  63.76361600   31.86951700   51.61895900
        H  64.01692100   33.83275000   51.93916100
        C  55.33790000   33.73470000   59.83180000
        N  55.48847700   34.11992000   58.56774600
        H  55.17796000   34.78242200   59.26400000
        H  55.68464600   33.16488200   58.83141300
        N  54.92900100   34.60710400   60.74864900
        H  55.12517000   33.65206600   61.01231600
        H  55.04334900   34.89964000   59.78872800
        N  55.59622100   32.47707600   60.17900500
        H  55.71057000   32.76961100   59.21908400
        H  55.28570400   33.13957800   60.87525900
        C  59.64430000   31.49730000   60.26190000
        N  59.79487700   31.88252000   58.99784600
        H  59.48436000   32.54502200   59.69410000
        H  59.99104600   30.92748200   59.26151300
        N  59.23540100   32.36970400   61.17874900
        H  59.43157000   31.41466600   61.44241600
        H  59.34974900   32.66224000   60.21882800
        N  59.90262100   30.23967600   60.60910500
        H  60.01697000   30.53221100   59.64918400
        H  59.59210400   30.90217800   61.30535900

Note: printed only print_atoms_list (this is not necessarily all atoms) 
  ------------RUNNING QM/MM MODULE------------- 
QM Module: ORCATheory
MM Module: OpenMMTheory
Charge provided from QMMMTheory object:  -2
Mult provided from QMMMTheory object:  1
QM-region Charge: -2 Mult: 1
Embedding: Electrostatic
First QMMMTheory run. Running runprep
Inside QMMMTheory runprep

-------------------------------------------------------------
Time to calculate step (runprep): 0.000 seconds, 0.0 minutes.
-------------------------------------------------------------
Number of pointcharges (to QM program): 42
Number of charge coordinates: 42
Running QM/MM object with 8 cores available

-------------------------------------------------------------------
Time to calculate step (before-QMstep): 0.000 seconds, 0.0 minutes.
-------------------------------------------------------------------
  ------------RUNNING ORCA INTERFACE------------- 
Object-label: ORCA
Run-label: None
Running ORCA with 8 cores available
Moreadfile option not active
No orca.gbw file is present in dir.
Checking if a file orca.gbw exists in parentdir:
Found no file. ORCA will guess new orbitals
Creating inputfile: orca.inp
ORCA input:
! B3LYP D3BJ def2-SVP def2/J RIJCOSX CPCM TightSCF

! Noautostart


%cpcm epsilon 4.0 end
%scf MaxIter 300 Guess PModel end
Charge: -2  Mult: 1
Pointcharge embedding is on!
 ORCA Calculation starting. 
Found possible error messages in ORCA outputfile:
ORCA finished by error termination in LEANSCF
 Error MatrixLife: cannot recover matrix(orca.C0.tmp). res=1--------------------------------------------------------------------------
   .... aborting the run

Found warning messages in ORCA outputfile:
WARNING: The chosen methods will break translational/rotational symmetry
 WARNING: The chosen methods will break translational symmetry
 WARNING: The chosen methods will break translational symmetry

 ORCA Calculation done. 
 Problem with ORCA run 
  ------------ENDING ORCA-INTERFACE------------- 

---------------------------------------------------------------
Time to calculate step (ORCA run): 31.366 seconds, 0.5 minutes.
---------------------------------------------------------------
 ASH exiting with code: 1 


--------------------------------------------------------------------------------
                          Total timings of all modules                          
--------------------------------------------------------------------------------

To turn off timing output add to settings file: ~/ash_user_settings.ini
print_full_timings = False   

Modulename                                   Time (sec) Percentage of total     Times called
----------------------------------------------------------------------------------------------------
Theory-run modules
------------------------------
Time spent before run_optimizer                    2.28       6.4                   1
before-QMstep                                      0.00       0.0                   1
ORCA run                                          31.37      88.0                   1

Object creation
------------------------------
OpenMM object creation                             0.18       0.5                   1
QM/MM object creation                              0.03       0.1                   1
runprep                                            0.00       0.0                   1

Other modules
------------------------------
update_charges                                     0.00       0.0                   2
get_boundary_atoms                                 0.00       0.0                   1
modify_bonded_forces                               0.00       0.0                   1
add exceptions                                     0.00       0.0                   1
ZeroQMCharges                                      0.00       0.0                   1
delete_exceptions                                  0.00       0.0                   1


Sum of all moduletimes (flawed)                   33.87
Total walltime                                    35.66     100.0

 ------------------------------------------------------------------- 
 ASH Total Walltime: 35.7 seconds, 0.6 minutes. 
 ------------------------------------------------------------------- 
